11-27 17:17:42.583 29901 29955 I eme:pushservic:   at java.lang.Class java.lang.ClassLoader.loadClass(java.lang.String) (ClassLoader.java:312)
11-27 17:17:42.583 29901 29955 I eme:pushservic:   at com.taobao.accs.b com.taobao.accs.ACCSManager.createAccsInstance(android.content.Context, java.lang.String) (SourceFile:33619968)
11-27 17:17:42.583 29901 29955 I eme:pushservic:   at com.taobao.accs.b com.taobao.accs.ACCSManager.getAccsInstance(android.content.Context, java.lang.String, java.lang.String) (SourceFile:50659397)
11-27 17:17:42.583 29901 29955 I eme:pushservic:   at void com.taobao.agoo.TaobaoRegister.register(android.content.Context, java.lang.String, java.lang.String, java.lang.String, java.lang.String, com.taobao.agoo.IRegister) (SourceFile:101056633)
11-27 17:17:42.583 29901 29955 I eme:pushservic:   at void com.taobao.agoo.TaobaoRegister.register(android.content.Context, java.lang.String, java.lang.String, java.lang.String, com.taobao.agoo.IRegister) (SourceFile:84082697)
11-27 17:17:42.583 29901 29955 I eme:pushservic:   at void com.umeng.message.PushAgent$2.run() (SourceFile:327751)
11-27 17:17:42.583 29901 29955 I eme:pushservic:   at java.lang.Object java.util.concurrent.Executors$RunnableAdapter.call() (Executors.java:458)
11-27 17:17:42.583 29901 29955 I eme:pushservic:   at void java.util.concurrent.FutureTask.run() (FutureTask.java:266)
11-27 17:17:42.583 29901 29955 I eme:pushservic:   at void java.util.concurrent.ScheduledThreadPoolExecutor$ScheduledFutureTask.run() (ScheduledThreadPoolExecutor.java:301)
11-27 17:17:42.583 29901 29955 I eme:pushservic:   at void java.util.concurrent.ThreadPoolExecutor.runWorker(java.util.concurrent.ThreadPoolExecutor$Worker) (ThreadPoolExecutor.java:1167)
11-27 17:17:42.583 29901 29955 I eme:pushservic:   at void java.util.concurrent.ThreadPoolExecutor$Worker.run() (ThreadPoolExecutor.java:641)
11-27 17:17:42.583 29901 29955 I eme:pushservic:   at void java.lang.Thread.run() (Thread.java:764)
11-27 17:17:42.583 29901 29955 I eme:pushservic: 
11-27 17:17:42.584 29901 29955 I eme:pushservic: Rejecting re-init on previously-failed class java.lang.Class<com.taobao.accs.utl.h$a>: java.lang.NoClassDefFoundError: Failed resolution of: Lcom/taobao/orange/OrangeConfigListenerV1;
11-27 17:17:42.584 29901 29955 I eme:pushservic:   at com.taobao.accs.b com.taobao.accs.ACCSManager.createAccsInstance(android.content.Context, java.lang.String) (SourceFile:33619968)
11-27 17:17:42.584 29901 29955 I eme:pushservic:   at com.taobao.accs.b com.taobao.accs.ACCSManager.getAccsInstance(android.content.Context, java.lang.String, java.lang.String) (SourceFile:50659397)
11-27 17:17:42.584 29901 29955 I eme:pushservic:   at void com.taobao.agoo.TaobaoRegister.register(android.content.Context, java.lang.String, java.lang.String, java.lang.String, java.lang.String, com.taobao.agoo.IRegister) (SourceFile:101056633)
11-27 17:17:42.584 29901 29955 I eme:pushservic:   at void com.taobao.agoo.TaobaoRegister.register(android.content.Context, java.lang.String, java.lang.String, java.lang.String, com.taobao.agoo.IRegister) (SourceFile:84082697)
11-27 17:17:42.584 29901 29955 I eme:pushservic:   at void com.umeng.message.PushAgent$2.run() (SourceFile:327751)
11-27 17:17:42.584 29901 29955 I eme:pushservic:   at java.lang.Object java.util.concurrent.Executors$RunnableAdapter.call() (Executors.java:458)
11-27 17:17:42.584 29901 29955 I eme:pushservic:   at void java.util.concurrent.FutureTask.run() (FutureTask.java:266)
11-27 17:17:42.584 29901 29955 I eme:pushservic:   at void java.util.concurrent.ScheduledThreadPoolExecutor$ScheduledFutureTask.run() (ScheduledThreadPoolExecutor.java:301)
11-27 17:17:42.584 29901 29955 I eme:pushservic:   at void java.util.concurrent.ThreadPoolExecutor.runWorker(java.util.concurrent.ThreadPoolExecutor$Worker) (ThreadPoolExecutor.java:1167)
11-27 17:17:42.584 29901 29955 I eme:pushservic:   at void java.util.concurrent.ThreadPoolExecutor$Worker.run() (ThreadPoolExecutor.java:641)
11-27 17:17:42.584 29901 29955 I eme:pushservic:   at void java.lang.Thread.run() (Thread.java:764)
11-27 17:17:42.584 29901 29955 I eme:pushservic: Caused by: java.lang.ClassNotFoundException: Didn't find class "com.taobao.orange.OrangeConfigListenerV1" on path: DexPathList[[zip file "/system/framework/org.apache.http.legacy.boot.jar", zip file "/data/app/com.ss.android.ugc.aweme-M6CGAHhjsC5iGfbZZk7G0Q==/base.apk"],nativeLibraryDirectories=[/data/app/com.ss.android.ugc.aweme-M6CGAHhjsC5iGfbZZk7G0Q==/lib/arm, /data/app/com.ss.android.ugc.aweme-M6CGAHhjsC5iGfbZZk7G0Q==/base.apk!/lib/armeabi-v7a, /system/lib]]
11-27 17:17:42.584 29901 29955 I eme:pushservic:   at java.lang.Class dalvik.system.BaseDexClassLoader.findClass(java.lang.String) (BaseDexClassLoader.java:134)
11-27 17:17:42.584 29901 29955 I eme:pushservic:   at java.lang.Class java.lang.ClassLoader.loadClass(java.lang.String, boolean) (ClassLoader.java:379)
11-27 17:17:42.584 29901 29955 I eme:pushservic:   at java.lang.Class java.lang.ClassLoader.loadClass(java.lang.String) (ClassLoader.java:312)
11-27 17:17:42.584 29901 29955 I eme:pushservic:   at com.taobao.accs.b com.taobao.accs.ACCSManager.createAccsInstance(android.content.Context, java.lang.String) (SourceFile:33619968)
11-27 17:17:42.584 29901 29955 I eme:pushservic:   at com.taobao.accs.b com.taobao.accs.ACCSManager.getAccsInstance(android.content.Context, java.lang.String, java.lang.String) (SourceFile:50659397)
11-27 17:17:42.584 29901 29955 I eme:pushservic:   at void com.taobao.agoo.TaobaoRegister.register(android.content.Context, java.lang.String, java.lang.String, java.lang.String, java.lang.String, com.taobao.agoo.IRegister) (SourceFile:101056633)
11-27 17:17:42.584 29901 29955 I eme:pushservic:   at void com.taobao.agoo.TaobaoRegister.register(android.content.Context, java.lang.String, java.lang.String, java.lang.String, com.taobao.agoo.IRegister) (SourceFile:84082697)
11-27 17:17:42.584 29901 29955 I eme:pushservic:   at void com.umeng.message.PushAgent$2.run() (SourceFile:327751)
11-27 17:17:42.584 29901 29955 I eme:pushservic:   at java.lang.Object java.util.concurrent.Executors$RunnableAdapter.call() (Executors.java:458)
11-27 17:17:42.584 29901 29955 I eme:pushservic:   at void java.util.concurrent.FutureTask.run() (FutureTask.java:266)
11-27 17:17:42.584 29901 29955 I eme:pushservic:   at void java.util.concurrent.ScheduledThreadPoolExecutor$ScheduledFutureTask.run() (ScheduledThreadPoolExecutor.java:301)
11-27 17:17:42.584 29901 29955 I eme:pushservic:   at void java.util.concurrent.ThreadPoolExecutor.runWorker(java.util.concurrent.ThreadPoolExecutor$Worker) (ThreadPoolExecutor.java:1167)
11-27 17:17:42.584 29901 29955 I eme:pushservic:   at void java.util.concurrent.ThreadPoolExecutor$Worker.run() (ThreadPoolExecutor.java:641)
11-27 17:17:42.584 29901 29955 I eme:pushservic:   at void java.lang.Thread.run() (Thread.java:764)
11-27 17:17:42.584 29901 29955 I eme:pushservic: 
11-27 17:17:42.584 29901 29955 I eme:pushservic: Rejecting re-init on previously-failed class java.lang.Class<com.taobao.accs.utl.h$a>: java.lang.NoClassDefFoundError: Failed resolution of: Lcom/taobao/orange/OrangeConfigListenerV1;
11-27 17:17:42.584 29901 29955 I eme:pushservic:   at com.taobao.accs.b com.taobao.accs.ACCSManager.createAccsInstance(android.content.Context, java.lang.String) (SourceFile:33619968)
11-27 17:17:42.584 29901 29955 I eme:pushservic:   at com.taobao.accs.b com.taobao.accs.ACCSManager.getAccsInstance(android.content.Context, java.lang.String, java.lang.String) (SourceFile:50659397)
11-27 17:17:42.584 29901 29955 I eme:pushservic:   at void com.taobao.agoo.TaobaoRegister.register(android.content.Context, java.lang.String, java.lang.String, java.lang.String, java.lang.String, com.taobao.agoo.IRegister) (SourceFile:101056633)
11-27 17:17:42.584 29901 29955 I eme:pushservic:   at void com.taobao.agoo.TaobaoRegister.register(android.content.Context, java.lang.String, java.lang.String, java.lang.String, com.taobao.agoo.IRegister) (SourceFile:84082697)
11-27 17:17:42.584 29901 29955 I eme:pushservic:   at void com.umeng.message.PushAgent$2.run() (SourceFile:327751)
11-27 17:17:42.584 29901 29955 I eme:pushservic:   at java.lang.Object java.util.concurrent.Executors$RunnableAdapter.call() (Executors.java:458)
11-27 17:17:42.584 29901 29955 I eme:pushservic:   at void java.util.concurrent.FutureTask.run() (FutureTask.java:266)
11-27 17:17:42.584 29901 29955 I eme:pushservic:   at void java.util.concurrent.ScheduledThreadPoolExecutor$ScheduledFutureTask.run() (ScheduledThreadPoolExecutor.java:301)
11-27 17:17:42.584 29901 29955 I eme:pushservic:   at void java.util.concurrent.ThreadPoolExecutor.runWorker(java.util.concurrent.ThreadPoolExecutor$Worker) (ThreadPoolExecutor.java:1167)
11-27 17:17:42.584 29901 29955 I eme:pushservic:   at void java.util.concurrent.ThreadPoolExecutor$Worker.run() (ThreadPoolExecutor.java:641)
11-27 17:17:42.585 29901 29955 I eme:pushservic:   at void java.lang.Thread.run() (Thread.java:764)
11-27 17:17:42.585 29901 29955 I eme:pushservic: Caused by: java.lang.ClassNotFoundException: Didn't find class "com.taobao.orange.OrangeConfigListenerV1" on path: DexPathList[[zip file "/system/framework/org.apache.http.legacy.boot.jar", zip file "/data/app/com.ss.android.ugc.aweme-M6CGAHhjsC5iGfbZZk7G0Q==/base.apk"],nativeLibraryDirectories=[/data/app/com.ss.android.ugc.aweme-M6CGAHhjsC5iGfbZZk7G0Q==/lib/arm, /data/app/com.ss.android.ugc.aweme-M6CGAHhjsC5iGfbZZk7G0Q==/base.apk!/lib/armeabi-v7a, /system/lib]]
11-27 17:17:42.585 29901 29955 I eme:pushservic:   at java.lang.Class dalvik.system.BaseDexClassLoader.findClass(java.lang.String) (BaseDexClassLoader.java:134)
11-27 17:17:42.585 29901 29955 I eme:pushservic:   at java.lang.Class java.lang.ClassLoader.loadClass(java.lang.String, boolean) (ClassLoader.java:379)
11-27 17:17:42.585 29901 29955 I eme:pushservic:   at java.lang.Class java.lang.ClassLoader.loadClass(java.lang.String) (ClassLoader.java:312)
11-27 17:17:42.585 29901 29955 I eme:pushservic:   at com.taobao.accs.b com.taobao.accs.ACCSManager.createAccsInstance(android.content.Context, java.lang.String) (SourceFile:33619968)
11-27 17:17:42.585 29901 29955 I eme:pushservic:   at com.taobao.accs.b com.taobao.accs.ACCSManager.getAccsInstance(android.content.Context, java.lang.String, java.lang.String) (SourceFile:50659397)
11-27 17:17:42.585 29901 29955 I eme:pushservic:   at void com.taobao.agoo.TaobaoRegister.register(android.content.Context, java.lang.String, java.lang.String, java.lang.String, java.lang.String, com.taobao.agoo.IRegister) (SourceFile:101056633)
11-27 17:17:42.585 29901 29955 I eme:pushservic:   at void com.taobao.agoo.TaobaoRegister.register(android.content.Context, java.lang.String, java.lang.String, java.lang.String, com.taobao.agoo.IRegister) (SourceFile:84082697)
11-27 17:17:42.585 29901 29955 I eme:pushservic:   at void com.umeng.message.PushAgent$2.run() (SourceFile:327751)
11-27 17:17:42.585 29901 29955 I eme:pushservic:   at java.lang.Object java.util.concurrent.Executors$RunnableAdapter.call() (Executors.java:458)
11-27 17:17:42.585 29901 29955 I eme:pushservic:   at void java.util.concurrent.FutureTask.run() (FutureTask.java:266)
11-27 17:17:42.585 29901 29955 I eme:pushservic:   at void java.util.concurrent.ScheduledThreadPoolExecutor$ScheduledFutureTask.run() (ScheduledThreadPoolExecutor.java:301)
11-27 17:17:42.585 29901 29955 I eme:pushservic:   at void java.util.concurrent.ThreadPoolExecutor.runWorker(java.util.concurrent.ThreadPoolExecutor$Worker) (ThreadPoolExecutor.java:1167)
11-27 17:17:42.585 29901 29955 I eme:pushservic:   at void java.util.concurrent.ThreadPoolExecutor$Worker.run() (ThreadPoolExecutor.java:641)
11-27 17:17:42.585 29901 29955 I eme:pushservic:   at void java.lang.Thread.run() (Thread.java:764)
11-27 17:17:42.585 29901 29955 I eme:pushservic: 
11-27 17:17:42.590 29901 29946 D NetworkSecurityConfig: Using Network Security Config from resource d debugBuild: false
11-27 17:17:42.639 29901 29953 I KEVA.NATIVE: chunk file enable aligned unfixed num=576, size=4096, before=1576, remain=630
11-27 17:17:42.640 29901 29953 I KEVA.NATIVE: chunk file enable aligned unfixed num=576, size=4096, before=1576, remain=630
11-27 17:17:42.649   885  2974 I ActivityManager: Killing 25486:com.kuaishou.nebula:pushservice/u0a139 (adj 1001): empty #31
11-27 17:17:42.650   885  1127 W libprocessgroup: kill(-25486, 9) failed: No such process
11-27 17:17:42.696   885  1127 W libprocessgroup: kill(-25486, 9) failed: No such process
11-27 17:17:42.708   885  4107 W ActivityManager: Scheduling restart of crashed service com.kuaishou.nebula/com.xiaomi.push.service.XMPushService in 1000ms
11-27 17:17:42.711   648   648 I Zygote  : Process 25486 exited due to signal (9)
11-27 17:17:42.730   885  1127 W libprocessgroup: kill(-25486, 9) failed: No such process
11-27 17:17:42.730   885  1127 I libprocessgroup: Successfully killed process cgroup uid 10139 pid 25486 in 80ms
11-27 17:17:43.746   885  1126 I ActivityManager: Start proc 29988:com.kuaishou.nebula:pushservice/u0a139 for service com.kuaishou.nebula/com.xiaomi.push.service.XMPushService
11-27 17:17:43.755 29988 29988 E ula:pushservic: Not starting debugger since process cannot load the jdwp agent.
11-27 17:17:43.788 29988 29988 W ula:pushservic: Can't mmap dex file /system/framework/org.apache.http.legacy.boot.jar!classes.dex directly; please zipalign to 4 bytes. Falling back to extracting file.
11-27 17:17:43.854 29988 29988 W ula:pushservic: resources.arsc in APK '/data/app/com.kuaishou.nebula-mFnEVJLXc45xAgKew7xDpA==/base.apk' is compressed.
11-27 17:17:44.124 29988 29988 I MMKV    : <native-bridge.cpp:83::JNI_OnLoad> current API level = 28
11-27 17:17:44.125 29988 29988 I MMKV    : <MMKV.cpp:192::initialize> page size:4096
11-27 17:17:44.125 29988 29988 I MMKV    : <MMKV.cpp:206::initializeMMKV> root dir: /data/user/0/com.kuaishou.nebula/files/mmkv
11-27 17:17:44.130 29988 29988 I MMKV    : <MMKV.cpp:330::loadFromFile> loading [nebula] with 170944 size in total, file size is 262144
11-27 17:17:44.130 29988 29988 I MMKV    : <MMKV.cpp:354::loadFromFile> loading [nebula] with crc 3566704353 sequence 17
11-27 17:17:44.151 29988 29988 I MMKV    : <MMKV.cpp:375::loadFromFile> loaded [nebula] with 646 values
11-27 17:17:44.170 29988 30027 W SQLiteCompatibilityWalFlags: Cannot read global setting sqlite_compatibility_wal_flags - Application state not available
11-27 17:17:44.190 29988 29988 W ula:pushservice: type=1400 audit(0.0:471531): avc: denied { read } for name="anr" dev="sda17" ino=6697729 scontext=u:r:untrusted_app_27:s0:c512,c768 tcontext=u:object_r:anr_data_file:s0 tclass=dir permissive=0
11-27 17:17:44.224 29988 29988 W System.err: java.lang.NoSuchFieldException: No field gDefault in class Landroid/app/ActivityManagerNative; (declaration of 'android.app.ActivityManagerNative' appears in /system/framework/framework.jar)
11-27 17:17:44.224 29988 29988 W System.err: 	at java.lang.Class.getDeclaredField(Native Method)
11-27 17:17:44.224 29988 29988 W System.err: 	at com.yxcorp.gifshow.activity.e.a(ActivityManagerHook.java:153)
11-27 17:17:44.224 29988 29988 W System.err: 	at com.yxcorp.gifshow.k.onCreate(KwaiApp.java:166)
11-27 17:17:44.224 29988 29988 W System.err: 	at java.lang.reflect.Method.invoke(Native Method)
11-27 17:17:44.224 29988 29988 W System.err: 	at com.kwai.hotfix.loader.app.TinkerApplication.onCreate(TinkerApplication.java:2189)
11-27 17:17:44.224 29988 29988 W System.err: 	at android.app.Instrumentation.callApplicationOnCreate(Instrumentation.java:1154)
11-27 17:17:44.224 29988 29988 W System.err: 	at android.app.ActivityThread.handleBindApplication(ActivityThread.java:5920)
11-27 17:17:44.224 29988 29988 W System.err: 	at android.app.ActivityThread.access$1100(ActivityThread.java:200)
11-27 17:17:44.224 29988 29988 W System.err: 	at android.app.ActivityThread$H.handleMessage(ActivityThread.java:1656)
11-27 17:17:44.224 29988 29988 W System.err: 	at android.os.Handler.dispatchMessage(Handler.java:106)
11-27 17:17:44.224 29988 29988 W System.err: 	at android.os.Looper.loop(Looper.java:193)
11-27 17:17:44.224 29988 29988 W System.err: 	at android.app.ActivityThread.main(ActivityThread.java:6718)
11-27 17:17:44.224 29988 29988 W System.err: 	at java.lang.reflect.Method.invoke(Native Method)
11-27 17:17:44.224 29988 29988 W System.err: 	at com.android.internal.os.RuntimeInit$MethodAndArgsCaller.run(RuntimeInit.java:493)
11-27 17:17:44.224 29988 29988 W System.err: 	at com.android.internal.os.ZygoteInit.main(ZygoteInit.java:858)
11-27 17:17:44.256 29988 30034 I MMKV    : <MMKV.cpp:330::loadFromFile> loading [com.kuaishou.nebula_abtest] with 25 size in total, file size is 4096
11-27 17:17:44.257 29988 30034 I MMKV    : <MMKV.cpp:354::loadFromFile> loading [com.kuaishou.nebula_abtest] with crc 2793003950 sequence 4
11-27 17:17:44.258 29988 30034 I MMKV    : <MMKV.cpp:375::loadFromFile> loaded [com.kuaishou.nebula_abtest] with 1 values
11-27 17:17:44.315 29988 30041 D NetworkSecurityConfig: Using Network Security Config from resource b debugBuild: false
11-27 17:17:44.393 29988 29988 W BuglyThread-1: type=1400 audit(0.0:471532): avc: denied { search } for name="usb" dev="sysfs" ino=55036 scontext=u:r:untrusted_app_27:s0:c512,c768 tcontext=u:object_r:sysfs_usb_supply:s0 tclass=dir permissive=0
11-27 17:17:44.393 29988 29988 W BuglyThread-1: type=1400 audit(0.0:471533): avc: denied { search } for name="battery" dev="sysfs" ino=55140 scontext=u:r:untrusted_app_27:s0:c512,c768 tcontext=u:object_r:sysfs_battery_supply:s0 tclass=dir permissive=0
11-27 17:17:44.426 29988 29988 I MMKV    : <MMKV.cpp:330::loadFromFile> loading [TEST_CONFIG] with 79 size in total, file size is 4096
11-27 17:17:44.426 29988 29988 I MMKV    : <MMKV.cpp:354::loadFromFile> loading [TEST_CONFIG] with crc 3424111423 sequence 2
11-27 17:17:44.426 29988 29988 I MMKV    : <MMKV.cpp:375::loadFromFile> loaded [TEST_CONFIG] with 4 values
11-27 17:17:44.431 29988 29988 I MMKV    : <MMKV.cpp:330::loadFromFile> loading [com.kuaishou.nebula_user_1572608288_abtest] with 1078 size in total, file size is 4096
11-27 17:17:44.431 29988 29988 I MMKV    : <MMKV.cpp:354::loadFromFile> loading [com.kuaishou.nebula_user_1572608288_abtest] with crc 649991627 sequence 85
11-27 17:17:44.431 29988 29988 I MMKV    : <MMKV.cpp:375::loadFromFile> loaded [com.kuaishou.nebula_user_1572608288_abtest] with 17 values
11-27 17:17:44.432 29988 29988 I MMKV    : <MMKV.cpp:330::loadFromFile> loading [com.kuaishou.nebula_device_abtest] with 1120 size in total, file size is 4096
11-27 17:17:44.432 29988 29988 I MMKV    : <MMKV.cpp:354::loadFromFile> loading [com.kuaishou.nebula_device_abtest] with crc 994229951 sequence 93
11-27 17:17:44.432 29988 29988 I MMKV    : <MMKV.cpp:375::loadFromFile> loaded [com.kuaishou.nebula_device_abtest] with 20 values
11-27 17:17:44.442 29988 29988 W kpg-log : JNI_OnLoad start
11-27 17:17:44.443 29988 29988 W kpg-log : JNI_OnLoad after register natives
11-27 17:17:44.471 29988 29988 I MMKV    : <MMKV.cpp:330::loadFromFile> loading [payment] with 1890 size in total, file size is 4096
11-27 17:17:44.472 29988 29988 I MMKV    : <MMKV.cpp:354::loadFromFile> loading [payment] with crc 1883937324 sequence 2
11-27 17:17:44.472 29988 29988 I MMKV    : <MMKV.cpp:375::loadFromFile> loaded [payment] with 6 values
11-27 17:17:44.569   885  1123 W BroadcastQueue: Background execution not allowed: receiving Intent { act=com.xiaomi.push.service_started flg=0x10 } to com.tencent.android.qqdownloader/com.tencent.kidprotect.BootReceiver
11-27 17:17:44.573   885  2063 I ActivityManager: Killing 27241:com.ss.android.article.video:push/u0a140 (adj 904): empty #31
11-27 17:17:44.574   885  1127 W libprocessgroup: kill(-27241, 9) failed: No such process
11-27 17:17:44.685   885  1127 I chatty  : uid=1000(system) ActivityManager identical 6 lines
11-27 17:17:44.692   885  1127 W libprocessgroup: kill(-27241, 9) failed: No such process
11-27 17:17:44.714   648   648 I Zygote  : Process 27241 exited due to signal (9)
11-27 17:17:44.722   885  1127 W libprocessgroup: kill(-27241, 9) failed: No such process
11-27 17:17:44.722   885  1127 I libprocessgroup: Successfully killed process cgroup uid 10140 pid 27241 in 148ms
11-27 17:17:44.793 29988 29988 W com.kuaishou.nebula:pushservice: type=1400 audit(0.0:471534): avc: denied { search } for comm=5468726561642D38202D2030 name="asound" dev="proc" ino=4026532069 scontext=u:r:untrusted_app_27:s0:c512,c768 tcontext=u:object_r:proc_asound:s0 tclass=dir permissive=0
11-27 17:17:44.793 29988 29988 W com.kuaishou.nebula:pushservice: type=1400 audit(0.0:471535): avc: denied { search } for comm=5468726561642D38202D2030 name="touchpanel" dev="proc" ino=4026533556 scontext=u:r:untrusted_app_27:s0:c512,c768 tcontext=u:object_r:proc_touchpanel:s0 tclass=dir permissive=0
11-27 17:17:44.830 29203 29528 I chatty  : uid=10110(com.tencent.android.qqdownloader) beacon-thread-2 expire 20 lines
11-27 17:17:44.834 29988 30039 E libc    : Access denied finding property "ro.serialno"
11-27 17:17:45.426  2054  2054 D QtiCarrierConfigHelper: WARNING, no carrier configs on phone Id: 0
11-27 17:17:45.763 29041 29435 I chatty  : uid=10110(com.tencent.android.qqdownloader) pool-1-temporar expire 150 lines
11-27 17:17:46.571  3612  3612 D LOGGER  : 
11-27 17:17:46.573  3612  3612 D LOGGER  :  save tempStep onFinish
11-27 17:17:46.573  3612  3612 D LOGGER  : 
11-27 17:17:47.376 29901 29915 I eme:pushservic: Waiting for a blocking GC ProfileSaver
11-27 17:17:47.403 29901 29915 I eme:pushservic: WaitForGcToComplete blocked ProfileSaver on AddRemoveAppImageSpace for 26.296ms
11-27 17:17:48.489   885  1864 W ActivityManager: Background start not allowed: service Intent { act=kwai.intent.action.PUSH cmp=com.kuaishou.nebula/com.yxcorp.gifshow.push.PushService } to com.kuaishou.nebula/com.yxcorp.gifshow.push.PushService from pid=29988 uid=10139 pkg=com.kuaishou.nebula startFg?=false
11-27 17:17:48.491 29988 30034 W System.err: java.lang.IllegalStateException: Not allowed to start service Intent { act=kwai.intent.action.PUSH cmp=com.kuaishou.nebula/com.yxcorp.gifshow.push.PushService }: app is in background uid UidRecord{9f6314f u0a139 CEM  bg:+5m20s744ms idle change:cached procs:3 seq(1024,1024,1024)}
11-27 17:17:48.492 29988 30034 W System.err: 	at android.app.ContextImpl.startServiceCommon(ContextImpl.java:1577)
11-27 17:17:48.492 29988 30034 W System.err: 	at android.app.ContextImpl.startService(ContextImpl.java:1532)
11-27 17:17:48.492 29988 30034 W System.err: 	at android.content.ContextWrapper.startService(ContextWrapper.java:664)
11-27 17:17:48.492 29988 30034 W System.err: 	at com.yxcorp.gifshow.push.q$1.a(PushSDKInitModule.java:51)
11-27 17:17:48.492 29988 30034 W System.err: 	at com.yxcorp.utility.c.c.run(SafeRunnable.java:16)
11-27 17:17:48.492 29988 30034 W System.err: 	at java.util.concurrent.Executors$RunnableAdapter.call(Executors.java:458)
11-27 17:17:48.492 29988 30034 W System.err: 	at java.util.concurrent.FutureTask.run(FutureTask.java:266)
11-27 17:17:48.492 29988 30034 W System.err: 	at java.util.concurrent.ThreadPoolExecutor.runWorker(ThreadPoolExecutor.java:1167)
11-27 17:17:48.492 29988 30034 W System.err: 	at java.util.concurrent.ThreadPoolExecutor$Worker.run(ThreadPoolExecutor.java:641)
11-27 17:17:48.492 29988 30034 W System.err: 	at com.yxcorp.utility.c.a$a.run(DefaultThreadFactory.java:46)
11-27 17:17:48.492 29988 30034 W System.err: 	at java.lang.Thread.run(Thread.java:764)
11-27 17:17:48.903 29988 30002 I ula:pushservic: Waiting for a blocking GC ProfileSaver
11-27 17:17:48.968 17595 18158 I TeaLog  : p worked:true 60000
11-27 17:17:49.239 17595 18158 D TeaLog  : queryEvent, {event, c, null, null, -, 1574844527009}, 0, 0
11-27 17:17:49.241 17595 18158 D TeaLog  : queryEvent, {eventv3, e, null, -, 1574844527009}, 0, 0
11-27 17:17:49.243 17595 18158 D TeaLog  : queryEvent, {event_misc, d, param:{} logType:, -, 1574844527010}, 0, 0
11-27 17:17:49.246 17595 18158 D TeaLog  : queryPack, 0, []
11-27 17:17:49.246 17595 18158 D TeaLog  : canSend false
11-27 17:17:49.252 17595 18158 I TeaLog  : s0 0
11-27 17:17:49.253 17595 18158 I TeaLog  : s worked:true 60000
11-27 17:17:51.612  2054  2054 D QtiCarrierConfigHelper: WARNING, no carrier configs on phone Id: 0
11-27 17:17:52.709   885  4107 D ConnectivityService: requestNetwork for uid/pid:10095/29901 NetworkRequest [ TRACK_DEFAULT id=4242, [ Capabilities: INTERNET&NOT_RESTRICTED&TRUSTED Unwanted:  Uid: 10095] ]
11-27 17:17:52.710   885  1442 D Ethernet: got request NetworkRequest [ TRACK_DEFAULT id=4242, [ Capabilities: INTERNET&NOT_RESTRICTED&TRUSTED Unwanted:  Uid: 10095] ] with score 60
11-27 17:17:52.710  2054  2054 D PhoneSwitcherNetworkRequstListener: got request NetworkRequest [ TRACK_DEFAULT id=4242, [ Capabilities: INTERNET&NOT_RESTRICTED&TRUSTED Unwanted:  Uid: 10095] ] with score 60
11-27 17:17:52.711   885  1362 D WIFI_UT : got request NetworkRequest [ TRACK_DEFAULT id=4242, [ Capabilities: INTERNET&NOT_RESTRICTED&TRUSTED Unwanted:  Uid: 10095] ] with score 60
11-27 17:17:52.711   885  1362 D WIFI    : got request NetworkRequest [ TRACK_DEFAULT id=4242, [ Capabilities: INTERNET&NOT_RESTRICTED&TRUSTED Unwanted:  Uid: 10095] ] with score 60
11-27 17:17:52.712  2035  2035 D QcrilMsgTunnelIfaceManager: handleMessage what = 1
11-27 17:17:52.714  2035  2035 I QcrilOemhookMsgTunnel: [0]invokeOemRilRequestRaw: serial=8235 length=24
11-27 17:17:52.716  2035  2252 I QcrilOemhookMsgTunnel: [0]processOemHookResponse serial no: 8235 error: 0length=0
11-27 17:17:52.716  2035  2035 D QcrilMsgTunnelIfaceManager: handleMessage what = 2
11-27 17:17:52.717  2035  2035 D QcrilMsgTunnelIfaceManager: handleMessage what = 1
11-27 17:17:52.719  2035  2035 I QcrilOemhookMsgTunnel: [1]invokeOemRilRequestRaw: serial=8236 length=24
11-27 17:17:52.719  2035  2252 I QcrilOemhookMsgTunnel: [0]processOemHookIndication length=28
11-27 17:17:52.719  2035  2252 I QcrilOemhookMsgTunnel: [0]Response ID in RIL_UNSOL_OEM_HOOK_RAW is 525388
11-27 17:17:52.720  2035  2035 D QcrilMsgTunnelIfaceManager: handleMessage what = 0
11-27 17:17:52.720  2035  2252 I QcrilOemhookMsgTunnel: [1]processOemHookResponse serial no: 8236 error: 0length=0
11-27 17:17:52.721  2035  2035 D QcrilMsgTunnelIfaceManager: handleMessage what = 2
11-27 17:17:52.722  2035  2252 I QcrilOemhookMsgTunnel: [1]processOemHookIndication length=28
11-27 17:17:52.722  2035  2252 I QcrilOemhookMsgTunnel: [1]Response ID in RIL_UNSOL_OEM_HOOK_RAW is 525388
11-27 17:17:52.722  2035  2035 D QcrilMsgTunnelIfaceManager: handleMessage what = 0
11-27 17:17:53.362 29001 29024 I chatty  : uid=10110(com.tencent.android.qqdownloader) pool-1-temporar expire 8 lines
11-27 17:17:53.365 29001 29023 I chatty  : uid=10110(com.tencent.android.qqdownloader) pool-1-temporar expire 8 lines
11-27 17:17:54.832  3612  3696 I TeaLog  : p worked:true 60000
11-27 17:17:54.835  3612  3696 I TeaLog  : s0 0
11-27 17:17:54.835  3612  3696 I TeaLog  : s worked:true 60000
11-27 17:17:55.839   921  1061 I ThermalEngine: Monitor : quiet_therm = 32598, msm_therm = 34460, xo_therm = 35104, battery_therm = 303,current_now = -404000 
11-27 17:17:56.202   885 29832 D DhcpClient: Received packet: 40:bc:60:77:bd:21 NAK, reason requested address not available
11-27 17:17:58.430  2054  2054 D QtiCarrierConfigHelper: WARNING, no carrier configs on phone Id: 0
11-27 17:17:59.064 29665 30085 D PlatformJobService: Run job, request{id=699, tag=ScribeFlushJob, transient=false}, waited 00:01:00, start 00:01:00, end 00:06:00
11-27 17:17:59.066 29665 30085 I JobExecutor: Executing request{id=699, tag=ScribeFlushJob, transient=false}, context PlatformJobService
11-27 17:17:59.074 29665 30086 I JobExecutor: Finished job{id=699, finished=true, result=SUCCESS, canceled=false, periodic=false, class=en0, tag=ScribeFlushJob}
11-27 17:17:59.078 29665 29734 I JobManager: Found pending job request{id=699, tag=ScribeFlushJob, transient=false}, canceling
11-27 17:17:59.079 29665 30085 D PlatformJobService: Finished job, request{id=699, tag=ScribeFlushJob, transient=false} SUCCESS
11-27 17:17:59.092 29665 29665 D PlatformJobService: Called onStopJob for job{id=699, finished=true, result=SUCCESS, canceled=false, periodic=false, class=en0, tag=ScribeFlushJob}
11-27 17:18:00.780   885  1123 W BroadcastQueue: Background execution not allowed: receiving Intent { act=miui.intent.action.NETWORK_CONNECTED flg=0x10 } to com.tencent.android.qqdownloader/com.tencent.kidprotect.BootReceiver
11-27 17:18:00.827   885  1275 W ActivityManager: Background start not allowed: service Intent { act=push_heart_beat flg=0x4 cmp=com.ss.android.article.lite/com.bytedance.frameworks.plugin.stub.RedirectService (has extras) } to com.ss.android.article.lite/com.bytedance.frameworks.plugin.stub.RedirectService from pid=-1 uid=10141 pkg=com.ss.android.article.lite startFg?=false
11-27 17:18:00.871   885  2082 W ActivityManager: Background start not allowed: service Intent { act=push_heart_beat cmp=com.ss.android.article.lite/com.ss.android.message.NotifyService (has extras) } to com.ss.android.article.lite/com.ss.android.message.NotifyService from pid=27456 uid=10141 pkg=com.ss.android.article.lite startFg?=false
11-27 17:18:01.578  3612  3612 D LOGGER  : 
11-27 17:18:01.579  3612  3612 D LOGGER  :  save tempStep onFinish
11-27 17:18:01.579  3612  3612 D LOGGER  : 
11-27 17:18:01.658 29041 29146 I chatty  : uid=10110(com.tencent.android.qqdownloader) beacon-thread-2 expire 20 lines
11-27 17:18:04.100   885  1123 W ActivityManager: Stopping service due to app idle: u0a156 -1m0s510ms com.tencent.qqlive/.module.push.PushService
11-27 17:18:04.110   885  2082 W ActivityManager: Background start not allowed: service Intent { cmp=com.tencent.qqlive/.module.push.PushService } to com.tencent.qqlive/.module.push.PushService from pid=8746 uid=10156 pkg=com.tencent.qqlive startFg?=false
11-27 17:18:04.149  8746 30094 E System  : Ignoring attempt to set property "java.net.preferIPv6Addresses" to value "false".
11-27 17:18:04.396  2054  2054 D QtiCarrierConfigHelper: WARNING, no carrier configs on phone Id: 0
11-27 17:18:10.589  2054  2054 D QtiCarrierConfigHelper: WARNING, no carrier configs on phone Id: 0
11-27 17:18:16.582  3612  3612 D LOGGER  : 
11-27 17:18:16.584  3612  3612 D LOGGER  :  save tempStep onFinish
11-27 17:18:16.584  3612  3612 D LOGGER  : 
11-27 17:18:17.443  2054  2054 D QtiCarrierConfigHelper: WARNING, no carrier configs on phone Id: 0
11-27 17:18:17.482   885  1126 I ActivityManager: Start proc 30103:com.google.android.apps.turbo/u0a46 for broadcast com.google.android.apps.turbo/.nudges.broadcasts.BatteryStatusChangedReceiver
11-27 17:18:17.492 30103 30103 E roid.apps.turb: Not starting debugger since process cannot load the jdwp agent.
11-27 17:18:17.530 30103 30103 W roid.apps.turb: Can't mmap dex file /system/framework/org.apache.http.legacy.boot.jar!classes.dex directly; please zipalign to 4 bytes. Falling back to extracting file.
11-27 17:18:17.570 30103 30103 W PrimesInit: Primes instant initialization
11-27 17:18:17.571 30103 30117 W Primes  : background initialization
11-27 17:18:17.596   885  1126 I ActivityManager: Start proc 30118:com.google.process.gservices/u0a22 for content provider com.google.android.gsf/.gservices.GservicesProvider
11-27 17:18:17.602 30118 30118 E ocess.gservice: Not starting debugger since process cannot load the jdwp agent.
11-27 17:18:17.639 30118 30118 W ocess.gservice: Can't mmap dex file /system/framework/org.apache.http.legacy.boot.jar!classes.dex directly; please zipalign to 4 bytes. Falling back to extracting file.
11-27 17:18:17.673 30118 30118 I GservicesProvider: Gservices pushing to system: true; secure/global: true
11-27 17:18:17.744 30103 30117 I PrimesTesting: GserviceFlagsSupplier.get()
11-27 17:18:17.758 30103 30137 W roid.apps.turb: Unsupported class loader
11-27 17:18:17.761 30103 30137 W roid.apps.turb: Skipping duplicate class check due to unsupported classloader
11-27 17:18:17.774 30103 30137 W DynamiteModule: Local module descriptor class for com.google.android.gms.crash not found.
11-27 17:18:17.781   885  4107 I ActivityManager: Killing 27943:com.cashtoutiao/u0a136 (adj 904): empty #31
11-27 17:18:17.783   885  4107 I ActivityManager: Killing 28039:com.android.chrome:sandboxed_process0/u0a136i397 (adj 904): empty #32
11-27 17:18:17.784   885  1127 W libprocessgroup: kill(-27943, 9) failed: No such process
11-27 17:18:17.805 30103 30137 I DynamiteLoaderV2: [71] Dynamitemodulesc
11-27 17:18:17.806 30103 30137 W roid.apps.turb: Unsupported class loader
11-27 17:18:17.808 30103 30137 W roid.apps.turb: Skipping duplicate class check due to unsupported classloader
11-27 17:18:17.814  1914  1914 I Zygote  : Process 28039 exited due to signal (9)
11-27 17:18:17.815   885  1864 W ActivityManager: Scheduling restart of crashed service com.cashtoutiao/org.chromium.content.app.SandboxedProcessService0 in 1000ms
11-27 17:18:17.824 30103 30137 I FirebaseCrashApiImpl: FirebaseCrashApiImpl created by ClassLoader w[DexPathList[[zip file "/data/user_de/0/com.google.android.gms/app_chimera/m/00000015/DynamiteModulesC.apk"],nativeLibraryDirectories=[/data/user_de/0/com.google.android.gms/app_chimera/m/00000015/DynamiteModulesC.apk!/lib/arm64-v8a, /system/lib64]]]
11-27 17:18:17.826   885  1127 W libprocessgroup: kill(-27943, 9) failed: No such process
11-27 17:18:17.832 30103 30138 I DynamiteModule: Considering local module com.google.android.gms.flags:3 and remote module com.google.android.gms.flags:3
11-27 17:18:17.832 30103 30138 I DynamiteModule: Selected local version of com.google.android.gms.flags
11-27 17:18:17.836 30103 30138 W DynamiteModule: Local module descriptor class for com.google.android.gms.crash not found.
11-27 17:18:17.838   885  1127 W libprocessgroup: kill(-27943, 9) failed: No such process
11-27 17:18:17.860   885  9992 D ConnectivityService: ConnectivityService NetworkRequestInfo binderDied(NetworkRequest [ TRACK_DEFAULT id=4228, [ Capabilities: INTERNET&NOT_RESTRICTED&TRUSTED Unwanted:  Uid: 10136] ], android.os.BinderProxy@52dfa7)
11-27 17:18:17.860   885  9977 D ConnectivityService: ConnectivityService NetworkRequestInfo binderDied(NetworkRequest [ LISTEN id=4229, [ Capabilities: INTERNET&NOT_RESTRICTED&TRUSTED Unwanted:  Uid: 10136] ], android.os.BinderProxy@5984c54)
11-27 17:18:17.860   885  1388 D ConnectivityService: releasing NetworkRequest [ TRACK_DEFAULT id=4228, [ Capabilities: INTERNET&NOT_RESTRICTED&TRUSTED Unwanted:  Uid: 10136] ] (release request)
11-27 17:18:17.861   718  1265 I sensors-hal: batch:132, android.sensor.step_counter/5, period=200000000, max_latency=0
11-27 17:18:17.861   718  1265 I sensors-hal: batch:141, android.sensor.step_counter/5, period=200000000, max_latency=0 request completed
11-27 17:18:17.863   718  1265 I sensors-hal: batch:132, android.sensor.gyroscope/30, period=50000000, max_latency=0
11-27 17:18:17.863   718  1265 I sensors-hal: batch:141, android.sensor.gyroscope/30, period=50000000, max_latency=0 request completed
11-27 17:18:17.863   648   648 I Zygote  : Process 27943 exited due to signal (9)
11-27 17:18:17.865  2035  2035 D QcrilMsgTunnelIfaceManager: handleMessage what = 1
11-27 17:18:17.866  2035  2035 I QcrilOemhookMsgTunnel: [0]invokeOemRilRequestRaw: serial=8237 length=24
11-27 17:18:17.867  2035  2252 I QcrilOemhookMsgTunnel: [0]processOemHookResponse serial no: 8237 error: 0length=0
11-27 17:18:17.867  2035  2035 D QcrilMsgTunnelIfaceManager: handleMessage what = 2
11-27 17:18:17.868  2035  2252 I QcrilOemhookMsgTunnel: [0]processOemHookIndication length=28
11-27 17:18:17.868  2035  2252 I QcrilOemhookMsgTunnel: [0]Response ID in RIL_UNSOL_OEM_HOOK_RAW is 525388
11-27 17:18:17.868  2035  2035 D QcrilMsgTunnelIfaceManager: handleMessage what = 0
11-27 17:18:17.869  2035  2035 D QcrilMsgTunnelIfaceManager: handleMessage what = 1
11-27 17:18:17.870  2035  2035 I QcrilOemhookMsgTunnel: [1]invokeOemRilRequestRaw: serial=8238 length=24
11-27 17:18:17.871  2035  2252 I QcrilOemhookMsgTunnel: [1]processOemHookResponse serial no: 8238 error: 0length=0
11-27 17:18:17.871  2035  2035 D QcrilMsgTunnelIfaceManager: handleMessage what = 2
11-27 17:18:17.873  2035  2252 I QcrilOemhookMsgTunnel: [1]processOemHookIndication length=28
11-27 17:18:17.873  2035  2252 I QcrilOemhookMsgTunnel: [1]Response ID in RIL_UNSOL_OEM_HOOK_RAW is 525388
11-27 17:18:17.873  2035  2035 D QcrilMsgTunnelIfaceManager: handleMessage what = 0
11-27 17:18:17.883   885  1127 W libprocessgroup: kill(-27943, 9) failed: No such process
11-27 17:18:17.883   885  1127 I libprocessgroup: Successfully killed process cgroup uid 10136 pid 27943 in 99ms
11-27 17:18:17.883   885  1127 W libprocessgroup: Failed to open process cgroup uid 99397 pid 28039: No such file or directory
11-27 17:18:17.883   885  1127 E libprocessgroup: Error encountered killing process cgroup uid 99397 pid 28039: No such file or directory
11-27 17:18:17.886 30103 30138 I FirebaseCrashApiImpl: FirebaseCrash reporting API initialized
11-27 17:18:17.886 30103 30138 W FirebaseCrashAnalytics: Unable to log event, missing Google Analytics for Firebase library
11-27 17:18:23.337   885 29832 D DhcpClient: Received packet: 40:bc:60:77:bd:21 NAK, reason requested address not available
11-27 17:18:23.611  2054  2054 D QtiCarrierConfigHelper: WARNING, no carrier configs on phone Id: 0
11-27 17:18:30.434  2054  2054 D QtiCarrierConfigHelper: WARNING, no carrier configs on phone Id: 0
11-27 17:18:31.183 29665 29734 D JobProxy26: Schedule one-off jobInfo success, request{id=700, tag=ScribeFlushJob, transient=false}, start 00:01:00, end 00:06:00 (from now), reschedule count 0
11-27 17:18:31.252 30103 30151 I FirebaseCrash: Sending crashes
11-27 17:18:31.590  3612  3612 D LOGGER  : 
11-27 17:18:31.592  3612  3612 D LOGGER  :  save tempStep onFinish
11-27 17:18:31.592  3612  3612 D LOGGER  : 
11-27 17:18:36.404  2054  2054 D QtiCarrierConfigHelper: WARNING, no carrier configs on phone Id: 0
11-27 17:18:36.830  3612  3696 I TeaLog  : c worked:false 180000
11-27 17:18:37.485 29168 29221 E chromium: [ERROR:ssl_client_socket_impl.cc(964)] handshake failed; returned -1, SSL error code 1, net_error -101
11-27 17:18:40.486  2545  2545 I GCM     : Message from 745476177629
11-27 17:18:40.522   885  1126 I ActivityManager: Start proc 30155:com.google.process.gapps/u0a22 for content provider com.google.android.gsf/.subscribedfeeds.SubscribedFeedsProvider
11-27 17:18:40.534 30155 30155 E e.process.gapp: Not starting debugger since process cannot load the jdwp agent.
11-27 17:18:40.567 30155 30155 W e.process.gapp: Can't mmap dex file /system/framework/org.apache.http.legacy.boot.jar!classes.dex directly; please zipalign to 4 bytes. Falling back to extracting file.
11-27 17:18:40.629 30155 30155 I GoogleHttpClient: GMS http client unavailable, use old client
11-27 17:18:40.842   885   894 I system_server: Background concurrent copying GC freed 477751(18MB) AllocSpace objects, 94(5MB) LOS objects, 42% free, 32MB/56MB, paused 145us total 144.798ms
11-27 17:18:41.760  2054  2054 D QtiCarrierConfigHelper: WARNING, no carrier configs on phone Id: 0
11-27 17:18:42.595  2054  2054 D QtiCarrierConfigHelper: WARNING, no carrier configs on phone Id: 0
11-27 17:18:44.818 29203 29530 I chatty  : uid=10110(com.tencent.android.qqdownloader) beacon-thread-3 expire 20 lines
11-27 17:18:45.868 29041 29435 I chatty  : uid=10110(com.tencent.android.qqdownloader) pool-1-temporar expire 150 lines
11-27 17:18:46.597  3612  3612 D LOGGER  : 
11-27 17:18:46.599  3612  3612 D LOGGER  :  save tempStep onFinish
11-27 17:18:46.599  3612  3612 D LOGGER  : 
11-27 17:18:48.181 17595 18179 I AdEventThread: onHandleRoutineUploadEvent
11-27 17:18:48.995 17595 18158 I TeaLog  : p worked:true 60000
11-27 17:18:49.298 17595 18158 D TeaLog  : queryEvent, {event, c, null, null, -, 1574844527009}, 0, 0
11-27 17:18:49.300 17595 18158 D TeaLog  : queryEvent, {eventv3, e, null, -, 1574844527009}, 0, 0
11-27 17:18:49.301 17595 18158 D TeaLog  : queryEvent, {event_misc, d, param:{} logType:, -, 1574844527010}, 0, 0
11-27 17:18:49.304 17595 18158 D TeaLog  : queryPack, 0, []
11-27 17:18:49.304 17595 18158 D TeaLog  : canSend false
11-27 17:18:49.309 17595 18158 I TeaLog  : s0 0
11-27 17:18:49.310 17595 18158 I TeaLog  : s worked:true 60000
11-27 17:18:49.415  2054  2054 D QtiCarrierConfigHelper: WARNING, no carrier configs on phone Id: 0
11-27 17:18:54.841  3612  3696 I TeaLog  : p worked:true 60000
11-27 17:18:54.850  3612  3696 I TeaLog  : s0 0
11-27 17:18:54.850  3612  3696 I TeaLog  : s worked:true 60000
11-27 17:18:55.607  2054  2054 D QtiCarrierConfigHelper: WARNING, no carrier configs on phone Id: 0
11-27 17:18:55.848   921  1061 I ThermalEngine: Monitor : quiet_therm = 32450, msm_therm = 34215, xo_therm = 34950, battery_therm = 302,current_now = -388000 
11-27 17:19:01.602  3612  3612 D LOGGER  : 
11-27 17:19:01.604  3612  3612 D LOGGER  :  save tempStep onFinish
11-27 17:19:01.604  3612  3612 D LOGGER  : 
11-27 17:19:01.666 29041 29146 I chatty  : uid=10110(com.tencent.android.qqdownloader) beacon-thread-2 expire 20 lines
11-27 17:19:02.438  2054  2054 D QtiCarrierConfigHelper: WARNING, no carrier configs on phone Id: 0
11-27 17:19:04.621   885  1123 W ActivityManager: Stopping service due to app idle: u0a156 -1m0s511ms com.tencent.qqlive/.module.push.PushService
11-27 17:19:04.633   885  1123 I ActivityManager: Killing 27278:com.ss.android.article.video/u0a140 (adj 1001): empty #31
11-27 17:19:04.638   885  1127 W libprocessgroup: kill(-27278, 9) failed: No such process
11-27 17:19:04.647   885   896 W ActivityManager: Background start not allowed: service Intent { cmp=com.tencent.qqlive/.module.push.PushService } to com.tencent.qqlive/.module.push.PushService from pid=8746 uid=10156 pkg=com.tencent.qqlive startFg?=false
11-27 17:19:04.695   885  1127 W libprocessgroup: kill(-27278, 9) failed: No such process
11-27 17:19:04.699  8746 30185 E System  : Ignoring attempt to set property "java.net.preferIPv6Addresses" to value "false".
11-27 17:19:04.708   885  1127 W libprocessgroup: kill(-27278, 9) failed: No such process
11-27 17:19:04.714   885  4118 D ConnectivityService: ConnectivityService NetworkRequestInfo binderDied(NetworkRequest [ TRACK_DEFAULT id=4227, [ Capabilities: INTERNET&NOT_RESTRICTED&TRUSTED Unwanted:  Uid: 10140] ], android.os.BinderProxy@e8c0069)
11-27 17:19:04.715   885  1388 D ConnectivityService: releasing NetworkRequest [ TRACK_DEFAULT id=4227, [ Capabilities: INTERNET&NOT_RESTRICTED&TRUSTED Unwanted:  Uid: 10140] ] (release request)
11-27 17:19:04.715   885  9992 W ActivityManager: Scheduling restart of crashed service com.ss.android.article.video/com.bytedance.frameworks.plugin.stub.p0.StubService1 in 1000ms
11-27 17:19:04.716   718   718 I sensors-hal: batch:132, android.sensor.gyroscope/30, period=50000000, max_latency=0
11-27 17:19:04.716   718   718 I sensors-hal: batch:141, android.sensor.gyroscope/30, period=50000000, max_latency=0 request completed
11-27 17:19:04.718  2035  2035 D QcrilMsgTunnelIfaceManager: handleMessage what = 1
11-27 17:19:04.718   648   648 I Zygote  : Process 27278 exited due to signal (9)
11-27 17:19:04.719  2035  2035 I QcrilOemhookMsgTunnel: [0]invokeOemRilRequestRaw: serial=8239 length=24
11-27 17:19:04.720  2035  2252 I QcrilOemhookMsgTunnel: [0]processOemHookResponse serial no: 8239 error: 0length=0
11-27 17:19:04.720  2035  2035 D QcrilMsgTunnelIfaceManager: handleMessage what = 2
11-27 17:19:04.721  2035  2035 D QcrilMsgTunnelIfaceManager: handleMessage what = 1
11-27 17:19:04.722  2035  2252 I QcrilOemhookMsgTunnel: [0]processOemHookIndication length=28
11-27 17:19:04.722  2035  2252 I QcrilOemhookMsgTunnel: [0]Response ID in RIL_UNSOL_OEM_HOOK_RAW is 525388
11-27 17:19:04.722  2035  2035 I QcrilOemhookMsgTunnel: [1]invokeOemRilRequestRaw: serial=8240 length=24
11-27 17:19:04.722  2035  2035 D QcrilMsgTunnelIfaceManager: handleMessage what = 0
11-27 17:19:04.723  2035  2252 I QcrilOemhookMsgTunnel: [1]processOemHookResponse serial no: 8240 error: 0length=0
11-27 17:19:04.723  2035  2035 D QcrilMsgTunnelIfaceManager: handleMessage what = 2
11-27 17:19:04.724  2035  2252 I QcrilOemhookMsgTunnel: [1]processOemHookIndication length=28
11-27 17:19:04.724  2035  2252 I QcrilOemhookMsgTunnel: [1]Response ID in RIL_UNSOL_OEM_HOOK_RAW is 525388
11-27 17:19:04.724  2035  2035 D QcrilMsgTunnelIfaceManager: handleMessage what = 0
11-27 17:19:04.737   885  1127 W libprocessgroup: kill(-27278, 9) failed: No such process
11-27 17:19:04.737   885  1127 I libprocessgroup: Successfully killed process cgroup uid 10140 pid 27278 in 99ms
11-27 17:19:05.754   885  1126 I ActivityManager: Start proc 30193:com.ss.android.article.video/u0a140 for service com.ss.android.article.video/com.bytedance.frameworks.plugin.stub.p0.StubService1
11-27 17:19:05.769 30193 30193 I chatty  : uid=10140(com.ss.android.article.video) expire 5 lines
11-27 17:19:05.997 30193 30222 I chatty  : uid=10140(com.ss.android.article.video) expire 1 line
11-27 17:19:06.073 30193 30235 I chatty  : uid=10140(com.ss.android.article.video) expire 5 lines
11-27 17:19:06.112 30193 30250 I chatty  : uid=10140(com.ss.android.article.video) expire 3 lines
11-27 17:19:06.164   885  4118 I ActivityManager: Killing 27785:com.ss.android.article.video:pushservice/u0a140 (adj 904): empty #31
11-27 17:19:06.165   885  1127 W libprocessgroup: kill(-27785, 9) failed: No such process
11-27 17:19:06.175   885  9992 W ActivityManager: Background start not allowed: service Intent { act=android.net.conn.CONNECTIVITY_CHANGE cmp=com.ss.android.article.video/com.ss.android.socialbase.downloader.notification.DownloadNotificationService } to com.ss.android.article.video/com.ss.android.socialbase.downloader.notification.DownloadNotificationService from pid=30193 uid=10140 pkg=com.ss.android.article.video startFg?=false
11-27 17:19:06.209   885  4118 I WifiService: acquireWifiLock uid=10140 lockMode=1
11-27 17:19:06.211   885  1127 W libprocessgroup: kill(-27785, 9) failed: No such process
11-27 17:19:06.213   885  9977 D ConnectivityService: ConnectivityService NetworkRequestInfo binderDied(NetworkRequest [ TRACK_DEFAULT id=4233, [ Capabilities: INTERNET&NOT_RESTRICTED&TRUSTED Unwanted:  Uid: 10140] ], android.os.BinderProxy@736ee02)
11-27 17:19:06.213   885  1388 D ConnectivityService: releasing NetworkRequest [ TRACK_DEFAULT id=4233, [ Capabilities: INTERNET&NOT_RESTRICTED&TRUSTED Unwanted:  Uid: 10140] ] (release request)
11-27 17:19:06.215   648   648 I Zygote  : Process 27785 exited due to signal (9)
11-27 17:19:06.216  2035  2035 D QcrilMsgTunnelIfaceManager: handleMessage what = 1
11-27 17:19:06.219  2035  2035 I QcrilOemhookMsgTunnel: [0]invokeOemRilRequestRaw: serial=8241 length=24
11-27 17:19:06.219  2035  2252 I QcrilOemhookMsgTunnel: [0]processOemHookResponse serial no: 8241 error: 0length=0
11-27 17:19:06.220  2035  2035 D QcrilMsgTunnelIfaceManager: handleMessage what = 2
11-27 17:19:06.221  2035  2252 I QcrilOemhookMsgTunnel: [0]processOemHookIndication length=28
11-27 17:19:06.221  2035  2035 D QcrilMsgTunnelIfaceManager: handleMessage what = 1
11-27 17:19:06.221  2035  2252 I QcrilOemhookMsgTunnel: [0]Response ID in RIL_UNSOL_OEM_HOOK_RAW is 525388
11-27 17:19:06.222  2035  2035 I QcrilOemhookMsgTunnel: [1]invokeOemRilRequestRaw: serial=8242 length=24
11-27 17:19:06.222  2035  2035 D QcrilMsgTunnelIfaceManager: handleMessage what = 0
11-27 17:19:06.224  2035  2252 I QcrilOemhookMsgTunnel: [1]processOemHookResponse serial no: 8242 error: 0length=0
11-27 17:19:06.226  2035  2252 I QcrilOemhookMsgTunnel: [1]processOemHookIndication length=28
11-27 17:19:06.226  2035  2252 I QcrilOemhookMsgTunnel: [1]Response ID in RIL_UNSOL_OEM_HOOK_RAW is 525388
11-27 17:19:06.229  2035  2035 D QcrilMsgTunnelIfaceManager: handleMessage what = 2
11-27 17:19:06.229  2035  2035 D QcrilMsgTunnelIfaceManager: handleMessage what = 0
11-27 17:19:06.242   885  1127 W libprocessgroup: kill(-27785, 9) failed: No such process
11-27 17:19:06.242   885  1127 I libprocessgroup: Successfully killed process cgroup uid 10140 pid 27785 in 77ms
11-27 17:19:06.381 30193 30236 E ActivityThread: Failed to find provider info for com.vivo.push.sdk.service.SystemPushConfig
11-27 17:19:06.395 30193 30236 E ActivityThread: Failed to find provider info for com.vivo.push.sdk.service.SystemPushConfig
11-27 17:19:06.476 29001 29342 I chatty  : uid=10110(com.tencent.android.qqdownloader) ConnectionTimer expire 1 line
11-27 17:19:06.477 29001 29341 I chatty  : uid=10110(com.tencent.android.qqdownloader) HalleyConnectio expire 2 lines
11-27 17:19:06.521 29001 29346 I chatty  : uid=10110(com.tencent.android.qqdownloader) HalleyConnectio expire 2 lines
11-27 17:19:06.574   718   718 I sensors-hal: flush:161, android.sensor.gyroscope/30
11-27 17:19:06.576 30193 30291 I chatty  : uid=10140(com.ss.android.article.video) UMThreadPoolExe expire 1 line
11-27 17:19:06.578   718   718 I sensors-hal: flush:167, android.sensor.gyroscope/30 completed
11-27 17:19:06.615   885  2960 W ActivityManager: Background start not allowed: service Intent { cmp=com.ss.android.article.video/com.ss.android.message.NotifyService } to com.ss.android.article.video/com.ss.android.message.NotifyService from pid=30193 uid=10140 pkg=com.ss.android.article.video startFg?=false
11-27 17:19:06.645   885  1126 I ActivityManager: Start proc 30341:com.ss.android.article.video:push/u0a140 for service com.ss.android.article.video/com.ss.android.message.log.LogService
11-27 17:19:06.653 30341 30341 I chatty  : uid=10140 com.ss.android.article.video:push expire 1 line
11-27 17:19:06.666 30193 30330 I chatty  : uid=10140(com.ss.android.article.video) UMThreadPoolExe expire 85 lines
