11-27 17:09:31.606 26033 26221 W PackageParser: Ignoring duplicate uses-permissions/uses-permissions-sdk-m: android.permission.ACCESS_NETWORK_STATE in package: com.tencent.weread at: Binary XML file line #37
11-27 17:09:31.606 26033 26221 W PackageParser: Ignoring duplicate uses-permissions/uses-permissions-sdk-m: android.permission.ACCESS_WIFI_STATE in package: com.tencent.weread at: Binary XML file line #38
11-27 17:09:31.606 26033 26221 W PackageParser: Ignoring duplicate uses-permissions/uses-permissions-sdk-m: android.permission.READ_PHONE_STATE in package: com.tencent.weread at: Binary XML file line #39
11-27 17:09:31.608 26033 26221 W PackageParser: Unknown element under <manifest>: meta-data at /data/app/com.tencent.weread-bPBZ952fcwfa-1-x1x2kXQ==/base.apk Binary XML file line #65
11-27 17:09:32.802   885  2107 I chatty  : uid=1000(system) Binder:885_8 expire 4 lines
11-27 17:09:32.803   885  2969 I chatty  : uid=1000(system) Binder:885_E expire 4 lines
11-27 17:09:32.803   885  1388 I chatty  : uid=1000(system) ConnectivitySer expire 5 lines
11-27 17:09:32.968   885  1123 I chatty  : uid=1000(system) ActivityManager expire 12 lines
11-27 17:09:32.995   885  9988 I chatty  : uid=1000(system) Binder:885_1E expire 1 line
11-27 17:09:33.009   885  1849 I chatty  : uid=1000(system) Binder:885_4 expire 3 lines
11-27 17:09:33.054   885   895 I chatty  : uid=1000(system) Binder:885_1 expire 1 line
11-27 17:09:33.699   885  2109 I chatty  : uid=1000(system) Binder:885_9 expire 2 lines
11-27 17:09:33.807   885  2953 I chatty  : uid=1000(system) Binder:885_C expire 4 lines
11-27 17:09:33.866   885  2973 I chatty  : uid=1000(system) Binder:885_F expire 1 line
11-27 17:09:34.729 25974 26502 W PackageParser: Ignoring duplicate uses-permissions/uses-permissions-sdk-m: android.permission.INTERNET in package: com.tencent.weread at: Binary XML file line #23
11-27 17:09:34.826 25974 26502 W PackageParser: Ignoring duplicate uses-permissions/uses-permissions-sdk-m: android.permission.ACCESS_NETWORK_STATE in package: com.tencent.weread at: Binary XML file line #24
11-27 17:09:34.826 25974 26502 W PackageParser: Ignoring duplicate uses-permissions/uses-permissions-sdk-m: android.permission.ACCESS_WIFI_STATE in package: com.tencent.weread at: Binary XML file line #25
11-27 17:09:34.826 25974 26502 W PackageParser: Ignoring duplicate uses-permissions/uses-permissions-sdk-m: android.permission.READ_PHONE_STATE in package: com.tencent.weread at: Binary XML file line #26
11-27 17:09:34.826 25974 26502 W PackageParser: Ignoring duplicate uses-permissions/uses-permissions-sdk-m: android.permission.GET_TASKS in package: com.tencent.weread at: Binary XML file line #27
11-27 17:09:34.827 25974 26502 W PackageParser: Ignoring duplicate uses-permissions/uses-permissions-sdk-m: android.permission.INTERNET in package: com.tencent.weread at: Binary XML file line #35
11-27 17:09:34.827 25974 26502 W PackageParser: Ignoring duplicate uses-permissions/uses-permissions-sdk-m: android.permission.WRITE_EXTERNAL_STORAGE in package: com.tencent.weread at: Binary XML file line #36
11-27 17:09:34.827 25974 26502 W PackageParser: Ignoring duplicate uses-permissions/uses-permissions-sdk-m: android.permission.ACCESS_NETWORK_STATE in package: com.tencent.weread at: Binary XML file line #37
11-27 17:09:34.827 25974 26502 W PackageParser: Ignoring duplicate uses-permissions/uses-permissions-sdk-m: android.permission.ACCESS_WIFI_STATE in package: com.tencent.weread at: Binary XML file line #38
11-27 17:09:34.827 25974 26502 W PackageParser: Ignoring duplicate uses-permissions/uses-permissions-sdk-m: android.permission.READ_PHONE_STATE in package: com.tencent.weread at: Binary XML file line #39
11-27 17:09:34.827 25974 26502 W PackageParser: Unknown element under <manifest>: meta-data at /data/app/com.tencent.weread-bPBZ952fcwfa-1-x1x2kXQ==/base.apk Binary XML file line #65
11-27 17:09:35.072   885  9993 I chatty  : uid=1000(system) Binder:885_20 expire 2 lines
11-27 17:09:35.353   885  9982 I chatty  : uid=1000(system) Binder:885_1B expire 6 lines
11-27 17:09:38.729   885   885 I chatty  : uid=1000 system_server expire 2 lines
11-27 17:09:45.092   885  1158 I chatty  : uid=1000(system) android.display expire 3 lines
11-27 17:09:46.580   885  2313 I chatty  : uid=1000(system) Binder:885_A expire 3 lines
11-27 17:10:00.020   885  3532 I chatty  : uid=1000(system) Binder:885_11 expire 4 lines
11-27 17:10:35.786   885  2974 I chatty  : uid=1000(system) Binder:885_10 expire 3 lines
11-27 17:11:00.546   885  2952 I chatty  : uid=1000(system) Binder:885_B expire 1 line
11-27 17:11:40.205   885  1275 I chatty  : uid=1000(system) AlarmManager expire 3 lines
11-27 17:11:53.565 26924 26924 D ActivityThread: Loading provider com.google.android.gm.sapi: com.google.android.gm.sapi.SapiUiProvider
11-27 17:12:01.066   885  9985 I chatty  : uid=1000(system) Binder:885_1C expire 3 lines
11-27 17:12:22.672   885  1163 I chatty  : uid=1000(system) PowerManagerSer expire 2 lines
11-27 17:12:27.616   885  1117 I chatty  : uid=1000(system) android.bg expire 1 line
11-27 17:12:56.615   885  1126 I chatty  : uid=1000(system) ActivityManager expire 3 lines
11-27 17:13:43.257   885  1123 W BroadcastQueue: Background execution not allowed: receiving Intent { act=com.bytedance.frameworks.plugin.ACTION_SEND_LOG_TO_MAIN_PROCESS flg=0x10 (has extras) } to com.ss.android.ugc.aweme/com.bytedance.frameworks.plugin.receiver.MiraErrorLogReceiver
11-27 17:13:43.373   885  1126 I ActivityManager: Start proc 27278:com.ss.android.article.video/u0a140 for content provider com.ss.android.article.video/com.bytedance.frameworks.plugin.pm.PluginPackageManagerProvider
11-27 17:13:43.637   885  1123 W BroadcastQueue: Background execution not allowed: receiving Intent { act=com.bytedance.frameworks.plugin.ACTION_SEND_LOG_TO_MAIN_PROCESS flg=0x10 (has extras) } to com.ss.android.article.lite/com.bytedance.frameworks.plugin.receiver.MiraErrorLogReceiver
11-27 17:13:43.637   885  1123 W BroadcastQueue: Background execution not allowed: receiving Intent { act=com.bytedance.frameworks.plugin.ACTION_SEND_LOG_TO_MAIN_PROCESS flg=0x10 (has extras) } to com.ss.android.article.news/com.bytedance.frameworks.plugin.receiver.MiraErrorLogReceiver
11-27 17:13:43.637   885  1123 W BroadcastQueue: Background execution not allowed: receiving Intent { act=com.bytedance.frameworks.plugin.ACTION_SEND_LOG_TO_MAIN_PROCESS flg=0x10 (has extras) } to com.ss.android.article.video/com.bytedance.frameworks.plugin.receiver.MiraErrorLogReceiver
11-27 17:13:43.637   885  1123 W BroadcastQueue: Background execution not allowed: receiving Intent { act=com.bytedance.frameworks.plugin.ACTION_SEND_LOG_TO_MAIN_PROCESS flg=0x10 (has extras) } to com.ss.android.ugc.aweme/com.bytedance.frameworks.plugin.receiver.MiraErrorLogReceiver
11-27 17:13:43.820   885  9985 W ActivityManager: Background start not allowed: service Intent { act=android.net.conn.CONNECTIVITY_CHANGE cmp=com.ss.android.article.video/com.ss.android.socialbase.downloader.notification.DownloadNotificationService } to com.ss.android.article.video/com.ss.android.socialbase.downloader.notification.DownloadNotificationService from pid=27278 uid=10140 pkg=com.ss.android.article.video startFg?=false
11-27 17:13:43.854   885  9985 W ActivityManager: Background start not allowed: service Intent { cmp=com.ss.android.article.video/com.bytedance.common.wschannel.server.WsChannelService } to com.ss.android.article.video/com.bytedance.common.wschannel.server.WsChannelService from pid=27241 uid=10140 pkg=com.ss.android.article.video startFg?=false
11-27 17:13:43.864   885  1123 W BroadcastQueue: Background execution not allowed: receiving Intent { act=com.bytedance.frameworks.plugin.ACTION_SEND_LOG_TO_MAIN_PROCESS flg=0x10 (has extras) } to com.ss.android.article.lite/com.bytedance.frameworks.plugin.receiver.MiraErrorLogReceiver
11-27 17:13:43.865   885  1123 W BroadcastQueue: Background execution not allowed: receiving Intent { act=com.bytedance.frameworks.plugin.ACTION_SEND_LOG_TO_MAIN_PROCESS flg=0x10 (has extras) } to com.ss.android.article.news/com.bytedance.frameworks.plugin.receiver.MiraErrorLogReceiver
11-27 17:13:43.865   885  1123 W BroadcastQueue: Background execution not allowed: receiving Intent { act=com.bytedance.frameworks.plugin.ACTION_SEND_LOG_TO_MAIN_PROCESS flg=0x10 (has extras) } to com.ss.android.article.video/com.bytedance.frameworks.plugin.receiver.MiraErrorLogReceiver
11-27 17:13:43.865   885  1123 W BroadcastQueue: Background execution not allowed: receiving Intent { act=com.bytedance.frameworks.plugin.ACTION_SEND_LOG_TO_MAIN_PROCESS flg=0x10 (has extras) } to com.ss.android.ugc.aweme/com.bytedance.frameworks.plugin.receiver.MiraErrorLogReceiver
11-27 17:13:43.930   885  2082 I ActivityManager: Killing 26473:com.google.android.apps.messaging:rcs/u0a56 (adj 906): empty #31
11-27 17:13:43.967 27278 27338 E ActivityThread: Failed to find provider info for com.vivo.push.sdk.service.SystemPushConfig
11-27 17:13:43.983 27278 27338 E ActivityThread: Failed to find provider info for com.vivo.push.sdk.service.SystemPushConfig
11-27 17:13:44.010   885  1126 I ActivityManager: Start proc 27456:com.ss.android.article.lite:push/u0a141 for service com.ss.android.article.lite/com.ss.android.account.AccountSyncService
11-27 17:13:44.229   885  9985 W ActivityManager: Background start not allowed: service Intent { cmp=com.ss.android.article.video/com.ss.android.message.NotifyService } to com.ss.android.article.video/com.ss.android.message.NotifyService from pid=27278 uid=10140 pkg=com.ss.android.article.video startFg?=false
11-27 17:13:44.247   885  1123 W BroadcastQueue: Background execution not allowed: receiving Intent { act=com.bytedance.frameworks.plugin.ACTION_SEND_LOG_TO_MAIN_PROCESS flg=0x10 (has extras) } to com.ss.android.article.lite/com.bytedance.frameworks.plugin.receiver.MiraErrorLogReceiver
11-27 17:13:44.247   885  1123 W BroadcastQueue: Background execution not allowed: receiving Intent { act=com.bytedance.frameworks.plugin.ACTION_SEND_LOG_TO_MAIN_PROCESS flg=0x10 (has extras) } to com.ss.android.article.news/com.bytedance.frameworks.plugin.receiver.MiraErrorLogReceiver
11-27 17:13:44.247   885  1123 W BroadcastQueue: Background execution not allowed: receiving Intent { act=com.bytedance.frameworks.plugin.ACTION_SEND_LOG_TO_MAIN_PROCESS flg=0x10 (has extras) } to com.ss.android.article.video/com.bytedance.frameworks.plugin.receiver.MiraErrorLogReceiver
11-27 17:13:44.247   885  1123 W BroadcastQueue: Background execution not allowed: receiving Intent { act=com.bytedance.frameworks.plugin.ACTION_SEND_LOG_TO_MAIN_PROCESS flg=0x10 (has extras) } to com.ss.android.ugc.aweme/com.bytedance.frameworks.plugin.receiver.MiraErrorLogReceiver
11-27 17:13:44.374   885  1126 I ActivityManager: Start proc 27595:com.ss.android.article.lite/u0a141 for content provider com.ss.android.article.lite/com.bytedance.frameworks.plugin.pm.PluginPackageManagerProvider
11-27 17:13:44.417   885  2973 D ConnectivityService: requestNetwork for uid/pid:10140/27278 NetworkRequest [ TRACK_DEFAULT id=4227, [ Capabilities: INTERNET&NOT_RESTRICTED&TRUSTED Unwanted:  Uid: 10140] ]
11-27 17:13:44.637   885  3532 W ActivityManager: Background start not allowed: service Intent { act=com.ss.android.newmedia.message.cache.action cmp=com.ss.android.article.lite/com.ss.android.newmedia.message.MessageHandler } to com.ss.android.article.lite/com.ss.android.newmedia.message.MessageHandler from pid=27595 uid=10141 pkg=com.ss.android.article.lite startFg?=false
11-27 17:13:44.690   885  2082 W ActivityManager: Background start not allowed: service Intent { cmp=com.ss.android.article.lite/com.ss.android.newmedia.message.MessageHandler } to com.ss.android.article.lite/com.ss.android.newmedia.message.MessageHandler from pid=27595 uid=10141 pkg=com.ss.android.article.lite startFg?=false
11-27 17:13:44.713   885  9985 W ActivityManager: Background start not allowed: service Intent { act=com.taobao.accs.intent.action.RECEIVE pkg=com.ss.android.article.video cmp=com.ss.android.article.video/com.taobao.accs.data.MsgDistributeService (has extras) } to com.ss.android.article.video/com.taobao.accs.data.MsgDistributeService from pid=27278 uid=10140 pkg=com.ss.android.article.video startFg?=false
11-27 17:13:44.776   885  1123 W BroadcastQueue: Background execution not allowed: receiving Intent { act=com.bytedance.frameworks.plugin.ACTION_SEND_LOG_TO_MAIN_PROCESS flg=0x10 (has extras) } to com.ss.android.article.lite/com.bytedance.frameworks.plugin.receiver.MiraErrorLogReceiver
11-27 17:13:44.776   885  1123 W BroadcastQueue: Background execution not allowed: receiving Intent { act=com.bytedance.frameworks.plugin.ACTION_SEND_LOG_TO_MAIN_PROCESS flg=0x10 (has extras) } to com.ss.android.article.news/com.bytedance.frameworks.plugin.receiver.MiraErrorLogReceiver
11-27 17:13:44.776   885  1123 W BroadcastQueue: Background execution not allowed: receiving Intent { act=com.bytedance.frameworks.plugin.ACTION_SEND_LOG_TO_MAIN_PROCESS flg=0x10 (has extras) } to com.ss.android.article.video/com.bytedance.frameworks.plugin.receiver.MiraErrorLogReceiver
11-27 17:13:44.776   885  1123 W BroadcastQueue: Background execution not allowed: receiving Intent { act=com.bytedance.frameworks.plugin.ACTION_SEND_LOG_TO_MAIN_PROCESS flg=0x10 (has extras) } to com.ss.android.ugc.aweme/com.bytedance.frameworks.plugin.receiver.MiraErrorLogReceiver
11-27 17:13:44.880   885  1123 W BroadcastQueue: Background execution not allowed: receiving Intent { act=com.bytedance.frameworks.plugin.ACTION_SEND_LOG_TO_MAIN_PROCESS flg=0x10 (has extras) } to com.ss.android.article.lite/com.bytedance.frameworks.plugin.receiver.MiraErrorLogReceiver
11-27 17:13:44.881   885  1123 W BroadcastQueue: Background execution not allowed: receiving Intent { act=com.bytedance.frameworks.plugin.ACTION_SEND_LOG_TO_MAIN_PROCESS flg=0x10 (has extras) } to com.ss.android.article.news/com.bytedance.frameworks.plugin.receiver.MiraErrorLogReceiver
11-27 17:13:44.881   885  1123 W BroadcastQueue: Background execution not allowed: receiving Intent { act=com.bytedance.frameworks.plugin.ACTION_SEND_LOG_TO_MAIN_PROCESS flg=0x10 (has extras) } to com.ss.android.article.video/com.bytedance.frameworks.plugin.receiver.MiraErrorLogReceiver
11-27 17:13:44.881   885  1123 W BroadcastQueue: Background execution not allowed: receiving Intent { act=com.bytedance.frameworks.plugin.ACTION_SEND_LOG_TO_MAIN_PROCESS flg=0x10 (has extras) } to com.ss.android.ugc.aweme/com.bytedance.frameworks.plugin.receiver.MiraErrorLogReceiver
11-27 17:13:44.953   885  1123 W BroadcastQueue: Background execution not allowed: receiving Intent { act=com.bytedance.frameworks.plugin.ACTION_SEND_LOG_TO_MAIN_PROCESS flg=0x10 (has extras) } to com.ss.android.article.lite/com.bytedance.frameworks.plugin.receiver.MiraErrorLogReceiver
11-27 17:13:44.953   885  1123 W BroadcastQueue: Background execution not allowed: receiving Intent { act=com.bytedance.frameworks.plugin.ACTION_SEND_LOG_TO_MAIN_PROCESS flg=0x10 (has extras) } to com.ss.android.article.news/com.bytedance.frameworks.plugin.receiver.MiraErrorLogReceiver
11-27 17:13:44.954   885  1123 W BroadcastQueue: Background execution not allowed: receiving Intent { act=com.bytedance.frameworks.plugin.ACTION_SEND_LOG_TO_MAIN_PROCESS flg=0x10 (has extras) } to com.ss.android.article.video/com.bytedance.frameworks.plugin.receiver.MiraErrorLogReceiver
11-27 17:13:44.954   885  1123 W BroadcastQueue: Background execution not allowed: receiving Intent { act=com.bytedance.frameworks.plugin.ACTION_SEND_LOG_TO_MAIN_PROCESS flg=0x10 (has extras) } to com.ss.android.ugc.aweme/com.bytedance.frameworks.plugin.receiver.MiraErrorLogReceiver
11-27 17:13:44.982   885  9985 W ActivityManager: Background start not allowed: service Intent { act=android.net.conn.CONNECTIVITY_CHANGE cmp=com.ss.android.article.lite/com.ss.android.socialbase.downloader.notification.DownloadNotificationService } to com.ss.android.article.lite/com.ss.android.socialbase.downloader.notification.DownloadNotificationService from pid=27595 uid=10141 pkg=com.ss.android.article.lite startFg?=false
11-27 17:13:45.043   885  1123 W BroadcastQueue: Background execution not allowed: receiving Intent { act=com.bytedance.frameworks.plugin.ACTION_SEND_LOG_TO_MAIN_PROCESS flg=0x10 (has extras) } to com.ss.android.article.lite/com.bytedance.frameworks.plugin.receiver.MiraErrorLogReceiver
11-27 17:13:45.043   885  1123 W BroadcastQueue: Background execution not allowed: receiving Intent { act=com.bytedance.frameworks.plugin.ACTION_SEND_LOG_TO_MAIN_PROCESS flg=0x10 (has extras) } to com.ss.android.article.news/com.bytedance.frameworks.plugin.receiver.MiraErrorLogReceiver
11-27 17:13:45.043   885  1123 W BroadcastQueue: Background execution not allowed: receiving Intent { act=com.bytedance.frameworks.plugin.ACTION_SEND_LOG_TO_MAIN_PROCESS flg=0x10 (has extras) } to com.ss.android.article.video/com.bytedance.frameworks.plugin.receiver.MiraErrorLogReceiver
11-27 17:13:45.043   885  1123 W BroadcastQueue: Background execution not allowed: receiving Intent { act=com.bytedance.frameworks.plugin.ACTION_SEND_LOG_TO_MAIN_PROCESS flg=0x10 (has extras) } to com.ss.android.ugc.aweme/com.bytedance.frameworks.plugin.receiver.MiraErrorLogReceiver
11-27 17:13:45.317   885  1126 I ActivityManager: Start proc 27785:com.ss.android.article.video:pushservice/u0a140 for service com.ss.android.article.video/com.taobao.accs.internal.AccsJobService
11-27 17:13:45.317   885  1123 W BroadcastQueue: Background execution not allowed: receiving Intent { act=com.bytedance.frameworks.plugin.ACTION_SEND_LOG_TO_MAIN_PROCESS flg=0x10 (has extras) } to com.ss.android.article.lite/com.bytedance.frameworks.plugin.receiver.MiraErrorLogReceiver
11-27 17:13:45.318   885  1123 W BroadcastQueue: Background execution not allowed: receiving Intent { act=com.bytedance.frameworks.plugin.ACTION_SEND_LOG_TO_MAIN_PROCESS flg=0x10 (has extras) } to com.ss.android.article.news/com.bytedance.frameworks.plugin.receiver.MiraErrorLogReceiver
11-27 17:13:45.318   885  1123 W BroadcastQueue: Background execution not allowed: receiving Intent { act=com.bytedance.frameworks.plugin.ACTION_SEND_LOG_TO_MAIN_PROCESS flg=0x10 (has extras) } to com.ss.android.article.video/com.bytedance.frameworks.plugin.receiver.MiraErrorLogReceiver
11-27 17:13:45.318   885  1123 W BroadcastQueue: Background execution not allowed: receiving Intent { act=com.bytedance.frameworks.plugin.ACTION_SEND_LOG_TO_MAIN_PROCESS flg=0x10 (has extras) } to com.ss.android.ugc.aweme/com.bytedance.frameworks.plugin.receiver.MiraErrorLogReceiver
11-27 17:13:45.447   885  1123 W BroadcastQueue: Background execution not allowed: receiving Intent { act=com.bytedance.frameworks.plugin.ACTION_SEND_LOG_TO_MAIN_PROCESS flg=0x10 (has extras) } to com.ss.android.article.lite/com.bytedance.frameworks.plugin.receiver.MiraErrorLogReceiver
11-27 17:13:45.447   885  1123 W BroadcastQueue: Background execution not allowed: receiving Intent { act=com.bytedance.frameworks.plugin.ACTION_SEND_LOG_TO_MAIN_PROCESS flg=0x10 (has extras) } to com.ss.android.article.news/com.bytedance.frameworks.plugin.receiver.MiraErrorLogReceiver
11-27 17:13:45.447   885  1123 W BroadcastQueue: Background execution not allowed: receiving Intent { act=com.bytedance.frameworks.plugin.ACTION_SEND_LOG_TO_MAIN_PROCESS flg=0x10 (has extras) } to com.ss.android.article.video/com.bytedance.frameworks.plugin.receiver.MiraErrorLogReceiver
11-27 17:13:45.447   885  1123 W BroadcastQueue: Background execution not allowed: receiving Intent { act=com.bytedance.frameworks.plugin.ACTION_SEND_LOG_TO_MAIN_PROCESS flg=0x10 (has extras) } to com.ss.android.ugc.aweme/com.bytedance.frameworks.plugin.receiver.MiraErrorLogReceiver
11-27 17:13:45.559 27456 27456 E ActivityThread: Failed to find provider info for com.vivo.push.sdk.service.SystemPushConfig
11-27 17:13:45.633   885  9985 W ActivityManager: Background start not allowed: service Intent { cmp=com.ss.android.article.lite/com.ss.android.newmedia.message.MessageHandler } to com.ss.android.article.lite/com.ss.android.newmedia.message.MessageHandler from pid=27456 uid=10141 pkg=com.ss.android.article.lite startFg?=false
11-27 17:13:45.667   885  9992 I ActivityManager: Killing 22630:com.kuaishou.nebula:messagesdk/u0a139 (adj 1001): empty #31
11-27 17:13:45.688   885  1123 W BroadcastQueue: Background execution not allowed: receiving Intent { act=com.bytedance.frameworks.plugin.ACTION_SEND_LOG_TO_MAIN_PROCESS flg=0x10 (has extras) } to com.ss.android.article.lite/com.bytedance.frameworks.plugin.receiver.MiraErrorLogReceiver
11-27 17:13:45.688   885  1123 W BroadcastQueue: Background execution not allowed: receiving Intent { act=com.bytedance.frameworks.plugin.ACTION_SEND_LOG_TO_MAIN_PROCESS flg=0x10 (has extras) } to com.ss.android.article.news/com.bytedance.frameworks.plugin.receiver.MiraErrorLogReceiver
11-27 17:13:45.688   885  1123 W BroadcastQueue: Background execution not allowed: receiving Intent { act=com.bytedance.frameworks.plugin.ACTION_SEND_LOG_TO_MAIN_PROCESS flg=0x10 (has extras) } to com.ss.android.article.video/com.bytedance.frameworks.plugin.receiver.MiraErrorLogReceiver
11-27 17:13:45.688   885  1123 W BroadcastQueue: Background execution not allowed: receiving Intent { act=com.bytedance.frameworks.plugin.ACTION_SEND_LOG_TO_MAIN_PROCESS flg=0x10 (has extras) } to com.ss.android.ugc.aweme/com.bytedance.frameworks.plugin.receiver.MiraErrorLogReceiver
11-27 17:13:45.747   885  9992 W ActivityManager: Scheduling restart of crashed service com.kuaishou.nebula/com.kwai.chat.kwailink.service.KwaiLinkService in 1000ms
11-27 17:13:45.755   885  9987 W ActivityManager: Background start not allowed: service Intent { pkg=com.kuaishou.nebula cmp=com.kuaishou.nebula/com.kwai.chat.kwailink.service.KwaiLinkService } to com.kuaishou.nebula/com.kwai.chat.kwailink.service.KwaiLinkService from pid=16400 uid=10139 pkg=com.kuaishou.nebula startFg?=false
11-27 17:13:45.771   885  1126 I ActivityManager: Start proc 27858:com.kuaishou.nebula:messagesdk/u0a139 for service com.kuaishou.nebula/com.kwai.chat.kwailink.service.KwaiLinkService
11-27 17:13:45.858   885  9987 W ActivityManager: Background start not allowed: service Intent { cmp=com.ss.android.article.video/com.bytedance.common.wschannel.server.WsChannelService } to com.ss.android.article.video/com.bytedance.common.wschannel.server.WsChannelService from pid=27785 uid=10140 pkg=com.ss.android.article.video startFg?=false
11-27 17:13:45.870   885  1123 W BroadcastQueue: Background execution not allowed: receiving Intent { act=com.bytedance.frameworks.plugin.ACTION_SEND_LOG_TO_MAIN_PROCESS flg=0x10 (has extras) } to com.ss.android.article.lite/com.bytedance.frameworks.plugin.receiver.MiraErrorLogReceiver
11-27 17:13:45.870   885  1123 W BroadcastQueue: Background execution not allowed: receiving Intent { act=com.bytedance.frameworks.plugin.ACTION_SEND_LOG_TO_MAIN_PROCESS flg=0x10 (has extras) } to com.ss.android.article.news/com.bytedance.frameworks.plugin.receiver.MiraErrorLogReceiver
11-27 17:13:45.870   885  1123 W BroadcastQueue: Background execution not allowed: receiving Intent { act=com.bytedance.frameworks.plugin.ACTION_SEND_LOG_TO_MAIN_PROCESS flg=0x10 (has extras) } to com.ss.android.article.video/com.bytedance.frameworks.plugin.receiver.MiraErrorLogReceiver
11-27 17:13:45.871   885  1123 W BroadcastQueue: Background execution not allowed: receiving Intent { act=com.bytedance.frameworks.plugin.ACTION_SEND_LOG_TO_MAIN_PROCESS flg=0x10 (has extras) } to com.ss.android.ugc.aweme/com.bytedance.frameworks.plugin.receiver.MiraErrorLogReceiver
11-27 17:13:45.961   885  9987 I ActivityManager: Killing 26328:com.google.android.apps.messaging/u0a56 (adj 906): empty #31
11-27 17:13:46.054   885  2973 D ConnectivityService: ConnectivityService NetworkRequestInfo binderDied(NetworkRequest [ LISTEN id=4221, [ Capabilities: INTERNET&NOT_RESTRICTED&TRUSTED Unwanted:  Uid: 10056] ], android.os.BinderProxy@a0b38e0)
11-27 17:13:46.054   885  9992 D ConnectivityService: ConnectivityService NetworkRequestInfo binderDied(NetworkRequest [ TRACK_DEFAULT id=4220, [ Capabilities: INTERNET&NOT_RESTRICTED&TRUSTED Unwanted:  Uid: 10056] ], android.os.BinderProxy@f5ba799)
11-27 17:13:46.055   885  1388 D ConnectivityService: releasing NetworkRequest [ TRACK_DEFAULT id=4220, [ Capabilities: INTERNET&NOT_RESTRICTED&TRUSTED Unwanted:  Uid: 10056] ] (release request)
11-27 17:13:46.518   885  1126 I ActivityManager: Start proc 27943:com.cashtoutiao/u0a136 for service com.cashtoutiao/.accountSync.ToutiaoSyncService
11-27 17:13:46.584 27943 27943 E LoadedApk: Unable to instantiate appComponentFactory
11-27 17:13:46.584 27943 27943 E LoadedApk: java.lang.ClassNotFoundException: Didn't find class "android.support.v4.app.CoreComponentFactory" on path: DexPathList[[zip file "/system/framework/org.apache.http.legacy.boot.jar", zip file "/data/app/com.cashtoutiao-x4qsj9p058ppb5qaX7bX6A==/base.apk"],nativeLibraryDirectories=[/data/app/com.cashtoutiao-x4qsj9p058ppb5qaX7bX6A==/lib/arm, /data/app/com.cashtoutiao-x4qsj9p058ppb5qaX7bX6A==/base.apk!/lib/armeabi-v7a, /system/lib]]
11-27 17:13:46.584 27943 27943 E LoadedApk: 	at dalvik.system.BaseDexClassLoader.findClass(BaseDexClassLoader.java:134)
11-27 17:13:46.584 27943 27943 E LoadedApk: 	at java.lang.ClassLoader.loadClass(ClassLoader.java:379)
11-27 17:13:46.584 27943 27943 E LoadedApk: 	at java.lang.ClassLoader.loadClass(ClassLoader.java:312)
11-27 17:13:46.584 27943 27943 E LoadedApk: 	at android.app.LoadedApk.createAppFactory(LoadedApk.java:226)
11-27 17:13:46.584 27943 27943 E LoadedApk: 	at android.app.LoadedApk.createOrUpdateClassLoaderLocked(LoadedApk.java:731)
11-27 17:13:46.584 27943 27943 E LoadedApk: 	at android.app.LoadedApk.getClassLoader(LoadedApk.java:810)
11-27 17:13:46.584 27943 27943 E LoadedApk: 	at android.app.LoadedApk.getResources(LoadedApk.java:1032)
11-27 17:13:46.584 27943 27943 E LoadedApk: 	at android.app.ContextImpl.createAppContext(ContextImpl.java:2345)
11-27 17:13:46.584 27943 27943 E LoadedApk: 	at android.app.ActivityThread.handleBindApplication(ActivityThread.java:5798)
11-27 17:13:46.584 27943 27943 E LoadedApk: 	at android.app.ActivityThread.access$1100(ActivityThread.java:200)
11-27 17:13:46.584 27943 27943 E LoadedApk: 	at android.app.ActivityThread$H.handleMessage(ActivityThread.java:1656)
11-27 17:13:46.584 27943 27943 E LoadedApk: 	at android.os.Handler.dispatchMessage(Handler.java:106)
11-27 17:13:46.584 27943 27943 E LoadedApk: 	at android.os.Looper.loop(Looper.java:193)
11-27 17:13:46.584 27943 27943 E LoadedApk: 	at android.app.ActivityThread.main(ActivityThread.java:6718)
11-27 17:13:46.584 27943 27943 E LoadedApk: 	at java.lang.reflect.Method.invoke(Native Method)
11-27 17:13:46.584 27943 27943 E LoadedApk: 	at com.android.internal.os.RuntimeInit$MethodAndArgsCaller.run(RuntimeInit.java:493)
11-27 17:13:46.584 27943 27943 E LoadedApk: 	at com.android.internal.os.ZygoteInit.main(ZygoteInit.java:858)
11-27 17:13:46.745   885  9993 I ActivityManager: Killing 26306:com.google.android.dialer/u0a21 (adj 906): empty #31
11-27 17:13:46.847   885   896 D ConnectivityService: ConnectivityService NetworkRequestInfo binderDied(NetworkRequest [ LISTEN id=4223, [ Capabilities: INTERNET&NOT_RESTRICTED&TRUSTED Unwanted:  Uid: 10021] ], android.os.BinderProxy@a281e58)
11-27 17:13:46.847   885  2973 D ConnectivityService: ConnectivityService NetworkRequestInfo binderDied(NetworkRequest [ TRACK_DEFAULT id=4222, [ Capabilities: INTERNET&NOT_RESTRICTED&TRUSTED Unwanted:  Uid: 10021] ], android.os.BinderProxy@fbe673b)
11-27 17:13:46.849   885  1388 D ConnectivityService: releasing NetworkRequest [ TRACK_DEFAULT id=4222, [ Capabilities: INTERNET&NOT_RESTRICTED&TRUSTED Unwanted:  Uid: 10021] ] (release request)
11-27 17:13:48.673   885  1126 I ActivityManager: Start proc 28039:com.android.chrome:sandboxed_process0/u0i397 for webview_service com.cashtoutiao/org.chromium.content.app.SandboxedProcessService0
11-27 17:13:49.536   885  9992 D ConnectivityService: requestNetwork for uid/pid:10136/27943 NetworkRequest [ TRACK_DEFAULT id=4228, [ Capabilities: INTERNET&NOT_RESTRICTED&TRUSTED Unwanted:  Uid: 10136] ]
11-27 17:13:49.571   885  2973 W ActivityManager: Background start not allowed: service Intent { act=android.net.conn.CONNECTIVITY_CHANGE cmp=com.cashtoutiao/com.ss.android.socialbase.downloader.notification.DownloadNotificationService } to com.cashtoutiao/com.ss.android.socialbase.downloader.notification.DownloadNotificationService from pid=27943 uid=10136 pkg=com.cashtoutiao startFg?=false
11-27 17:13:49.592   885  1117 D ConnectivityService: requestNetwork for uid/pid:1000/885 NetworkRequest [ REQUEST id=4230, legacyType=3, [ Transports: CELLULAR Capabilities: SUPL&NOT_RESTRICTED&TRUSTED&NOT_VPN Unwanted:  Uid: 1000] ]
11-27 17:13:49.638   885  9977 I ActivityManager: Killing 19751:com.ss.android.article.news/u0a120 (adj 1001): empty #31
11-27 17:13:49.640   885  9977 I ActivityManager: Killing 26714:com.ss.android.article.news:push/u0a120 (adj 1001): empty #32
11-27 17:13:49.661   885   896 W ActivityManager: Unable to start service Intent { act=com.ss.android.message.action.PUSH_SERVICE pkg=com.ss.android.article.calendar } U=0: not found
11-27 17:13:49.731   885  2063 D ConnectivityService: ConnectivityService NetworkRequestInfo binderDied(NetworkRequest [ LISTEN id=4224, [ Capabilities: INTERNET&NOT_RESTRICTED&TRUSTED Unwanted:  Uid: 10120] ], android.os.BinderProxy@a7d57d7)
11-27 17:13:49.732   885  2974 W ActivityManager: Scheduling restart of crashed service com.ss.android.article.news/com.bytedance.common.wschannel.server.WsChannelService in 1000ms
11-27 17:13:50.768   885  1849 W ActivityManager: Background start not allowed: service Intent { act=kwai.intent.action.PUSH cmp=com.kuaishou.nebula/com.yxcorp.gifshow.push.PushService } to com.kuaishou.nebula/com.yxcorp.gifshow.push.PushService from pid=27858 uid=10139 pkg=com.kuaishou.nebula startFg?=false
11-27 17:13:51.085   885  1126 I ActivityManager: Start proc 28217:com.ss.android.article.news:push/u0a120 for service com.ss.android.article.news/com.bytedance.common.wschannel.server.WsChannelService
11-27 17:13:51.568   885  1126 I ActivityManager: Start proc 28267:com.ss.android.article.news/u0a120 for content provider com.ss.android.article.news/com.ss.android.pushmanager.setting.PushMultiProcessSharedProvider
11-27 17:13:51.756   885  2952 D ConnectivityService: ConnectivityService NetworkRequestInfo binderDied(NetworkRequest [ LISTEN id=4196, [ Capabilities: INTERNET&NOT_RESTRICTED&TRUSTED Unwanted:  Uid: 10120] ], android.os.BinderProxy@bd91260)
11-27 17:13:51.756   885  2063 D ConnectivityService: ConnectivityService NetworkRequestInfo binderDied(NetworkRequest [ LISTEN id=4194, [ Capabilities: INTERNET&NOT_RESTRICTED&TRUSTED Unwanted:  Uid: 10120] ], android.os.BinderProxy@45a0663)
11-27 17:13:52.256   885  1849 W ActivityManager: Background start not allowed: service Intent { cmp=com.ss.android.article.news/com.bytedance.common.wschannel.server.WsChannelService } to com.ss.android.article.news/com.bytedance.common.wschannel.server.WsChannelService from pid=28217 uid=10120 pkg=com.ss.android.article.news startFg?=false
11-27 17:13:52.876   885  9985 I ActivityManager: Killing 26883:android.process.acore/u0a4 (adj 904): empty #31
11-27 17:13:52.877   885  9985 I ActivityManager: Killing 26020:com.google.android.calendar/u0a65 (adj 906): empty #32
11-27 17:13:53.011   885  1849 D ConnectivityService: ConnectivityService NetworkRequestInfo binderDied(NetworkRequest [ TRACK_DEFAULT id=4218, [ Capabilities: INTERNET&NOT_RESTRICTED&TRUSTED Unwanted:  Uid: 10065] ], android.os.BinderProxy@ea47c8e)
11-27 17:13:53.011   885  4118 D ConnectivityService: ConnectivityService NetworkRequestInfo binderDied(NetworkRequest [ LISTEN id=4219, [ Capabilities: INTERNET&NOT_RESTRICTED&TRUSTED Unwanted:  Uid: 10065] ], android.os.BinderProxy@dd07caf)
11-27 17:13:53.012   885  1388 D ConnectivityService: releasing NetworkRequest [ TRACK_DEFAULT id=4218, [ Capabilities: INTERNET&NOT_RESTRICTED&TRUSTED Unwanted:  Uid: 10065] ] (release request)
11-27 17:13:53.262   885  1126 I ActivityManager: Start proc 28460:com.ss.android.article.news:sandboxed_process1/u0a120 for service com.ss.android.article.news/com.bytedance.org.chromium.content.app.SandboxedProcessService0
11-27 17:13:53.761   885  9982 W ActivityManager: Background start not allowed: service Intent { cmp=com.ss.android.article.news/com.bytedance.common.wschannel.server.WsChannelService } to com.ss.android.article.news/com.bytedance.common.wschannel.server.WsChannelService from pid=28460 uid=10120 pkg=com.ss.android.article.news startFg?=false
11-27 17:13:54.079   885  9982 I ActivityManager: Killing 26526:com.google.process.gapps/u0a22 (adj 904): empty #31
11-27 17:13:54.675   885  2109 D ConnectivityService: requestNetwork for uid/pid:10140/27785 NetworkRequest [ TRACK_DEFAULT id=4233, [ Capabilities: INTERNET&NOT_RESTRICTED&TRUSTED Unwanted:  Uid: 10140] ]
11-27 17:13:56.903 27595 27617 E ActivityThread: Failed to find provider info for com.vivo.push.sdk.service.SystemPushConfig
11-27 17:13:56.971   885  2952 W ActivityManager: Background start not allowed: service Intent { act=com.ss.android.message pkg=com.ss.android.article.news (has extras) } to com.ss.android.article.news/com.ss.android.newmedia.message.MessageHandler from pid=28267 uid=10120 pkg=com.ss.android.article.news startFg?=false
11-27 17:13:56.976   885  2952 W ActivityManager: Background start not allowed: service Intent { act=com.ss.android.message pkg=com.ss.android.article.news (has extras) } to com.ss.android.article.news/com.ss.android.newmedia.message.MessageHandler from pid=28267 uid=10120 pkg=com.ss.android.article.news startFg?=false
11-27 17:13:57.080   885  2952 W ActivityManager: Background start not allowed: service Intent { cmp=com.ss.android.article.lite/com.xiaomi.push.service.XMPushService (has extras) } to com.ss.android.article.lite/com.xiaomi.push.service.XMPushService from pid=27595 uid=10141 pkg=com.ss.android.article.lite startFg?=false
11-27 17:13:57.116   885  2952 W ActivityManager: Background start not allowed: service Intent { act=com.xiaomi.push.network_status_changed cmp=com.ss.android.article.lite/com.xiaomi.push.service.XMPushService } to com.ss.android.article.lite/com.xiaomi.push.service.XMPushService from pid=27595 uid=10141 pkg=com.ss.android.article.lite startFg?=false
11-27 17:13:57.136   885  2952 W ActivityManager: Background start not allowed: service Intent { act=com.xiaomi.mipush.SEND_MESSAGE cmp=com.ss.android.article.lite/com.xiaomi.push.service.XMPushService (has extras) } to com.ss.android.article.lite/com.xiaomi.push.service.XMPushService from pid=27595 uid=10141 pkg=com.ss.android.article.lite startFg?=false
11-27 17:13:57.240   885  2952 W ActivityManager: Background start not allowed: service Intent { act=com.xiaomi.mipush.SEND_MESSAGE cmp=com.ss.android.article.lite/com.xiaomi.push.service.XMPushService (has extras) } to com.ss.android.article.lite/com.xiaomi.push.service.XMPushService from pid=27595 uid=10141 pkg=com.ss.android.article.lite startFg?=false
11-27 17:13:57.251   885  2952 W ActivityManager: Background start not allowed: service Intent { act=com.xiaomi.mipush.RECEIVE_MESSAGE cmp=com.ss.android.article.lite/com.xiaomi.mipush.sdk.PushMessageHandler (has extras) } to com.ss.android.article.lite/com.xiaomi.mipush.sdk.PushMessageHandler from pid=27595 uid=10141 pkg=com.ss.android.article.lite startFg?=false
11-27 17:13:57.255   885  2952 W ActivityManager: Background start not allowed: service Intent { cmp=com.ss.android.article.lite/com.xiaomi.push.service.XMPushService (has extras) } to com.ss.android.article.lite/com.xiaomi.push.service.XMPushService from pid=27595 uid=10141 pkg=com.ss.android.article.lite startFg?=false
11-27 17:13:57.787   885  2952 W ActivityManager: Background start not allowed: service Intent { act=com.ss.android.message.action.PUSH_SERVICE pkg=com.ss.android.article.lite cmp=com.ss.android.article.lite/com.ss.android.message.NotifyService } to com.ss.android.article.lite/com.ss.android.message.NotifyService from pid=27456 uid=10141 pkg=com.ss.android.article.lite startFg?=false
11-27 17:13:58.552   885  2952 W ActivityManager: Background start not allowed: service Intent { act=android.net.conn.CONNECTIVITY_CHANGE cmp=com.ss.android.article.news/com.ss.android.socialbase.downloader.notification.DownloadNotificationService } to com.ss.android.article.news/com.ss.android.socialbase.downloader.notification.DownloadNotificationService from pid=28267 uid=10120 pkg=com.ss.android.article.news startFg?=false
11-27 17:13:58.564   885  2952 W ActivityManager: Background start not allowed: service Intent { act=com.ss.android.downloader.action.MULTI_PROCESS_NOTIFY cmp=com.ss.android.article.news/com.ss.android.socialbase.downloader.impls.DownloadHandleService } to com.ss.android.article.news/com.ss.android.socialbase.downloader.impls.DownloadHandleService from pid=28267 uid=10120 pkg=com.ss.android.article.news startFg?=false
11-27 17:13:58.585   885  4107 W ActivityManager: Background start not allowed: service Intent { cmp=com.ss.android.article.news/com.tt.miniapphost.placeholder.MiniappService0 } to com.ss.android.article.news/com.tt.miniapphost.placeholder.MiniappService0 from pid=28267 uid=10120 pkg=com.ss.android.article.news startFg?=false
11-27 17:14:02.094   885  1123 W ActivityManager: Stopping service due to app idle: u0a156 -1m0s510ms com.tencent.qqlive/.module.push.PushService
11-27 17:14:02.107   885  2952 W ActivityManager: Background start not allowed: service Intent { cmp=com.tencent.qqlive/.module.push.PushService } to com.tencent.qqlive/.module.push.PushService from pid=8746 uid=10156 pkg=com.tencent.qqlive startFg?=false
11-27 17:14:02.264   885  2313 W ActivityManager: Background start not allowed: service Intent { act=com.ss.android.downloader.action.MULTI_PROCESS_NOTIFY cmp=com.ss.android.article.lite/com.ss.android.socialbase.downloader.impls.DownloadHandleService } to com.ss.android.article.lite/com.ss.android.socialbase.downloader.impls.DownloadHandleService from pid=27595 uid=10141 pkg=com.ss.android.article.lite startFg?=false
11-27 17:14:02.279   885  2313 W ActivityManager: Background start not allowed: service Intent { cmp=com.ss.android.article.lite/com.tt.miniapphost.placeholder.MiniappService0 } to com.ss.android.article.lite/com.tt.miniapphost.placeholder.MiniappService0 from pid=27595 uid=10141 pkg=com.ss.android.article.lite startFg?=false
11-27 17:14:13.015   885  2952 I ActivityManager: Killing 26415:com.android.chrome:webview_service/u0a68 (adj 904): empty #31
11-27 17:14:13.026   885  2952 I ActivityManager: Killing 26924:com.google.android.gm/u0a91 (adj 906): empty #32
11-27 17:14:19.595   885  1388 D ConnectivityService: releasing NetworkRequest [ REQUEST id=4230, legacyType=3, [ Transports: CELLULAR Capabilities: SUPL&NOT_RESTRICTED&TRUSTED&NOT_VPN Unwanted:  Uid: 1000] ] (release request)
11-27 17:14:19.891   885  2313 W ActivityManager: Unable to start service Intent { cmp=com.autonavi.minimap/com.amap.api.service.AMapService (has extras) } U=0: not found
11-27 17:14:19.893   885  2313 W ActivityManager: Unable to start service Intent { cmp=com.autonavi.minimap/.LBSConnectionService (has extras) } U=0: not found
11-27 17:14:29.777   885  2313 W ActivityManager: Background start not allowed: service Intent { act=com.taobao.accs.intent.action.RECEIVE pkg=com.ss.android.article.video cmp=com.ss.android.article.video/com.taobao.accs.data.MsgDistributeService (has extras) } to com.ss.android.article.video/com.taobao.accs.data.MsgDistributeService from pid=27278 uid=10140 pkg=com.ss.android.article.video startFg?=false
11-27 17:14:30.205   885  2313 W ActivityManager: Background start not allowed: service Intent { act=com.ss.android.newmedia.message.cache.action cmp=com.ss.android.article.news/com.ss.android.newmedia.message.MessageHandler } to com.ss.android.article.news/com.ss.android.newmedia.message.MessageHandler from pid=28267 uid=10120 pkg=com.ss.android.article.news startFg?=false
11-27 17:14:30.261   885  1126 I ActivityManager: Start proc 28979:com.tencent.android.qqdownloader:live/u0a110 for service com.tencent.android.qqdownloader/cn.jpush.yyb.YYBJPushDaemonService
11-27 17:14:30.428   885  6162 W ActivityManager: Background start not allowed: service Intent { cmp=com.tencent.android.qqdownloader/com.tencent.assistant.sdk.SDKSupportService (has extras) } to com.tencent.android.qqdownloader/com.tencent.assistant.sdk.SDKSupportService from pid=28979 uid=10110 pkg=com.tencent.android.qqdownloader startFg?=false
11-27 17:14:30.498   885  1126 I ActivityManager: Start proc 29001:com.tencent.android.qqdownloader:daemon/u0a110 for content provider com.tencent.android.qqdownloader/com.tencent.assistant.db.contentprovider.AstSettingsProvider
11-27 17:14:30.638 29001 29001 D ActivityThread: Loading provider com.tencent.android.qqdownloader.settings.provider: com.tencent.assistant.db.contentprovider.AstSettingsProvider
11-27 17:14:30.698   885  2313 W ActivityManager: Background start not allowed: service Intent { cmp=com.tencent.android.qqdownloader/com.tencent.assistant.daemon.CoreService } to com.tencent.android.qqdownloader/com.tencent.assistant.daemon.CoreService from pid=29001 uid=10110 pkg=com.tencent.android.qqdownloader startFg?=false
11-27 17:14:30.700   885  6162 I ActivityManager: Killing 27160:com.google.android.apps.turbo/u0a46 (adj 904): empty #31
11-27 17:14:30.769   885  1126 I ActivityManager: Start proc 29041:com.tencent.android.qqdownloader/u0a110 for content provider com.tencent.android.qqdownloader/com.tencent.assistant.db.contentprovider.WallpaperProvider
11-27 17:14:30.842   885  6162 I ActivityManager: Killing 29354:com.android.chrome/u0a68 (adj 904): empty #31
11-27 17:14:30.843   885  6162 I ActivityManager: Killing 25126:com.google.process.gservices/u0a22 (adj 906): empty #32
11-27 17:14:30.887 29001 29037 W FileUtils: Failed to chmod(/data/user/0/com.tencent.android.qqdownloader/app_bugly): android.system.ErrnoException: chmod failed: EACCES (Permission denied)
11-27 17:14:30.888 29001 29037 W FileUtils: Failed to chmod(/data/user/0/com.tencent.android.qqdownloader/app_bugly): android.system.ErrnoException: chmod failed: EACCES (Permission denied)
11-27 17:14:30.893 29001 29063 W FileUtils: Failed to chmod(/data/user/0/com.tencent.android.qqdownloader/app_crashrecord): android.system.ErrnoException: chmod failed: EACCES (Permission denied)
11-27 17:14:30.995   885  2973 D ConnectivityService: ConnectivityService NetworkRequestInfo binderDied(NetworkRequest [ TRACK_DEFAULT id=3660, [ Capabilities: INTERNET&NOT_RESTRICTED&TRUSTED Unwanted:  Uid: 10068] ], android.os.BinderProxy@b3387f)
11-27 17:14:30.995   885  1274 D ConnectivityService: ConnectivityService NetworkRequestInfo binderDied(NetworkRequest [ LISTEN id=3661, [ Capabilities: INTERNET&NOT_RESTRICTED&TRUSTED Unwanted:  Uid: 10068] ], android.os.BinderProxy@8bff04c)
11-27 17:14:30.995   885  2313 D ConnectivityService: ConnectivityService NetworkRequestInfo binderDied(NetworkRequest [ LISTEN id=3657, [ Capabilities: INTERNET&NOT_RESTRICTED&TRUSTED Unwanted:  Uid: 10068] ], android.os.BinderProxy@bb8a895)
11-27 17:14:30.995   885  3532 D ConnectivityService: ConnectivityService NetworkRequestInfo binderDied(NetworkRequest [ TRACK_DEFAULT id=3656, [ Capabilities: INTERNET&NOT_RESTRICTED&TRUSTED Unwanted:  Uid: 10068] ], android.os.BinderProxy@93b5daa)
11-27 17:14:30.996   885  1388 D ConnectivityService: releasing NetworkRequest [ TRACK_DEFAULT id=3660, [ Capabilities: INTERNET&NOT_RESTRICTED&TRUSTED Unwanted:  Uid: 10068] ] (release request)
11-27 17:14:30.997   885  1388 D ConnectivityService: releasing NetworkRequest [ TRACK_DEFAULT id=3656, [ Capabilities: INTERNET&NOT_RESTRICTED&TRUSTED Unwanted:  Uid: 10068] ] (release request)
11-27 17:14:30.999   885  9988 W ActivityManager: Scheduling restart of crashed service com.android.chrome/org.chromium.chrome.browser.customtabs.CustomTabsConnectionService in 1000ms
11-27 17:14:31.002   885  9988 I ActivityManager: Killing 2406:com.android.chrome:sandboxed_process2/u0a68i370 (adj 0): isolated not needed
11-27 17:14:31.003   885  1158 W ActivityManager: setHasOverlayUi called on unknown pid: 29354
11-27 17:14:31.189   885   895 I ActivityManager: Process com.android.chrome:privileged_process0 (pid 29423) has died: fore SVC 
11-27 17:14:31.334 29041 29089 W FileUtils: Failed to chmod(/data/user/0/com.tencent.android.qqdownloader/app_bugly): android.system.ErrnoException: chmod failed: EACCES (Permission denied)
11-27 17:14:31.334 29041 29089 W FileUtils: Failed to chmod(/data/user/0/com.tencent.android.qqdownloader/app_bugly): android.system.ErrnoException: chmod failed: EACCES (Permission denied)
11-27 17:14:31.338 29041 29098 W FileUtils: Failed to chmod(/data/user/0/com.tencent.android.qqdownloader/app_crashrecord): android.system.ErrnoException: chmod failed: EACCES (Permission denied)
11-27 17:14:31.440   885  1123 W BroadcastQueue: Background execution not allowed: receiving Intent { act=com.tencent.assistant.ipc.firststart.action flg=0x10 } to com.tencent.android.qqdownloader/com.tencent.kidprotect.BootReceiver
11-27 17:14:32.018   885  1126 I ActivityManager: Start proc 29168:com.android.chrome/u0a68 for service com.android.chrome/org.chromium.chrome.browser.customtabs.CustomTabsConnectionService
11-27 17:14:32.178 29001 29118 W FileUtils: Failed to chmod(/data/user/0/com.tencent.android.qqdownloader/app_turingdfp): android.system.ErrnoException: chmod failed: EACCES (Permission denied)
11-27 17:14:32.517   885  1126 I ActivityManager: Start proc 29203:com.tencent.android.qqdownloader:tools/u0a110 for service com.tencent.android.qqdownloader/com.tencent.assistant.tools.ToolService
11-27 17:14:32.714 29041 29081 W FileUtils: Failed to chmod(/data/user/0/com.tencent.android.qqdownloader/app_plugin): android.system.ErrnoException: chmod failed: EACCES (Permission denied)
11-27 17:14:32.714 29041 29081 W FileUtils: Failed to chmod(/data/user/0/com.tencent.android.qqdownloader/app_plugin): android.system.ErrnoException: chmod failed: EACCES (Permission denied)
11-27 17:14:32.715 29041 29081 W FileUtils: Failed to chmod(/data/user/0/com.tencent.android.qqdownloader/app_plugin_dex_cache): android.system.ErrnoException: chmod failed: EACCES (Permission denied)
11-27 17:14:32.715 29041 29081 W FileUtils: Failed to chmod(/data/user/0/com.tencent.android.qqdownloader/app_plugin): android.system.ErrnoException: chmod failed: EACCES (Permission denied)
11-27 17:14:32.881   885  2952 W ActivityManager: Background start not allowed: service Intent { cmp=com.tencent.android.qqdownloader/com.tencent.assistant.tools.ToolService } to com.tencent.android.qqdownloader/com.tencent.assistant.tools.ToolService from pid=29001 uid=10110 pkg=com.tencent.android.qqdownloader startFg?=false
11-27 17:14:32.947   885  9993 D ConnectivityService: requestNetwork for uid/pid:10068/29168 NetworkRequest [ TRACK_DEFAULT id=4237, [ Capabilities: INTERNET&NOT_RESTRICTED&TRUSTED Unwanted:  Uid: 10068] ]
11-27 17:14:32.971   885  1126 I ActivityManager: Start proc 29251:com.android.chrome:sandboxed_process0/u0i398 for webview_service com.android.chrome/org.chromium.content.app.SandboxedProcessService0
11-27 17:14:33.041   885  1126 I ActivityManager: Start proc 29267:com.android.chrome:privileged_process0/u0a68 for service com.android.chrome/org.chromium.content.app.PrivilegedProcessService0
11-27 17:14:33.098   885  2952 I ActivityManager: Killing 27068:com.ss.android.ugc.aweme:pushservice/u0a95 (adj 904): empty #31
11-27 17:14:33.124   885  4117 I ActivityManager: Killing 25784:com.twitter.android/u0a89 (adj 904): empty #31
11-27 17:14:33.508   885  9977 D ConnectivityService: ConnectivityService NetworkRequestInfo binderDied(NetworkRequest [ TRACK_DEFAULT id=4226, [ Capabilities: INTERNET&NOT_RESTRICTED&TRUSTED Unwanted:  Uid: 10095] ], android.os.BinderProxy@4c07fff)
11-27 17:14:33.508   885  6146 D ConnectivityService: ConnectivityService NetworkRequestInfo binderDied(NetworkRequest [ LISTEN id=4225, [ Capabilities: INTERNET&NOT_RESTRICTED&TRUSTED Unwanted:  Uid: 10095] ], android.os.BinderProxy@b3061cc)
11-27 17:14:33.509   885  1388 D ConnectivityService: releasing NetworkRequest [ TRACK_DEFAULT id=4226, [ Capabilities: INTERNET&NOT_RESTRICTED&TRUSTED Unwanted:  Uid: 10095] ] (release request)
11-27 17:14:35.881   885  1864 W ActivityManager: Background start not allowed: service Intent { cmp=com.tencent.android.qqdownloader/com.tencent.assistant.daemon.CoreService (has extras) } to com.tencent.android.qqdownloader/com.tencent.assistant.daemon.CoreService from pid=29001 uid=10110 pkg=com.tencent.android.qqdownloader startFg?=false
11-27 17:14:36.455   885  3533 W ActivityManager: Background start not allowed: service Intent { cmp=com.tencent.android.qqdownloader/com.tencent.assistant.main.MainService } to com.tencent.android.qqdownloader/com.tencent.assistant.main.MainService from pid=29001 uid=10110 pkg=com.tencent.android.qqdownloader startFg?=false
11-27 17:14:36.457   885  3533 W ActivityManager: Background start not allowed: service Intent { cmp=com.tencent.android.qqdownloader/com.tencent.assistant.main.MainService } to com.tencent.android.qqdownloader/com.tencent.assistant.main.MainService from pid=29001 uid=10110 pkg=com.tencent.android.qqdownloader startFg?=false
11-27 17:14:36.813 29041 29119 W FileUtils: Failed to chmod(/data/user/0/com.tencent.android.qqdownloader/app_turingdfp): android.system.ErrnoException: chmod failed: EACCES (Permission denied)
