--------- beginning of crash
11-27 11:57:12.112 10047 10053 F libc    : FORTIFY: fclose: null FILE*
11-27 11:57:12.128 10047 10053 F libc    : Fatal signal 6 (SIGABRT), code -6 (SI_TKILL) in tid 10053 (libwatch.so), pid 10047 (libwatch.so)
11-27 11:57:12.639 10060 10060 F DEBUG   : *** *** *** *** *** *** *** *** *** *** *** *** *** *** *** ***
11-27 11:57:12.639 10060 10060 F DEBUG   : Build fingerprint: 'OnePlus/OnePlus6/OnePlus6:8.1.0/OPM1.171019.011/06140300:user/release-keys'
11-27 11:57:12.639 10060 10060 F DEBUG   : Revision: '0'
11-27 11:57:12.639 10060 10060 F DEBUG   : ABI: 'arm'
11-27 11:57:12.639 10060 10060 F DEBUG   : pid: 10047, tid: 10053, name: libwatch.so  >>> /data/app/com.tencent.android.qqdownloader-irDbkvszgqxw1RS8uGYu0Q==/lib/arm/libwatch.so <<<
11-27 11:57:12.639 10060 10060 F DEBUG   : signal 6 (SIGABRT), code -6 (SI_TKILL), fault addr --------
11-27 11:57:12.639 10060 10060 F DEBUG   : Abort message: 'FORTIFY: fclose: null FILE*'
11-27 11:57:12.639 10060 10060 F DEBUG   :     r0  00000000  r1  00002745  r2  00000006  r3  00000008
11-27 11:57:12.639 10060 10060 F DEBUG   :     r4  0000273f  r5  00002745  r6  ea25b82c  r7  0000010c
11-27 11:57:12.639 10060 10060 F DEBUG   :     r8  0000273f  r9  0000273f  r10 ea7a44ec  r11 00001000
11-27 11:57:12.639 10060 10060 F DEBUG   :     ip  00000078  sp  ea25b818  lr  ea52a0b9  pc  ea521f0a
11-27 11:57:12.685 10060 10060 F DEBUG   : 
11-27 11:57:12.685 10060 10060 F DEBUG   : backtrace:
11-27 11:57:12.685 10060 10060 F DEBUG   :     #00 pc 0001cf0a  /system/lib/libc.so (abort+58)
11-27 11:57:12.685 10060 10060 F DEBUG   :     #01 pc 0005ea07  /system/lib/libc.so (__fortify_fatal(char const*, ...)+26)
11-27 11:57:12.685 10060 10060 F DEBUG   :     #02 pc 0005eb09  /system/lib/libc.so (fclose+248)
11-27 11:57:12.685 10060 10060 F DEBUG   :     #03 pc 000017a9  /data/app/com.tencent.android.qqdownloader-irDbkvszgqxw1RS8uGYu0Q==/lib/arm/libwatch.so
11-27 11:57:12.685 10060 10060 F DEBUG   :     #04 pc 000018ad  /data/app/com.tencent.android.qqdownloader-irDbkvszgqxw1RS8uGYu0Q==/lib/arm/libwatch.so
11-27 11:57:12.685 10060 10060 F DEBUG   :     #05 pc 00064409  /system/lib/libc.so (__pthread_start(void*)+22)
11-27 11:57:12.685 10060 10060 F DEBUG   :     #06 pc 0001e0cd  /system/lib/libc.so (__start_thread+24)
11-27 11:58:21.418 12247 12266 F libc    : FORTIFY: fclose: null FILE*
11-27 11:58:21.419 12247 12266 F libc    : Fatal signal 6 (SIGABRT), code -6 (SI_TKILL) in tid 12266 (libwatch.so), pid 12247 (libwatch.so)
11-27 11:58:21.797 12277 12277 F DEBUG   : *** *** *** *** *** *** *** *** *** *** *** *** *** *** *** ***
11-27 11:58:21.797 12277 12277 F DEBUG   : Build fingerprint: 'OnePlus/OnePlus6/OnePlus6:8.1.0/OPM1.171019.011/06140300:user/release-keys'
11-27 11:58:21.797 12277 12277 F DEBUG   : Revision: '0'
11-27 11:58:21.797 12277 12277 F DEBUG   : ABI: 'arm'
11-27 11:58:21.797 12277 12277 F DEBUG   : pid: 12247, tid: 12266, name: libwatch.so  >>> /data/app/com.tencent.android.qqdownloader-irDbkvszgqxw1RS8uGYu0Q==/lib/arm/libwatch.so <<<
11-27 11:58:21.797 12277 12277 F DEBUG   : signal 6 (SIGABRT), code -6 (SI_TKILL), fault addr --------
11-27 11:58:21.797 12277 12277 F DEBUG   : Abort message: 'FORTIFY: fclose: null FILE*'
11-27 11:58:21.797 12277 12277 F DEBUG   :     r0  00000000  r1  00002fea  r2  00000006  r3  00000008
11-27 11:58:21.797 12277 12277 F DEBUG   :     r4  00002fd7  r5  00002fea  r6  ea9cc82c  r7  0000010c
11-27 11:58:21.797 12277 12277 F DEBUG   :     r8  00002fd7  r9  00002fd7  r10 eaf2f4ec  r11 00001000
11-27 11:58:21.803 12277 12277 F DEBUG   :     ip  00000078  sp  ea9cc818  lr  eac2f0b9  pc  eac26f0a
11-27 11:58:21.835 12277 12277 F DEBUG   : 
11-27 11:58:21.835 12277 12277 F DEBUG   : backtrace:
11-27 11:58:21.835 12277 12277 F DEBUG   :     #00 pc 0001cf0a  /system/lib/libc.so (abort+58)
11-27 11:58:21.835 12277 12277 F DEBUG   :     #01 pc 0005ea07  /system/lib/libc.so (__fortify_fatal(char const*, ...)+26)
11-27 11:58:21.835 12277 12277 F DEBUG   :     #02 pc 0005eb09  /system/lib/libc.so (fclose+248)
11-27 11:58:21.835 12277 12277 F DEBUG   :     #03 pc 000017a9  /data/app/com.tencent.android.qqdownloader-irDbkvszgqxw1RS8uGYu0Q==/lib/arm/libwatch.so
11-27 11:58:21.836 12277 12277 F DEBUG   :     #04 pc 000018ad  /data/app/com.tencent.android.qqdownloader-irDbkvszgqxw1RS8uGYu0Q==/lib/arm/libwatch.so
11-27 11:58:21.836 12277 12277 F DEBUG   :     #05 pc 00064409  /system/lib/libc.so (__pthread_start(void*)+22)
11-27 11:58:21.836 12277 12277 F DEBUG   :     #06 pc 0001e0cd  /system/lib/libc.so (__start_thread+24)
--------- beginning of system
11-27 12:53:59.827   885  1123 I chatty  : uid=1000(system) ActivityManager expire 40 lines
11-27 12:54:00.345   885  4118 I chatty  : uid=1000(system) Binder:885_15 expire 10 lines
11-27 12:54:03.012   885  1849 I chatty  : uid=1000(system) Binder:885_4 expire 22 lines
11-27 12:55:01.592   885  1318 I chatty  : uid=1000(system) InputReader expire 20 lines
11-27 12:56:12.361   885  6162 I chatty  : uid=1000(system) Binder:885_18 expire 21 lines
11-27 12:56:49.264  1871  1871 V DeadZone: consuming errant click: (533.0,0.0)
11-27 12:56:49.266  1871  1871 V DeadZone: consuming errant click: (533.0,0.0)
11-27 12:57:12.242   885  1317 I chatty  : uid=1000(system) InputDispatcher expire 86 lines
11-27 12:57:44.941   885  2313 I chatty  : uid=1000(system) Binder:885_A expire 20 lines
11-27 12:57:52.667   885  6150 I chatty  : uid=1000(system) Binder:885_17 expire 20 lines
11-27 12:57:56.358   885  9987 I chatty  : uid=1000(system) Binder:885_1D expire 15 lines
11-27 12:58:21.161   885  1123 I chatty  : uid=1000(system) ActivityManager expire 12 lines
11-27 12:59:14.848   885  1318 I chatty  : uid=1000(system) InputReader expire 24 lines
11-27 12:59:15.959   885   885 I chatty  : uid=1000 system_server expire 10 lines
11-27 12:59:50.765   885  1864 I chatty  : uid=1000(system) Binder:885_5 expire 17 lines
11-27 13:00:10.861  1135  1419 D QMI_FW  : chen-screen off: is_screen_off = 1 
11-27 13:00:10.864  1159  1518 D QMI_FW  : chen-screen off: is_screen_off = 1 
11-27 13:00:11.417   885   885 I chatty  : uid=1000 system_server expire 12 lines
11-27 13:01:10.834   885  1123 I chatty  : uid=1000(system) ActivityManager expire 12 lines
11-27 13:02:56.470   885  2973 I chatty  : uid=1000(system) Binder:885_F expire 15 lines
11-27 13:03:11.947   885  9987 I chatty  : uid=1000(system) Binder:885_1D expire 11 lines
11-27 13:03:44.181   885  6162 I chatty  : uid=1000(system) Binder:885_18 expire 10 lines
11-27 13:03:45.846   885  2082 I chatty  : uid=1000(system) Binder:885_7 expire 12 lines
11-27 13:03:48.734 32510 32510 I PackageParser: com.UCMobile: compat added android.permission.WRITE_EXTERNAL_STORAGE android.permission.READ_PHONE_STATE
11-27 13:04:07.352   885  1123 I chatty  : uid=1000(system) ActivityManager expire 62 lines
11-27 13:08:44.238   885  2960 I chatty  : uid=1000(system) Binder:885_D expire 10 lines
11-27 13:10:06.952   885  1117 I chatty  : uid=1000(system) android.bg expire 11 lines
11-27 13:15:15.607   885  1126 I chatty  : uid=1000(system) ActivityManager expire 14 lines
11-27 13:15:15.782   885  2953 I chatty  : uid=1000(system) Binder:885_C expire 14 lines
11-27 13:15:35.837   885  1864 I chatty  : uid=1000(system) Binder:885_5 expire 16 lines
11-27 13:21:29.610   885  1388 I chatty  : uid=1000(system) ConnectivitySer expire 15 lines
11-27 13:21:31.352  3929  3979 E ActivityThread: Failed to find provider info for com.vivo.push.sdk.service.SystemPushConfig
11-27 13:21:31.366  3929  3979 E ActivityThread: Failed to find provider info for com.vivo.push.sdk.service.SystemPushConfig
11-27 13:21:31.523   885  9993 I chatty  : uid=1000(system) Binder:885_20 expire 13 lines
11-27 13:30:49.865   885  1123 I chatty  : uid=1000(system) ActivityManager expire 16 lines
11-27 13:33:45.367   885  1126 I chatty  : uid=1000(system) ActivityManager expire 12 lines
11-27 13:33:47.292   885  2107 I chatty  : uid=1000(system) Binder:885_8 expire 10 lines
11-27 13:33:50.671   885  2960 I chatty  : uid=1000(system) Binder:885_D expire 12 lines
11-27 13:33:51.342   885  2063 I chatty  : uid=1000(system) Binder:885_6 expire 10 lines
11-27 13:34:19.038   885  6146 I chatty  : uid=1000(system) Binder:885_16 expire 15 lines
11-27 13:36:04.536  6155  6155 I PackageParser: com.UCMobile: compat added android.permission.WRITE_EXTERNAL_STORAGE android.permission.READ_PHONE_STATE
11-27 13:38:47.088   885  9977 I chatty  : uid=1000(system) Binder:885_1A expire 10 lines
11-27 13:41:46.132   885  1318 I chatty  : uid=1000(system) InputReader expire 14 lines
11-27 13:41:46.146   885  1163 I chatty  : uid=1000(system) PowerManagerSer expire 10 lines
11-27 13:41:46.181  1135  1419 D QMI_FW  : chen-screen on: is_screen_off = 0 
11-27 13:41:46.189  1159  1518 D QMI_FW  : chen-screen on: is_screen_off = 0 
11-27 13:41:46.191   885  1123 I chatty  : uid=1000(system) ActivityManager expire 54 lines
11-27 13:41:46.491   885  1849 I chatty  : uid=1000(system) Binder:885_4 expire 22 lines
11-27 13:41:47.075  1871  1871 W FingerprintManager: Invalid acquired message: 6, 0
11-27 13:41:47.449   885  1126 I chatty  : uid=1000(system) ActivityManager expire 14 lines
11-27 13:41:47.476   885  2313 I chatty  : uid=1000(system) Binder:885_A expire 11 lines
11-27 13:41:47.654   885   885 I chatty  : uid=1000 system_server expire 25 lines
11-27 13:41:52.484   885  4107 I chatty  : uid=1000(system) Binder:885_13 expire 12 lines
11-27 13:41:56.531   885  1864 I chatty  : uid=1000(system) Binder:885_5 expire 12 lines
11-27 13:41:57.567   885  1317 I chatty  : uid=1000(system) InputDispatcher expire 24 lines
11-27 13:42:06.676   938   938 W wificond: Scan aborted
11-27 13:42:06.712   885  1123 I chatty  : uid=1000(system) ActivityManager expire 64 lines
11-27 13:42:06.908   885   885 I chatty  : uid=1000 system_server expire 60 lines
11-27 13:42:08.203   885  3532 I chatty  : uid=1000(system) Binder:885_11 expire 14 lines
11-27 13:42:36.195   885  1388 I chatty  : uid=1000(system) ConnectivitySer expire 11 lines
11-27 13:42:50.900   885  9982 I chatty  : uid=1000(system) Binder:885_1B expire 12 lines
11-27 13:43:11.808   885  1156 I chatty  : uid=1000(system) android.fg expire 15 lines
11-27 13:43:12.436  6520  8340 E ActivityThread: Failed to find provider info for com.vivo.push.sdk.service.SystemPushConfig
11-27 13:43:12.499  8196  8398 I chatty  : uid=10110(com.tencent.android.qqdownloader) iptables-wrapper-1.0 expire 2 lines
11-27 13:43:12.534  8196  8513 I chatty  : uid=10110(com.tencent.android.qqdownloader) iptables-wrapper-1.0 expire 1 line
11-27 13:43:12.630  6520  8340 E ActivityThread: Failed to find provider info for com.vivo.push.sdk.service.SystemPushConfig
11-27 13:43:12.987  8258  8258 E ActivityThread: Failed to find provider info for com.vivo.push.sdk.service.SystemPushConfig
11-27 13:43:13.084  8182  8182 I PackageParser: com.UCMobile: compat added android.permission.WRITE_EXTERNAL_STORAGE android.permission.READ_PHONE_STATE
11-27 13:43:15.197   885   885 I chatty  : uid=1000 system_server expire 11 lines
11-27 13:43:17.188   885  9987 I chatty  : uid=1000(system) Binder:885_1D expire 12 lines
11-27 13:43:17.506  8679  8679 E ActivityThread: Failed to find provider info for com.vivo.push.sdk.service.SystemPushConfig
11-27 13:43:17.779 26221  8642 E ActivityThread: Failed to find provider info for com.jingdong.app.mall.wakeup.provider
11-27 13:43:18.844  8240  9466 E ActivityThread: Failed to find provider info for com.jingdong.app.mall.wakeup.provider
11-27 13:43:18.971  8944  8944 I PackageParser: com.UCMobile: compat added android.permission.WRITE_EXTERNAL_STORAGE android.permission.READ_PHONE_STATE
11-27 13:43:19.899   885  2960 I chatty  : uid=1000(system) Binder:885_D expire 13 lines
11-27 13:43:21.020  8258  9587 E ActivityThread: Failed to find provider info for com.jingdong.app.mall.wakeup.provider
11-27 13:43:22.743   885  1123 I chatty  : uid=1000(system) ActivityManager expire 11 lines
11-27 13:43:26.052  8196  8357 I chatty  : uid=10110(com.tencent.android.qqdownloader) iptables-wrapper-1.0 expire 4 lines
11-27 13:43:26.345  8196  9475 I chatty  : uid=10110(com.tencent.android.qqdownloader) iptables-wrapper-1.0 expire 1 line
11-27 13:43:26.447  8204  8458 E ActivityThread: Failed to find provider info for com.vivo.push.sdk.service.SystemPushConfig
11-27 13:43:28.453  8965  9227 E ActivityThread: Failed to find provider info for com.vivo.push.sdk.service.SystemPushConfig
11-27 13:43:28.581  8965  9227 E ActivityThread: Failed to find provider info for com.vivo.push.sdk.service.SystemPushConfig
11-27 13:43:30.772   885  1126 I chatty  : uid=1000(system) ActivityManager expire 10 lines
11-27 13:43:30.963 10100 10100 E LoadedApk: Unable to instantiate appComponentFactory
11-27 13:43:30.963 10100 10100 E LoadedApk: java.lang.ClassNotFoundException: Didn't find class "android.support.v4.app.CoreComponentFactory" on path: DexPathList[[zip file "/system/framework/org.apache.http.legacy.boot.jar", zip file "/data/app/com.ldzs.zhangxin-HJKMEr4XcOjEviwZKJdDzA==/base.apk"],nativeLibraryDirectories=[/data/app/com.ldzs.zhangxin-HJKMEr4XcOjEviwZKJdDzA==/lib/arm, /data/app/com.ldzs.zhangxin-HJKMEr4XcOjEviwZKJdDzA==/base.apk!/lib/armeabi-v7a, /system/lib]]
11-27 13:43:30.963 10100 10100 E LoadedApk: 	at dalvik.system.BaseDexClassLoader.findClass(BaseDexClassLoader.java:134)
11-27 13:43:30.963 10100 10100 E LoadedApk: 	at java.lang.ClassLoader.loadClass(ClassLoader.java:379)
11-27 13:43:30.963 10100 10100 E LoadedApk: 	at java.lang.ClassLoader.loadClass(ClassLoader.java:312)
11-27 13:43:30.963 10100 10100 E LoadedApk: 	at android.app.LoadedApk.createAppFactory(LoadedApk.java:226)
11-27 13:43:30.963 10100 10100 E LoadedApk: 	at android.app.LoadedApk.createOrUpdateClassLoaderLocked(LoadedApk.java:731)
11-27 13:43:30.963 10100 10100 E LoadedApk: 	at android.app.LoadedApk.getClassLoader(LoadedApk.java:810)
11-27 13:43:30.963 10100 10100 E LoadedApk: 	at android.app.LoadedApk.getResources(LoadedApk.java:1032)
11-27 13:43:30.963 10100 10100 E LoadedApk: 	at android.app.ContextImpl.createAppContext(ContextImpl.java:2345)
11-27 13:43:30.963 10100 10100 E LoadedApk: 	at android.app.ActivityThread.handleBindApplication(ActivityThread.java:5798)
11-27 13:43:30.963 10100 10100 E LoadedApk: 	at android.app.ActivityThread.access$1100(ActivityThread.java:200)
11-27 13:43:30.963 10100 10100 E LoadedApk: 	at android.app.ActivityThread$H.handleMessage(ActivityThread.java:1656)
11-27 13:43:30.963 10100 10100 E LoadedApk: 	at android.os.Handler.dispatchMessage(Handler.java:106)
11-27 13:43:30.963 10100 10100 E LoadedApk: 	at android.os.Looper.loop(Looper.java:193)
11-27 13:43:30.963 10100 10100 E LoadedApk: 	at android.app.ActivityThread.main(ActivityThread.java:6718)
11-27 13:43:30.963 10100 10100 E LoadedApk: 	at java.lang.reflect.Method.invoke(Native Method)
11-27 13:43:30.963 10100 10100 E LoadedApk: 	at com.android.internal.os.RuntimeInit$MethodAndArgsCaller.run(RuntimeInit.java:493)
11-27 13:43:30.963 10100 10100 E LoadedApk: 	at com.android.internal.os.ZygoteInit.main(ZygoteInit.java:858)
11-27 13:43:32.188  8196  9673 I chatty  : uid=10110(com.tencent.android.qqdownloader) iptables-wrapper-1.0 expire 2 lines
11-27 13:43:34.093  8196  8358 I chatty  : uid=10110(com.tencent.android.qqdownloader) iptables-wrapper-1.0 expire 1 line
11-27 13:43:34.208   885  1123 I chatty  : uid=1000(system) ActivityManager expire 29 lines
11-27 13:43:37.992 10553 10553 E LoadedApk: Unable to instantiate appComponentFactory
11-27 13:43:37.992 10553 10553 E LoadedApk: java.lang.ClassNotFoundException: Didn't find class "android.support.v4.app.CoreComponentFactory" on path: DexPathList[[zip file "/system/framework/org.apache.http.legacy.boot.jar", zip file "/data/app/com.ldzs.zhangxin-HJKMEr4XcOjEviwZKJdDzA==/base.apk"],nativeLibraryDirectories=[/data/app/com.ldzs.zhangxin-HJKMEr4XcOjEviwZKJdDzA==/lib/arm, /data/app/com.ldzs.zhangxin-HJKMEr4XcOjEviwZKJdDzA==/base.apk!/lib/armeabi-v7a, /system/lib]]
11-27 13:43:37.992 10553 10553 E LoadedApk: 	at dalvik.system.BaseDexClassLoader.findClass(BaseDexClassLoader.java:134)
11-27 13:43:37.992 10553 10553 E LoadedApk: 	at java.lang.ClassLoader.loadClass(ClassLoader.java:379)
11-27 13:43:37.992 10553 10553 E LoadedApk: 	at java.lang.ClassLoader.loadClass(ClassLoader.java:312)
11-27 13:43:37.992 10553 10553 E LoadedApk: 	at android.app.LoadedApk.createAppFactory(LoadedApk.java:226)
11-27 13:43:37.992 10553 10553 E LoadedApk: 	at android.app.LoadedApk.createOrUpdateClassLoaderLocked(LoadedApk.java:731)
11-27 13:43:37.992 10553 10553 E LoadedApk: 	at android.app.LoadedApk.getClassLoader(LoadedApk.java:810)
11-27 13:43:37.992 10553 10553 E LoadedApk: 	at android.app.LoadedApk.getResources(LoadedApk.java:1032)
11-27 13:43:37.992 10553 10553 E LoadedApk: 	at android.app.ContextImpl.createAppContext(ContextImpl.java:2345)
11-27 13:43:37.992 10553 10553 E LoadedApk: 	at android.app.ActivityThread.handleBindApplication(ActivityThread.java:5798)
11-27 13:43:37.992 10553 10553 E LoadedApk: 	at android.app.ActivityThread.access$1100(ActivityThread.java:200)
11-27 13:43:37.992 10553 10553 E LoadedApk: 	at android.app.ActivityThread$H.handleMessage(ActivityThread.java:1656)
11-27 13:43:37.992 10553 10553 E LoadedApk: 	at android.os.Handler.dispatchMessage(Handler.java:106)
11-27 13:43:37.992 10553 10553 E LoadedApk: 	at android.os.Looper.loop(Looper.java:193)
11-27 13:43:37.992 10553 10553 E LoadedApk: 	at android.app.ActivityThread.main(ActivityThread.java:6718)
11-27 13:43:37.992 10553 10553 E LoadedApk: 	at java.lang.reflect.Method.invoke(Native Method)
11-27 13:43:37.992 10553 10553 E LoadedApk: 	at com.android.internal.os.RuntimeInit$MethodAndArgsCaller.run(RuntimeInit.java:493)
11-27 13:43:37.992 10553 10553 E LoadedApk: 	at com.android.internal.os.ZygoteInit.main(ZygoteInit.java:858)
11-27 13:43:40.152   885  9977 I chatty  : uid=1000(system) Binder:885_1A expire 16 lines
11-27 13:43:43.729  8196  8342 I chatty  : uid=10110(com.tencent.android.qqdownloader) iptables-wrapper-1.0 expire 4 lines
11-27 13:43:44.349   885  3533 I chatty  : uid=1000(system) Binder:885_12 expire 13 lines
11-27 13:43:44.550 10817 10817 E LoadedApk: Unable to instantiate appComponentFactory
11-27 13:43:44.550 10817 10817 E LoadedApk: java.lang.ClassNotFoundException: Didn't find class "android.support.v4.app.CoreComponentFactory" on path: DexPathList[[zip file "/system/framework/org.apache.http.legacy.boot.jar", zip file "/data/app/com.ldzs.zhangxin-HJKMEr4XcOjEviwZKJdDzA==/base.apk"],nativeLibraryDirectories=[/data/app/com.ldzs.zhangxin-HJKMEr4XcOjEviwZKJdDzA==/lib/arm, /data/app/com.ldzs.zhangxin-HJKMEr4XcOjEviwZKJdDzA==/base.apk!/lib/armeabi-v7a, /system/lib]]
11-27 13:43:44.550 10817 10817 E LoadedApk: 	at dalvik.system.BaseDexClassLoader.findClass(BaseDexClassLoader.java:134)
11-27 13:43:44.550 10817 10817 E LoadedApk: 	at java.lang.ClassLoader.loadClass(ClassLoader.java:379)
11-27 13:43:44.550 10817 10817 E LoadedApk: 	at java.lang.ClassLoader.loadClass(ClassLoader.java:312)
11-27 13:43:44.550 10817 10817 E LoadedApk: 	at android.app.LoadedApk.createAppFactory(LoadedApk.java:226)
11-27 13:43:44.550 10817 10817 E LoadedApk: 	at android.app.LoadedApk.createOrUpdateClassLoaderLocked(LoadedApk.java:731)
11-27 13:43:44.550 10817 10817 E LoadedApk: 	at android.app.LoadedApk.getClassLoader(LoadedApk.java:810)
11-27 13:43:44.550 10817 10817 E LoadedApk: 	at android.app.LoadedApk.getResources(LoadedApk.java:1032)
11-27 13:43:44.550 10817 10817 E LoadedApk: 	at android.app.ContextImpl.createAppContext(ContextImpl.java:2345)
11-27 13:43:44.550 10817 10817 E LoadedApk: 	at android.app.ActivityThread.handleBindApplication(ActivityThread.java:5798)
11-27 13:43:44.550 10817 10817 E LoadedApk: 	at android.app.ActivityThread.access$1100(ActivityThread.java:200)
11-27 13:43:44.550 10817 10817 E LoadedApk: 	at android.app.ActivityThread$H.handleMessage(ActivityThread.java:1656)
11-27 13:43:44.550 10817 10817 E LoadedApk: 	at android.os.Handler.dispatchMessage(Handler.java:106)
11-27 13:43:44.550 10817 10817 E LoadedApk: 	at android.os.Looper.loop(Looper.java:193)
11-27 13:43:44.550 10817 10817 E LoadedApk: 	at android.app.ActivityThread.main(ActivityThread.java:6718)
11-27 13:43:44.550 10817 10817 E LoadedApk: 	at java.lang.reflect.Method.invoke(Native Method)
11-27 13:43:44.550 10817 10817 E LoadedApk: 	at com.android.internal.os.RuntimeInit$MethodAndArgsCaller.run(RuntimeInit.java:493)
11-27 13:43:44.550 10817 10817 E LoadedApk: 	at com.android.internal.os.ZygoteInit.main(ZygoteInit.java:858)
11-27 13:43:46.847   885  1123 I chatty  : uid=1000(system) ActivityManager expire 20 lines
11-27 13:43:49.694 10930 10963 I chatty  : uid=10110 com.tencent.android.qqdownloader:web expire 2 lines
11-27 13:43:49.708 10930 11083 I chatty  : uid=10110 com.tencent.android.qqdownloader:web expire 1 line
11-27 13:43:51.334   885  9982 I chatty  : uid=1000(system) Binder:885_1B expire 11 lines
11-27 13:43:54.490  8196 11306 I chatty  : uid=10110(com.tencent.android.qqdownloader) iptables-wrapper-1.0 expire 2 lines
11-27 13:43:54.963 10930 11319 I chatty  : uid=10110 com.tencent.android.qqdownloader:web expire 2 lines
11-27 13:43:55.536  1135  1419 D QMI_FW  : chen-screen off: is_screen_off = 1 
11-27 13:43:55.543  1159  1518 D QMI_FW  : chen-screen off: is_screen_off = 1 
11-27 13:43:56.005 10930 11125 I chatty  : uid=10110 com.tencent.android.qqdownloader:web expire 1 line
11-27 13:44:00.672 10930 11256 I chatty  : uid=10110 com.tencent.android.qqdownloader:web expire 2 lines
11-27 13:44:20.739  1135  1419 D QMI_FW  : chen-screen on: is_screen_off = 0 
11-27 13:44:20.743   885   885 I chatty  : uid=1000 system_server expire 20 lines
11-27 13:44:20.750  1159  1518 D QMI_FW  : chen-screen on: is_screen_off = 0 
11-27 13:44:20.755   885  1123 I chatty  : uid=1000(system) ActivityManager expire 76 lines
11-27 13:44:20.917  1871  1871 W FingerprintManager: Invalid acquired message: 6, 0
11-27 13:44:21.115   885  2973 I chatty  : uid=1000(system) Binder:885_F expire 13 lines
11-27 13:44:23.714   885  1318 I chatty  : uid=1000(system) InputReader expire 12 lines
11-27 13:44:23.884   885  1163 I chatty  : uid=1000(system) PowerManagerSer expire 10 lines
11-27 13:44:24.078   885  9987 I chatty  : uid=1000(system) Binder:885_1D expire 13 lines
11-27 13:44:24.365  1871  1871 W FingerprintManager: Invalid acquired message: 6, 0
11-27 13:44:24.506   885  1158 I chatty  : uid=1000(system) android.display expire 11 lines
11-27 13:44:24.517  1135  1419 D QMI_FW  : chen-screen off: is_screen_off = 1 
11-27 13:44:24.519  1159  1518 D QMI_FW  : chen-screen off: is_screen_off = 1 
11-27 13:44:24.786   885  2953 I chatty  : uid=1000(system) Binder:885_C expire 12 lines
11-27 13:44:24.832  1135  1419 D QMI_FW  : chen-screen on: is_screen_off = 0 
11-27 13:44:24.841  1159  1518 D QMI_FW  : chen-screen on: is_screen_off = 0 
11-27 13:44:25.162   885  2960 I chatty  : uid=1000(system) Binder:885_D expire 17 lines
11-27 13:44:44.997 26621 11671 I chatty  : uid=10110(com.tencent.android.qqdownloader) /system/bin/tc-wrapper-1.0 expire 26 lines
11-27 13:44:53.848   885  9977 I chatty  : uid=1000(system) Binder:885_1A expire 15 lines
11-27 13:44:56.084   885   885 I chatty  : uid=1000 system_server expire 21 lines
11-27 13:44:56.655  1871  1871 W FingerprintManager: Invalid acquired message: 6, 0
11-27 13:44:56.666   885  1849 I chatty  : uid=1000(system) Binder:885_4 expire 11 lines
11-27 13:44:56.699  1135  1419 D QMI_FW  : chen-screen off: is_screen_off = 1 
11-27 13:44:56.705  1159  1518 D QMI_FW  : chen-screen off: is_screen_off = 1 
11-27 13:44:56.805   885  1163 I chatty  : uid=1000(system) PowerManagerSer expire 10 lines
11-27 13:44:56.945   885  1123 I chatty  : uid=1000(system) ActivityManager expire 117 lines
11-27 13:44:57.162  1159  1518 D QMI_FW  : chen-screen on: is_screen_off = 0 
11-27 13:44:57.163  1135  1419 D QMI_FW  : chen-screen on: is_screen_off = 0 
11-27 13:45:00.798  1135  1419 D QMI_FW  : chen-screen off: is_screen_off = 1 
11-27 13:45:00.802  1159  1518 D QMI_FW  : chen-screen off: is_screen_off = 1 
11-27 13:45:57.805   885  2107 I chatty  : uid=1000(system) Binder:885_8 expire 15 lines
11-27 13:45:58.246   885  9993 I chatty  : uid=1000(system) Binder:885_20 expire 10 lines
11-27 13:46:10.586   885  1126 I chatty  : uid=1000(system) ActivityManager expire 11 lines
11-27 13:48:44.567 12031 12031 I chatty  : uid=10110 com.tencent.android.qqdownloader:daemon expire 1 line
11-27 13:48:44.755 12031 12083 I chatty  : uid=10110 com.tencent.android.qqdownloader:daemon expire 1 line
11-27 13:48:44.755 12031 12059 I chatty  : uid=10110 com.tencent.android.qqdownloader:daemon expire 2 lines
11-27 13:48:44.759   885  1274 I chatty  : uid=1000(system) Binder:885_3 expire 19 lines
11-27 13:48:44.759   885  9985 I chatty  : uid=1000(system) Binder:885_1C expire 23 lines
11-27 13:48:45.064 12064 12098 I chatty  : uid=10110(com.tencent.android.qqdownloader) expire 2 lines
11-27 13:48:45.083 12064 12111 I chatty  : uid=10110(com.tencent.android.qqdownloader) expire 1 line
11-27 13:48:45.123   885  1123 I chatty  : uid=1000(system) ActivityManager expire 55 lines
11-27 13:48:45.321   885  1388 I chatty  : uid=1000(system) ConnectivitySer expire 14 lines
11-27 13:48:45.322   885  4107 I chatty  : uid=1000(system) Binder:885_13 expire 14 lines
11-27 13:48:45.324   885  6150 I chatty  : uid=1000(system) Binder:885_17 expire 11 lines
11-27 13:48:45.848 12064 12094 I chatty  : uid=10110(com.tencent.android.qqdownloader) expire 4 lines
11-27 13:48:46.063 12031 12117 I chatty  : uid=10110 com.tencent.android.qqdownloader:daemon expire 1 line
11-27 13:48:50.590 12064 12135 I chatty  : uid=10110(com.tencent.android.qqdownloader) expire 1 line
11-27 13:48:53.399 12064 12092 I chatty  : uid=10110(com.tencent.android.qqdownloader) expire 4 lines
11-27 13:48:53.401 12064 12099 I chatty  : uid=10110(com.tencent.android.qqdownloader) expire 1 line
11-27 13:48:54.188 12064 12260 I chatty  : uid=10110(com.tencent.android.qqdownloader) expire 2 lines
11-27 13:49:29.065 26621 12328 I chatty  : uid=10110(com.tencent.android.qqdownloader) /system/bin/tc-wrapper-1.0 expire 26 lines
11-27 13:50:04.284   885  1318 I chatty  : uid=1000(system) InputReader expire 12 lines
11-27 13:50:04.287   885   885 I chatty  : uid=1000 system_server expire 12 lines
11-27 13:50:04.303   885  1163 I chatty  : uid=1000(system) PowerManagerSer expire 14 lines
11-27 13:50:04.326  1871  1871 W FingerprintManager: Invalid acquired message: 6, 0
11-27 13:50:04.330  1135  1419 D QMI_FW  : chen-screen on: is_screen_off = 0 
11-27 13:50:04.339  1159  1518 D QMI_FW  : chen-screen on: is_screen_off = 0 
11-27 13:50:04.627   885  1864 I chatty  : uid=1000(system) Binder:885_5 expire 10 lines
11-27 13:50:05.268   885  1156 I chatty  : uid=1000(system) android.fg expire 15 lines
11-27 13:50:05.379   885  3533 I chatty  : uid=1000(system) Binder:885_12 expire 10 lines
11-27 13:50:05.884  1135  1419 D QMI_FW  : chen-screen off: is_screen_off = 1 
11-27 13:50:05.886  1159  1518 D QMI_FW  : chen-screen off: is_screen_off = 1 
11-27 13:52:07.678   885  6162 I chatty  : uid=1000(system) Binder:885_18 expire 11 lines
11-27 13:52:32.111   885  2313 I chatty  : uid=1000(system) Binder:885_A expire 11 lines
11-27 13:52:32.178   885  2952 I chatty  : uid=1000(system) Binder:885_B expire 13 lines
11-27 13:53:18.770 12641 12641 E ActivityThread: Failed to find provider info for com.vivo.push.sdk.service.SystemPushConfig
11-27 13:53:44.327   885  1123 I chatty  : uid=1000(system) ActivityManager expire 141 lines
11-27 13:53:44.564 12790 12790 I chatty  : uid=10110 com.tencent.android.qqdownloader:daemon expire 1 line
11-27 13:53:44.779 12790 12823 I chatty  : uid=10110 com.tencent.android.qqdownloader:daemon expire 1 line
11-27 13:53:44.779 12790 12823 W FileUtils: Failed to chmod(/data/user/0/com.tencent.android.qqdownloader/app_bugly): android.system.ErrnoException: chmod failed: EACCES (Permission denied)
11-27 13:53:44.793 12790 12855 W FileUtils: Failed to chmod(/data/user/0/com.tencent.android.qqdownloader/app_crashrecord): android.system.ErrnoException: chmod failed: EACCES (Permission denied)
11-27 13:53:45.019 12830 12866 W FileUtils: Failed to chmod(/data/user/0/com.tencent.android.qqdownloader/app_bugly): android.system.ErrnoException: chmod failed: EACCES (Permission denied)
11-27 13:53:45.019 12830 12866 W FileUtils: Failed to chmod(/data/user/0/com.tencent.android.qqdownloader/app_bugly): android.system.ErrnoException: chmod failed: EACCES (Permission denied)
11-27 13:53:45.040 12830 12907 W FileUtils: Failed to chmod(/data/user/0/com.tencent.android.qqdownloader/app_crashrecord): android.system.ErrnoException: chmod failed: EACCES (Permission denied)
11-27 13:53:45.774 12830 12863 W FileUtils: Failed to chmod(/data/user/0/com.tencent.android.qqdownloader/app_plugin): android.system.ErrnoException: chmod failed: EACCES (Permission denied)
11-27 13:53:45.774 12830 12863 W FileUtils: Failed to chmod(/data/user/0/com.tencent.android.qqdownloader/app_plugin): android.system.ErrnoException: chmod failed: EACCES (Permission denied)
11-27 13:53:45.775 12830 12863 W FileUtils: Failed to chmod(/data/user/0/com.tencent.android.qqdownloader/app_plugin_dex_cache): android.system.ErrnoException: chmod failed: EACCES (Permission denied)
11-27 13:53:45.775 12830 12863 W FileUtils: Failed to chmod(/data/user/0/com.tencent.android.qqdownloader/app_plugin): android.system.ErrnoException: chmod failed: EACCES (Permission denied)
11-27 13:53:45.853 12790 12876 W FileUtils: Failed to chmod(/data/user/0/com.tencent.android.qqdownloader/app_turingdfp): android.system.ErrnoException: chmod failed: EACCES (Permission denied)
11-27 13:53:48.531  1871  1871 W FingerprintManager: Invalid acquired message: 6, 0
11-27 13:53:48.753  1135  1419 D QMI_FW  : chen-screen on: is_screen_off = 0 
11-27 13:53:48.773  1159  1518 D QMI_FW  : chen-screen on: is_screen_off = 0 
11-27 13:53:48.864   885   885 I chatty  : uid=1000 system_server expire 27 lines
11-27 13:53:49.611   885  1126 I chatty  : uid=1000(system) ActivityManager expire 14 lines
11-27 13:53:50.161  1871  1871 W FingerprintManager: Invalid acquired message: 6, 0
11-27 13:53:50.528   885  1158 I chatty  : uid=1000(system) android.display expire 10 lines
11-27 13:53:50.543  1135  1419 D QMI_FW  : chen-screen off: is_screen_off = 1 
11-27 13:53:50.545  1159  1518 D QMI_FW  : chen-screen off: is_screen_off = 1 
11-27 13:53:50.845 12830 12936 W FileUtils: Failed to chmod(/data/user/0/com.tencent.android.qqdownloader/app_turingdfp): android.system.ErrnoException: chmod failed: EACCES (Permission denied)
11-27 13:53:51.165 13119 13119 E ActivityThread: Failed to find provider info for com.vivo.push.sdk.service.SystemPushConfig
11-27 13:53:51.439   885  1163 I chatty  : uid=1000(system) PowerManagerSer expire 10 lines
11-27 13:53:51.495  1135  1419 D QMI_FW  : chen-screen on: is_screen_off = 0 
11-27 13:53:51.512  1159  1518 D QMI_FW  : chen-screen on: is_screen_off = 0 
11-27 13:53:53.725 12830 12859 W FileUtils: Failed to chmod(/data/user/0/com.tencent.android.qqdownloader/app_plugin): android.system.ErrnoException: chmod failed: EACCES (Permission denied)
11-27 13:53:53.741 12830 12858 W FileUtils: Failed to chmod(/data/user/0/com.tencent.android.qqdownloader/app_plugin): android.system.ErrnoException: chmod failed: EACCES (Permission denied)
11-27 13:53:53.742 12830 12858 W FileUtils: Failed to chmod(/data/user/0/com.tencent.android.qqdownloader/app_plugin): android.system.ErrnoException: chmod failed: EACCES (Permission denied)
11-27 13:53:53.742 12830 12858 W FileUtils: Failed to chmod(/data/user/0/com.tencent.android.qqdownloader/app_plugin_dex_cache): android.system.ErrnoException: chmod failed: EACCES (Permission denied)
11-27 13:53:53.742 12830 12858 W FileUtils: Failed to chmod(/data/user/0/com.tencent.android.qqdownloader/app_plugin): android.system.ErrnoException: chmod failed: EACCES (Permission denied)
11-27 13:53:53.861   885  2960 I chatty  : uid=1000(system) Binder:885_D expire 15 lines
11-27 13:53:54.129   885  9992 I chatty  : uid=1000(system) Binder:885_1F expire 11 lines
11-27 13:53:57.750 13852 13852 I PackageParser: com.UCMobile: compat added android.permission.WRITE_EXTERNAL_STORAGE android.permission.READ_PHONE_STATE
11-27 13:53:58.315 12830 13936 W FileUtils: Failed to chmod(/data/user/0/com.tencent.android.qqdownloader/app_webview): android.system.ErrnoException: chmod failed: EACCES (Permission denied)
11-27 13:53:58.315 12830 13936 W FileUtils: Failed to chmod(/data/user/0/com.tencent.android.qqdownloader/app_textures): android.system.ErrnoException: chmod failed: EACCES (Permission denied)
11-27 13:54:07.529 13988 13988 E LoadedApk: Unable to instantiate appComponentFactory
11-27 13:54:07.529 13988 13988 E LoadedApk: java.lang.ClassNotFoundException: Didn't find class "android.support.v4.app.CoreComponentFactory" on path: DexPathList[[zip file "/system/framework/org.apache.http.legacy.boot.jar", zip file "/data/app/com.cashtoutiao-x4qsj9p058ppb5qaX7bX6A==/base.apk"],nativeLibraryDirectories=[/data/app/com.cashtoutiao-x4qsj9p058ppb5qaX7bX6A==/lib/arm, /data/app/com.cashtoutiao-x4qsj9p058ppb5qaX7bX6A==/base.apk!/lib/armeabi-v7a, /system/lib]]
11-27 13:54:07.529 13988 13988 E LoadedApk: 	at dalvik.system.BaseDexClassLoader.findClass(BaseDexClassLoader.java:134)
11-27 13:54:07.529 13988 13988 E LoadedApk: 	at java.lang.ClassLoader.loadClass(ClassLoader.java:379)
11-27 13:54:07.529 13988 13988 E LoadedApk: 	at java.lang.ClassLoader.loadClass(ClassLoader.java:312)
11-27 13:54:07.529 13988 13988 E LoadedApk: 	at android.app.LoadedApk.createAppFactory(LoadedApk.java:226)
11-27 13:54:07.529 13988 13988 E LoadedApk: 	at android.app.LoadedApk.createOrUpdateClassLoaderLocked(LoadedApk.java:731)
11-27 13:54:07.529 13988 13988 E LoadedApk: 	at android.app.LoadedApk.getClassLoader(LoadedApk.java:810)
11-27 13:54:07.529 13988 13988 E LoadedApk: 	at android.app.LoadedApk.getResources(LoadedApk.java:1032)
11-27 13:54:07.529 13988 13988 E LoadedApk: 	at android.app.ContextImpl.createAppContext(ContextImpl.java:2345)
11-27 13:54:07.529 13988 13988 E LoadedApk: 	at android.app.ActivityThread.handleBindApplication(ActivityThread.java:5798)
11-27 13:54:07.529 13988 13988 E LoadedApk: 	at android.app.ActivityThread.access$1100(ActivityThread.java:200)
11-27 13:54:07.529 13988 13988 E LoadedApk: 	at android.app.ActivityThread$H.handleMessage(ActivityThread.java:1656)
11-27 13:54:07.529 13988 13988 E LoadedApk: 	at android.os.Handler.dispatchMessage(Handler.java:106)
11-27 13:54:07.529 13988 13988 E LoadedApk: 	at android.os.Looper.loop(Looper.java:193)
11-27 13:54:07.529 13988 13988 E LoadedApk: 	at android.app.ActivityThread.main(ActivityThread.java:6718)
11-27 13:54:07.529 13988 13988 E LoadedApk: 	at java.lang.reflect.Method.invoke(Native Method)
11-27 13:54:07.529 13988 13988 E LoadedApk: 	at com.android.internal.os.RuntimeInit$MethodAndArgsCaller.run(RuntimeInit.java:493)
11-27 13:54:07.529 13988 13988 E LoadedApk: 	at com.android.internal.os.ZygoteInit.main(ZygoteInit.java:858)
11-27 13:54:07.568 14013 14013 E LoadedApk: Unable to instantiate appComponentFactory
11-27 13:54:07.568 14013 14013 E LoadedApk: java.lang.ClassNotFoundException: Didn't find class "android.support.v4.app.CoreComponentFactory" on path: DexPathList[[zip file "/system/framework/org.apache.http.legacy.boot.jar", zip file "/data/app/com.cashtoutiao-x4qsj9p058ppb5qaX7bX6A==/base.apk"],nativeLibraryDirectories=[/data/app/com.cashtoutiao-x4qsj9p058ppb5qaX7bX6A==/lib/arm, /data/app/com.cashtoutiao-x4qsj9p058ppb5qaX7bX6A==/base.apk!/lib/armeabi-v7a, /system/lib]]
11-27 13:54:07.568 14013 14013 E LoadedApk: 	at dalvik.system.BaseDexClassLoader.findClass(BaseDexClassLoader.java:134)
11-27 13:54:07.568 14013 14013 E LoadedApk: 	at java.lang.ClassLoader.loadClass(ClassLoader.java:379)
11-27 13:54:07.568 14013 14013 E LoadedApk: 	at java.lang.ClassLoader.loadClass(ClassLoader.java:312)
11-27 13:54:07.568 14013 14013 E LoadedApk: 	at android.app.LoadedApk.createAppFactory(LoadedApk.java:226)
11-27 13:54:07.568 14013 14013 E LoadedApk: 	at android.app.LoadedApk.createOrUpdateClassLoaderLocked(LoadedApk.java:731)
11-27 13:54:07.568 14013 14013 E LoadedApk: 	at android.app.LoadedApk.getClassLoader(LoadedApk.java:810)
11-27 13:54:07.568 14013 14013 E LoadedApk: 	at android.app.LoadedApk.getResources(LoadedApk.java:1032)
11-27 13:54:07.568 14013 14013 E LoadedApk: 	at android.app.ContextImpl.createAppContext(ContextImpl.java:2345)
11-27 13:54:07.568 14013 14013 E LoadedApk: 	at android.app.ActivityThread.handleBindApplication(ActivityThread.java:5798)
11-27 13:54:07.568 14013 14013 E LoadedApk: 	at android.app.ActivityThread.access$1100(ActivityThread.java:200)
11-27 13:54:07.568 14013 14013 E LoadedApk: 	at android.app.ActivityThread$H.handleMessage(ActivityThread.java:1656)
11-27 13:54:07.568 14013 14013 E LoadedApk: 	at android.os.Handler.dispatchMessage(Handler.java:106)
11-27 13:54:07.568 14013 14013 E LoadedApk: 	at android.os.Looper.loop(Looper.java:193)
11-27 13:54:07.568 14013 14013 E LoadedApk: 	at android.app.ActivityThread.main(ActivityThread.java:6718)
11-27 13:54:07.568 14013 14013 E LoadedApk: 	at java.lang.reflect.Method.invoke(Native Method)
11-27 13:54:07.568 14013 14013 E LoadedApk: 	at com.android.internal.os.RuntimeInit$MethodAndArgsCaller.run(RuntimeInit.java:493)
11-27 13:54:07.568 14013 14013 E LoadedApk: 	at com.android.internal.os.ZygoteInit.main(ZygoteInit.java:858)
11-27 13:54:08.871   885  2109 I chatty  : uid=1000(system) Binder:885_9 expire 17 lines
11-27 13:54:10.919   885   885 I chatty  : uid=1000 system_server expire 11 lines
11-27 13:54:11.290   885  1123 I chatty  : uid=1000(system) ActivityManager expire 36 lines
11-27 13:54:20.968  1871  1871 V DeadZone: consuming errant click: (1010.0,4.0)
11-27 13:54:20.969  1871  1871 V DeadZone: consuming errant click: (1010.0,4.0)
11-27 13:54:34.778   885  1318 I chatty  : uid=1000(system) InputReader expire 18 lines
11-27 13:54:34.779   885  1317 I chatty  : uid=1000(system) InputDispatcher expire 18 lines
11-27 13:54:35.643   885  6150 I chatty  : uid=1000(system) Binder:885_17 expire 18 lines
11-27 13:54:35.912 26621 14901 W PackageParser: Ignoring duplicate uses-permissions/uses-permissions-sdk-m: android.permission.READ_EXTERNAL_STORAGE in package: com.tencent.wifimanager at: Binary XML file line #9
11-27 13:54:35.912 26621 14901 W PackageParser: Unknown element under <manifest>: meta-data at /storage/emulated/0/tencent/tassistant/apk/com.tencent.wifimanager_164.apk Binary XML file line #10
11-27 13:54:35.914 26621 14901 W PackageParser: Ignoring duplicate uses-permissions/uses-permissions-sdk-m: android.permission.WRITE_SYNC_SETTINGS in package: com.tencent.wifimanager at: Binary XML file line #99
11-27 13:54:35.959 26621 14901 W PackageParser: Ignoring duplicate uses-permissions/uses-permissions-sdk-m: android.permission.READ_EXTERNAL_STORAGE in package: com.tencent.wifimanager at: Binary XML file line #9
11-27 13:54:35.959 26621 14901 W PackageParser: Unknown element under <manifest>: meta-data at /storage/emulated/0/tencent/tassistant/apk/com.tencent.wifimanager_164.apk Binary XML file line #10
11-27 13:54:35.960 26621 14901 W PackageParser: Ignoring duplicate uses-permissions/uses-permissions-sdk-m: android.permission.WRITE_SYNC_SETTINGS in package: com.tencent.wifimanager at: Binary XML file line #99
11-27 13:54:35.996 26621 14901 W PackageParser: Ignoring duplicate uses-permissions/uses-permissions-sdk-m: android.permission.ACCESS_WIFI_STATE in package: com.pingan.paces.ccms at: Binary XML file line #10
11-27 13:54:35.996 26621 14901 W PackageParser: Ignoring duplicate uses-permissions/uses-permissions-sdk-m: android.permission.KILL_BACKGROUND_PROCESSES in package: com.pingan.paces.ccms at: Binary XML file line #40
11-27 13:54:35.997 26621 14901 W PackageParser: Unknown element under <manifest>: supports-gl-texture at /storage/emulated/0/tencent/tassistant/apk/com.pingan.paces.ccms_4252.apk Binary XML file line #57
11-27 13:54:35.997 26621 14901 W PackageParser: Unknown element under <manifest>: supports-gl-texture at /storage/emulated/0/tencent/tassistant/apk/com.pingan.paces.ccms_4252.apk Binary XML file line #58
11-27 13:54:36.004 26621 14901 W PackageParser: No actions in intent filter at /storage/emulated/0/tencent/tassistant/apk/com.pingan.paces.ccms_4252.apk Binary XML file line #518
11-27 13:54:36.115 26621 14901 W PackageParser: Ignoring duplicate uses-permissions/uses-permissions-sdk-m: android.permission.ACCESS_WIFI_STATE in package: com.pingan.paces.ccms at: Binary XML file line #10
11-27 13:54:36.115 26621 14901 W PackageParser: Ignoring duplicate uses-permissions/uses-permissions-sdk-m: android.permission.KILL_BACKGROUND_PROCESSES in package: com.pingan.paces.ccms at: Binary XML file line #40
11-27 13:54:36.116 26621 14901 W PackageParser: Unknown element under <manifest>: supports-gl-texture at /storage/emulated/0/tencent/tassistant/apk/com.pingan.paces.ccms_4252.apk Binary XML file line #57
11-27 13:54:36.116 26621 14901 W PackageParser: Unknown element under <manifest>: supports-gl-texture at /storage/emulated/0/tencent/tassistant/apk/com.pingan.paces.ccms_4252.apk Binary XML file line #58
11-27 13:54:36.123 26621 14901 W PackageParser: No actions in intent filter at /storage/emulated/0/tencent/tassistant/apk/com.pingan.paces.ccms_4252.apk Binary XML file line #518
11-27 13:54:36.144 26621 14901 W PackageParser: Ignoring duplicate uses-permissions/uses-permissions-sdk-m: android.permission.DOWNLOAD_WITHOUT_NOTIFICATION in package: com.ldzs.zhangxin at: Binary XML file line #-1
11-27 13:54:36.144 26621 14901 W PackageParser: Ignoring duplicate uses-permissions/uses-permissions-sdk-m: android.permission.VIBRATE in package: com.ldzs.zhangxin at: Binary XML file line #-1
11-27 13:54:36.145 26621 14901 W PackageParser: Ignoring duplicate uses-permissions/uses-permissions-sdk-m: android.permission.RECEIVE_BOOT_COMPLETED in package: com.ldzs.zhangxin at: Binary XML file line #-1
11-27 13:54:36.149 26621 14901 W PackageParser: No actions in intent filter at /storage/emulated/0/tencent/tassistant/apk/com.ldzs.zhangxin_568.apk Binary XML file line #-1
11-27 13:54:36.150   885  1123 I chatty  : uid=1000(system) ActivityManager expire 36 lines
11-27 13:54:36.168 26621 14901 W PackageParser: Ignoring duplicate uses-permissions/uses-permissions-sdk-m: android.permission.DOWNLOAD_WITHOUT_NOTIFICATION in package: com.ldzs.zhangxin at: Binary XML file line #-1
11-27 13:54:36.168 26621 14901 W PackageParser: Ignoring duplicate uses-permissions/uses-permissions-sdk-m: android.permission.VIBRATE in package: com.ldzs.zhangxin at: Binary XML file line #-1
11-27 13:54:36.169 26621 14901 W PackageParser: Ignoring duplicate uses-permissions/uses-permissions-sdk-m: android.permission.RECEIVE_BOOT_COMPLETED in package: com.ldzs.zhangxin at: Binary XML file line #-1
11-27 13:54:36.172 26621 14901 W PackageParser: No actions in intent filter at /storage/emulated/0/tencent/tassistant/apk/com.ldzs.zhangxin_568.apk Binary XML file line #-1
11-27 13:54:36.216 26621 14901 W PackageParser: No actions in intent filter at /storage/emulated/0/tencent/tassistant/apk/com.tencent.qqlive_20412.apk Binary XML file line #690
11-27 13:54:36.286 26621 14901 W PackageParser: No actions in intent filter at /storage/emulated/0/tencent/tassistant/apk/com.tencent.qqlive_20412.apk Binary XML file line #690
11-27 13:54:50.568   885  2973 I chatty  : uid=1000(system) Binder:885_F expire 15 lines
11-27 13:54:51.673   885  1126 I chatty  : uid=1000(system) ActivityManager expire 18 lines
11-27 13:54:52.128 15014 15014 I PackageParser: com.UCMobile: compat added android.permission.WRITE_EXTERNAL_STORAGE android.permission.READ_PHONE_STATE
11-27 13:54:52.393  1135  1419 D QMI_FW  : chen-screen off: is_screen_off = 1 
11-27 13:54:52.398  1159  1518 D QMI_FW  : chen-screen off: is_screen_off = 1 
11-27 13:54:52.679   885  4118 I chatty  : uid=1000(system) Binder:885_15 expire 12 lines
11-27 13:54:52.706   885  1123 I chatty  : uid=1000(system) ActivityManager expire 12 lines
11-27 13:54:52.993   885  6146 I chatty  : uid=1000(system) Binder:885_16 expire 14 lines
11-27 13:54:53.092   885  2082 I chatty  : uid=1000(system) Binder:885_7 expire 14 lines
11-27 13:55:06.398  1871  1871 W FingerprintManager: Invalid acquired message: 6, 0
11-27 13:55:06.481   885   885 I chatty  : uid=1000 system_server expire 21 lines
11-27 13:55:06.612  1135  1419 D QMI_FW  : chen-screen on: is_screen_off = 0 
11-27 13:55:06.625  1159  1518 D QMI_FW  : chen-screen on: is_screen_off = 0 
11-27 13:55:06.627   885  1123 I chatty  : uid=1000(system) ActivityManager expire 81 lines
11-27 13:55:06.718   885  9988 I chatty  : uid=1000(system) Binder:885_1E expire 18 lines
11-27 13:55:06.740   885  2107 I chatty  : uid=1000(system) Binder:885_8 expire 13 lines
11-27 13:55:08.799   885  7057 I chatty  : uid=1000(system) Binder:885_19 expire 10 lines
11-27 13:56:37.070   885  1163 I chatty  : uid=1000(system) PowerManagerSer expire 12 lines
11-27 13:56:37.111  1135  1419 D QMI_FW  : chen-screen off: is_screen_off = 1 
11-27 13:56:37.113  1159  1518 D QMI_FW  : chen-screen off: is_screen_off = 1 
11-27 13:56:37.912   885  9992 I chatty  : uid=1000(system) Binder:885_1F expire 10 lines
11-27 13:56:47.900   885  9977 I chatty  : uid=1000(system) Binder:885_1A expire 16 lines
11-27 13:57:02.520   885  2969 I chatty  : uid=1000(system) Binder:885_E expire 10 lines
11-27 13:57:04.317  1135  1419 D QMI_FW  : chen-screen on: is_screen_off = 0 
11-27 13:57:04.318   885   885 I chatty  : uid=1000 system_server expire 19 lines
11-27 13:57:04.325  1159  1518 D QMI_FW  : chen-screen on: is_screen_off = 0 
11-27 13:57:04.377   885  1123 I chatty  : uid=1000(system) ActivityManager expire 76 lines
11-27 13:57:05.984  1159  1518 D QMI_FW  : chen-screen off: is_screen_off = 1 
11-27 13:57:05.988  1135  1419 D QMI_FW  : chen-screen off: is_screen_off = 1 
11-27 13:57:09.370 16230 16272 E ActivityThread: Failed to find provider info for com.vivo.push.sdk.service.SystemPushConfig
11-27 13:57:09.384 16230 16272 E ActivityThread: Failed to find provider info for com.vivo.push.sdk.service.SystemPushConfig
11-27 13:57:41.989   885  1158 I chatty  : uid=1000(system) android.display expire 11 lines
11-27 13:58:22.466   885  9985 I chatty  : uid=1000(system) Binder:885_1C expire 14 lines
11-27 14:00:12.683   885  1144 I chatty  : uid=1000(system) batterystats-wo expire 10 lines
11-27 14:01:03.040   885  2973 I chatty  : uid=1000(system) Binder:885_F expire 14 lines
11-27 14:01:04.403 16681 16681 E ActivityThread: Failed to find provider info for com.tencent.mm.coolassist.debugprovider
11-27 14:01:04.403 16695 16695 E ActivityThread: Failed to find provider info for com.tencent.mm.coolassist.debugprovider
11-27 14:01:04.814 16681 16681 E SchedPolicy: set_timerslack_ns write failed: Operation not permitted
11-27 14:01:08.416 16681 16741 E ActivityThread: Failed to find provider info for com.huawei.android.launcher.settings
11-27 14:01:08.508 16681 16934 E ActivityThread: Failed to find provider info for com.android.badge
11-27 14:01:08.508 16681 16741 E ActivityThread: Failed to find provider info for com.android.badge
11-27 14:01:09.793 16965 16965 E ActivityThread: Failed to find provider info for com.tencent.mm.coolassist.debugprovider
11-27 14:01:11.797 17066 17066 E ActivityThread: Failed to find provider info for com.tencent.mm.coolassist.debugprovider
11-27 14:01:11.838 17082 17082 E ActivityThread: Failed to find provider info for com.tencent.mm.coolassist.debugprovider
11-27 14:01:13.702 17066 17318 I PackageParser: com.tencent.x5sdk.res: compat added android.permission.WRITE_EXTERNAL_STORAGE android.permission.READ_PHONE_STATE
11-27 14:01:13.903 17267 17267 E ActivityThread: Failed to find provider info for com.tencent.mm.coolassist.debugprovider
11-27 14:01:13.950 17066 17318 I PackageParser: com.tencent.x5sdk.res: compat added android.permission.WRITE_EXTERNAL_STORAGE android.permission.READ_PHONE_STATE
11-27 14:01:18.308 17542 17542 I PackageParser: com.UCMobile: compat added android.permission.WRITE_EXTERNAL_STORAGE android.permission.READ_PHONE_STATE
11-27 14:01:18.430   885  9987 I chatty  : uid=1000(system) Binder:885_1D expire 12 lines
11-27 14:01:18.659  1871  1871 W FingerprintManager: Invalid acquired message: 6, 0
11-27 14:01:18.808   885  1163 I chatty  : uid=1000(system) PowerManagerSer expire 16 lines
11-27 14:01:18.846   885  2953 I chatty  : uid=1000(system) Binder:885_C expire 13 lines
11-27 14:01:18.881  1135  1419 D QMI_FW  : chen-screen on: is_screen_off = 0 
11-27 14:01:18.897   885  6150 I chatty  : uid=1000(system) Binder:885_17 expire 15 lines
11-27 14:01:18.932  1159  1518 D QMI_FW  : chen-screen on: is_screen_off = 0 
11-27 14:01:18.994   885  1123 I chatty  : uid=1000(system) ActivityManager expire 12 lines
11-27 14:01:19.474   885  1388 I chatty  : uid=1000(system) ConnectivitySer expire 10 lines
11-27 14:01:21.615  1871  1871 V DeadZone: consuming errant click: (116.0,8.0)
11-27 14:01:21.619   885  1317 I chatty  : uid=1000(system) InputDispatcher expire 12 lines
11-27 14:01:22.772   885  1318 I chatty  : uid=1000(system) InputReader expire 20 lines
11-27 14:01:23.452  1135  1419 D QMI_FW  : chen-screen off: is_screen_off = 1 
11-27 14:01:23.454  1159  1518 D QMI_FW  : chen-screen off: is_screen_off = 1 
11-27 14:01:23.652   885  1156 I chatty  : uid=1000(system) android.fg expire 12 lines
11-27 14:01:23.779   885   885 I chatty  : uid=1000 system_server expire 19 lines
11-27 14:01:31.494   885  1126 I chatty  : uid=1000(system) ActivityManager expire 12 lines
11-27 14:01:32.091 17938 17938 E LoadedApk: Unable to instantiate appComponentFactory
