11-27 16:48:44.126 17573 17573 E LoadedApk: 	at java.lang.ClassLoader.loadClass(ClassLoader.java:312)
11-27 16:48:44.126 17573 17573 E LoadedApk: 	at android.app.LoadedApk.createAppFactory(LoadedApk.java:226)
11-27 16:48:44.126 17573 17573 E LoadedApk: 	at android.app.LoadedApk.createOrUpdateClassLoaderLocked(LoadedApk.java:731)
11-27 16:48:44.126 17573 17573 E LoadedApk: 	at android.app.LoadedApk.getClassLoader(LoadedApk.java:810)
11-27 16:48:44.126 17573 17573 E LoadedApk: 	at android.app.LoadedApk.getResources(LoadedApk.java:1032)
11-27 16:48:44.126 17573 17573 E LoadedApk: 	at android.app.ContextImpl.createAppContext(ContextImpl.java:2345)
11-27 16:48:44.126 17573 17573 E LoadedApk: 	at android.app.ActivityThread.handleBindApplication(ActivityThread.java:5798)
11-27 16:48:44.126 17573 17573 E LoadedApk: 	at android.app.ActivityThread.access$1100(ActivityThread.java:200)
11-27 16:48:44.126 17573 17573 E LoadedApk: 	at android.app.ActivityThread$H.handleMessage(ActivityThread.java:1656)
11-27 16:48:44.126 17573 17573 E LoadedApk: 	at android.os.Handler.dispatchMessage(Handler.java:106)
11-27 16:48:44.126 17573 17573 E LoadedApk: 	at android.os.Looper.loop(Looper.java:193)
11-27 16:48:44.126 17573 17573 E LoadedApk: 	at android.app.ActivityThread.main(ActivityThread.java:6718)
11-27 16:48:44.126 17573 17573 E LoadedApk: 	at java.lang.reflect.Method.invoke(Native Method)
11-27 16:48:44.126 17573 17573 E LoadedApk: 	at com.android.internal.os.RuntimeInit$MethodAndArgsCaller.run(RuntimeInit.java:493)
11-27 16:48:44.126 17573 17573 E LoadedApk: 	at com.android.internal.os.ZygoteInit.main(ZygoteInit.java:858)
11-27 16:48:44.207   885  7057 I chatty  : uid=1000(system) Binder:885_19 expire 3 lines
11-27 16:48:44.207   885  4118 I chatty  : uid=1000(system) Binder:885_15 expire 3 lines
11-27 16:48:44.323   885  2107 I chatty  : uid=1000(system) Binder:885_8 expire 8 lines
11-27 16:48:44.940 17527 17527 I PackageParser: com.UCMobile: compat added android.permission.WRITE_EXTERNAL_STORAGE android.permission.READ_PHONE_STATE
11-27 16:48:44.958   885  9992 I chatty  : uid=1000(system) Binder:885_1F expire 1 line
11-27 16:48:46.446   885  1274 I chatty  : uid=1000(system) Binder:885_3 expire 9 lines
11-27 16:48:46.521   885  9982 I chatty  : uid=1000(system) Binder:885_1B expire 4 lines
11-27 16:48:46.618 17977 17977 D ActivityThread: Loading provider com.google.android.gm.sapi: com.google.android.gm.sapi.SapiUiProvider
11-27 16:48:46.756   885  4117 I chatty  : uid=1000(system) Binder:885_14 expire 11 lines
11-27 16:48:47.055   885  6162 I chatty  : uid=1000(system) Binder:885_18 expire 2 lines
11-27 16:48:48.656   885  9977 I chatty  : uid=1000(system) Binder:885_1A expire 4 lines
11-27 16:48:49.369   885  9988 I chatty  : uid=1000(system) Binder:885_1E expire 3 lines
11-27 16:48:50.129   885   885 I chatty  : uid=1000 system_server expire 3 lines
11-27 16:48:50.143   885  2952 I chatty  : uid=1000(system) Binder:885_B expire 1 line
11-27 16:48:52.623   885  6150 I chatty  : uid=1000(system) Binder:885_17 expire 2 lines
11-27 16:48:53.834   885  9977 I chatty  : uid=1000(system) Binder:885_1A expire 5 lines
11-27 16:48:54.864   885  2973 I chatty  : uid=1000(system) Binder:885_F expire 11 lines
11-27 16:48:56.284   885  6146 I chatty  : uid=1000(system) Binder:885_16 expire 3 lines
11-27 16:48:57.745   885  9988 I chatty  : uid=1000(system) Binder:885_1E expire 3 lines
11-27 16:48:58.746   885  1388 I chatty  : uid=1000(system) ConnectivitySer expire 5 lines
11-27 16:49:01.035   885  1126 I chatty  : uid=1000(system) ActivityManager expire 9 lines
11-27 16:49:01.188 17077 17127 E ActivityThread: Failed to find provider info for com.vivo.push.sdk.service.SystemPushConfig
11-27 16:49:03.595 19291 19406 W FileUtils: Failed to chmod(/data/user/0/com.tencent.android.qqdownloader/app_bugly): android.system.ErrnoException: chmod failed: EACCES (Permission denied)
11-27 16:49:03.595 19291 19406 W FileUtils: Failed to chmod(/data/user/0/com.tencent.android.qqdownloader/app_bugly): android.system.ErrnoException: chmod failed: EACCES (Permission denied)
11-27 16:49:03.647 19291 19430 W FileUtils: Failed to chmod(/data/user/0/com.tencent.android.qqdownloader/app_crashrecord): android.system.ErrnoException: chmod failed: EACCES (Permission denied)
11-27 16:49:03.652   885  9993 I chatty  : uid=1000(system) Binder:885_20 expire 3 lines
11-27 16:49:04.225   885  1864 I chatty  : uid=1000(system) Binder:885_5 expire 3 lines
11-27 16:49:05.769 19291 19402 W FileUtils: Failed to chmod(/data/user/0/com.tencent.android.qqdownloader/app_plugin): android.system.ErrnoException: chmod failed: EACCES (Permission denied)
11-27 16:49:05.785 19291 19402 W FileUtils: Failed to chmod(/data/user/0/com.tencent.android.qqdownloader/app_plugin): android.system.ErrnoException: chmod failed: EACCES (Permission denied)
11-27 16:49:05.786 19291 19402 W FileUtils: Failed to chmod(/data/user/0/com.tencent.android.qqdownloader/app_plugin_dex_cache): android.system.ErrnoException: chmod failed: EACCES (Permission denied)
11-27 16:49:05.786 19291 19402 W FileUtils: Failed to chmod(/data/user/0/com.tencent.android.qqdownloader/app_plugin): android.system.ErrnoException: chmod failed: EACCES (Permission denied)
11-27 16:49:06.668   885  7057 I chatty  : uid=1000(system) Binder:885_19 expire 6 lines
11-27 16:49:07.903   885  4107 I chatty  : uid=1000(system) Binder:885_13 expire 3 lines
11-27 16:49:09.245   885  1123 I chatty  : uid=1000(system) ActivityManager expire 9 lines
11-27 16:49:09.250   885  2313 I chatty  : uid=1000(system) Binder:885_A expire 2 lines
11-27 16:49:10.668 19291 19497 W FileUtils: Failed to chmod(/data/user/0/com.tencent.android.qqdownloader/app_turingdfp): android.system.ErrnoException: chmod failed: EACCES (Permission denied)
11-27 16:49:11.084   885   896 I chatty  : uid=1000(system) Binder:885_2 expire 1 line
11-27 16:49:11.144   885  2960 I chatty  : uid=1000(system) Binder:885_D expire 3 lines
11-27 16:49:11.147   885  2107 I chatty  : uid=1000(system) Binder:885_8 expire 8 lines
11-27 16:49:11.821   885  1849 I chatty  : uid=1000(system) Binder:885_4 expire 1 line
11-27 16:49:12.409   885  1274 I chatty  : uid=1000(system) Binder:885_3 expire 6 lines
11-27 16:49:13.012   885  9982 I chatty  : uid=1000(system) Binder:885_1B expire 2 lines
11-27 16:49:13.095   885  2969 I chatty  : uid=1000(system) Binder:885_E expire 5 lines
11-27 16:49:15.420 19291 19397 W FileUtils: Failed to chmod(/data/user/0/com.tencent.android.qqdownloader/app_plugin): android.system.ErrnoException: chmod failed: EACCES (Permission denied)
11-27 16:49:15.473 19291 19398 W FileUtils: Failed to chmod(/data/user/0/com.tencent.android.qqdownloader/app_plugin): android.system.ErrnoException: chmod failed: EACCES (Permission denied)
11-27 16:49:15.474 19291 19398 W FileUtils: Failed to chmod(/data/user/0/com.tencent.android.qqdownloader/app_plugin): android.system.ErrnoException: chmod failed: EACCES (Permission denied)
11-27 16:49:15.474 19291 19398 W FileUtils: Failed to chmod(/data/user/0/com.tencent.android.qqdownloader/app_plugin_dex_cache): android.system.ErrnoException: chmod failed: EACCES (Permission denied)
11-27 16:49:15.474 19291 19398 W FileUtils: Failed to chmod(/data/user/0/com.tencent.android.qqdownloader/app_plugin): android.system.ErrnoException: chmod failed: EACCES (Permission denied)
11-27 16:49:16.990   885  4117 I chatty  : uid=1000(system) Binder:885_14 expire 1 line
11-27 16:49:17.401   885  2973 I chatty  : uid=1000(system) Binder:885_F expire 2 lines
11-27 16:49:18.996   885  2063 I chatty  : uid=1000(system) Binder:885_6 expire 7 lines
11-27 16:49:20.628 21347 23129 W FileUtils: Failed to chmod(/data/user/0/com.tencent.android.qqdownloader/files): android.system.ErrnoException: chmod failed: EACCES (Permission denied)
11-27 16:49:21.712   885   895 I chatty  : uid=1000(system) Binder:885_1 expire 1 line
11-27 16:49:22.881   885  2952 I chatty  : uid=1000(system) Binder:885_B expire 3 lines
11-27 16:49:23.657 20391 20402 F libc    : FORTIFY: fclose: null FILE*
11-27 16:49:23.707 20391 20402 F libc    : Fatal signal 6 (SIGABRT), code -6 (SI_TKILL) in tid 20402 (libwatch.so), pid 20391 (libwatch.so)
11-27 16:49:23.745 21347 20339 W FileUtils: Failed to chmod(/data/user/0/com.tencent.android.qqdownloader/files): android.system.ErrnoException: chmod failed: EACCES (Permission denied)
11-27 16:49:23.946 21347 20339 W FileUtils: Failed to chmod(/data/user/0/com.tencent.android.qqdownloader/files): android.system.ErrnoException: chmod failed: EACCES (Permission denied)
11-27 16:49:25.505 20423 20423 F DEBUG   : *** *** *** *** *** *** *** *** *** *** *** *** *** *** *** ***
11-27 16:49:25.506 20423 20423 F DEBUG   : Build fingerprint: 'OnePlus/OnePlus6/OnePlus6:8.1.0/OPM1.171019.011/06140300:user/release-keys'
11-27 16:49:25.506 20423 20423 F DEBUG   : Revision: '0'
11-27 16:49:25.506 20423 20423 F DEBUG   : ABI: 'arm'
11-27 16:49:25.506 20423 20423 F DEBUG   : pid: 20391, tid: 20402, name: libwatch.so  >>> /data/app/com.tencent.android.qqdownloader-irDbkvszgqxw1RS8uGYu0Q==/lib/arm/libwatch.so <<<
11-27 16:49:25.506 20423 20423 F DEBUG   : signal 6 (SIGABRT), code -6 (SI_TKILL), fault addr --------
11-27 16:49:25.506 20423 20423 F DEBUG   : Abort message: 'FORTIFY: fclose: null FILE*'
11-27 16:49:25.506 20423 20423 F DEBUG   :     r0  00000000  r1  00004fb2  r2  00000006  r3  00000008
11-27 16:49:25.506 20423 20423 F DEBUG   :     r4  00004fa7  r5  00004fb2  r6  f3ef482c  r7  0000010c
11-27 16:49:25.506 20423 20423 F DEBUG   :     r8  00004fa7  r9  00004fa7  r10 f441f4ec  r11 00001000
11-27 16:49:25.506 20423 20423 F DEBUG   :     ip  00000078  sp  f3ef4818  lr  f40690b9  pc  f4060f0a
11-27 16:49:25.578 20423 20423 F DEBUG   : 
11-27 16:49:25.578 20423 20423 F DEBUG   : backtrace:
11-27 16:49:25.578 20423 20423 F DEBUG   :     #00 pc 0001cf0a  /system/lib/libc.so (abort+58)
11-27 16:49:25.578 20423 20423 F DEBUG   :     #01 pc 0005ea07  /system/lib/libc.so (__fortify_fatal(char const*, ...)+26)
11-27 16:49:25.578 20423 20423 F DEBUG   :     #02 pc 0005eb09  /system/lib/libc.so (fclose+248)
11-27 16:49:25.578 20423 20423 F DEBUG   :     #03 pc 000017a9  /data/app/com.tencent.android.qqdownloader-irDbkvszgqxw1RS8uGYu0Q==/lib/arm/libwatch.so
11-27 16:49:25.578 20423 20423 F DEBUG   :     #04 pc 000018ad  /data/app/com.tencent.android.qqdownloader-irDbkvszgqxw1RS8uGYu0Q==/lib/arm/libwatch.so
11-27 16:49:25.578 20423 20423 F DEBUG   :     #05 pc 00064409  /system/lib/libc.so (__pthread_start(void*)+22)
11-27 16:49:25.578 20423 20423 F DEBUG   :     #06 pc 0001e0cd  /system/lib/libc.so (__start_thread+24)
11-27 16:49:25.803   885  1857 I chatty  : uid=1000(system) Thread-3 expire 1 line
11-27 16:49:25.939   885  1155 I chatty  : uid=1000(system) FileObserver expire 1 line
11-27 16:49:26.539 19291 20439 W FileUtils: Failed to chmod(/data/user/0/com.tencent.android.qqdownloader/app_webview): android.system.ErrnoException: chmod failed: EACCES (Permission denied)
11-27 16:49:26.539 19291 20439 W FileUtils: Failed to chmod(/data/user/0/com.tencent.android.qqdownloader/app_textures): android.system.ErrnoException: chmod failed: EACCES (Permission denied)
11-27 16:49:27.641 19291 19402 W FileUtils: Failed to chmod(/data/user/0/com.tencent.android.qqdownloader/app_tbs): android.system.ErrnoException: chmod failed: EACCES (Permission denied)
11-27 16:49:27.869 19291 19402 I chatty  : uid=10110(com.tencent.android.qqdownloader) com.ss.android.article.lite:push identical 4 lines
11-27 16:49:27.870 19291 19402 W FileUtils: Failed to chmod(/data/user/0/com.tencent.android.qqdownloader/app_tbs): android.system.ErrnoException: chmod failed: EACCES (Permission denied)
11-27 16:49:29.356 19291 19407 W FileUtils: Failed to chmod(/data/user/0/com.tencent.android.qqdownloader/app_plugin): android.system.ErrnoException: chmod failed: EACCES (Permission denied)
11-27 16:49:29.357 19291 19407 W FileUtils: Failed to chmod(/data/user/0/com.tencent.android.qqdownloader/app_plugin): android.system.ErrnoException: chmod failed: EACCES (Permission denied)
11-27 16:49:29.378 19291 19407 W FileUtils: Failed to chmod(/data/user/0/com.tencent.android.qqdownloader/app_plugin_dex_cache): android.system.ErrnoException: chmod failed: EACCES (Permission denied)
11-27 16:49:29.378 19291 19407 W FileUtils: Failed to chmod(/data/user/0/com.tencent.android.qqdownloader/app_plugin): android.system.ErrnoException: chmod failed: EACCES (Permission denied)
11-27 16:49:30.901 19291 19405 W FileUtils: Failed to chmod(/data/user/0/com.tencent.android.qqdownloader/app_plugin): android.system.ErrnoException: chmod failed: EACCES (Permission denied)
11-27 16:49:30.901 19291 19405 W FileUtils: Failed to chmod(/data/user/0/com.tencent.android.qqdownloader/app_plugin): android.system.ErrnoException: chmod failed: EACCES (Permission denied)
11-27 16:49:30.902 19291 19405 W FileUtils: Failed to chmod(/data/user/0/com.tencent.android.qqdownloader/app_plugin_dex_cache): android.system.ErrnoException: chmod failed: EACCES (Permission denied)
11-27 16:49:30.902 19291 19405 W FileUtils: Failed to chmod(/data/user/0/com.tencent.android.qqdownloader/app_plugin): android.system.ErrnoException: chmod failed: EACCES (Permission denied)
11-27 16:49:31.282 19291 19393 W FileUtils: Failed to chmod(/data/user/0/com.tencent.android.qqdownloader/app_plugin): android.system.ErrnoException: chmod failed: EACCES (Permission denied)
11-27 16:49:31.282 19291 19393 W FileUtils: Failed to chmod(/data/user/0/com.tencent.android.qqdownloader/app_plugin): android.system.ErrnoException: chmod failed: EACCES (Permission denied)
11-27 16:49:31.282 19291 19393 W FileUtils: Failed to chmod(/data/user/0/com.tencent.android.qqdownloader/app_plugin_dex_cache): android.system.ErrnoException: chmod failed: EACCES (Permission denied)
11-27 16:49:31.320 19291 19393 W FileUtils: Failed to chmod(/data/user/0/com.tencent.android.qqdownloader/app_plugin): android.system.ErrnoException: chmod failed: EACCES (Permission denied)
11-27 16:49:31.727 19291 19393 I chatty  : uid=10110(com.tencent.android.qqdownloader) com.ss.android.article.lite:push identical 1 line
11-27 16:49:31.728 19291 19393 W FileUtils: Failed to chmod(/data/user/0/com.tencent.android.qqdownloader/app_plugin): android.system.ErrnoException: chmod failed: EACCES (Permission denied)
11-27 16:49:31.729 19291 19393 W FileUtils: Failed to chmod(/data/user/0/com.tencent.android.qqdownloader/app_plugin_dex_cache): android.system.ErrnoException: chmod failed: EACCES (Permission denied)
11-27 16:49:31.729 19291 19393 W FileUtils: Failed to chmod(/data/user/0/com.tencent.android.qqdownloader/app_plugin): android.system.ErrnoException: chmod failed: EACCES (Permission denied)
11-27 16:49:37.642 19291 19407 W FileUtils: Failed to chmod(/data/user/0/com.tencent.android.qqdownloader/app_plugin): android.system.ErrnoException: chmod failed: EACCES (Permission denied)
11-27 16:49:37.642 19291 19407 W FileUtils: Failed to chmod(/data/user/0/com.tencent.android.qqdownloader/app_plugin): android.system.ErrnoException: chmod failed: EACCES (Permission denied)
11-27 16:49:37.642 19291 19407 W FileUtils: Failed to chmod(/data/user/0/com.tencent.android.qqdownloader/app_plugin_dex_cache): android.system.ErrnoException: chmod failed: EACCES (Permission denied)
11-27 16:49:37.644 19291 19407 W FileUtils: Failed to chmod(/data/user/0/com.tencent.android.qqdownloader/app_plugin): android.system.ErrnoException: chmod failed: EACCES (Permission denied)
11-27 16:49:38.150 19291 19405 W FileUtils: Failed to chmod(/data/user/0/com.tencent.android.qqdownloader/app_plugin): android.system.ErrnoException: chmod failed: EACCES (Permission denied)
11-27 16:49:38.151 19291 19405 W FileUtils: Failed to chmod(/data/user/0/com.tencent.android.qqdownloader/app_plugin): android.system.ErrnoException: chmod failed: EACCES (Permission denied)
11-27 16:49:38.151 19291 19405 W FileUtils: Failed to chmod(/data/user/0/com.tencent.android.qqdownloader/app_plugin_dex_cache): android.system.ErrnoException: chmod failed: EACCES (Permission denied)
11-27 16:49:38.152 19291 19405 W FileUtils: Failed to chmod(/data/user/0/com.tencent.android.qqdownloader/app_plugin): android.system.ErrnoException: chmod failed: EACCES (Permission denied)
11-27 16:49:38.610 19291 19402 W FileUtils: Failed to chmod(/data/user/0/com.tencent.android.qqdownloader/app_plugin): android.system.ErrnoException: chmod failed: EACCES (Permission denied)
11-27 16:49:38.611 19291 19402 W FileUtils: Failed to chmod(/data/user/0/com.tencent.android.qqdownloader/app_plugin): android.system.ErrnoException: chmod failed: EACCES (Permission denied)
11-27 16:49:38.611 19291 19402 W FileUtils: Failed to chmod(/data/user/0/com.tencent.android.qqdownloader/app_plugin_dex_cache): android.system.ErrnoException: chmod failed: EACCES (Permission denied)
11-27 16:49:38.612 19291 19402 W FileUtils: Failed to chmod(/data/user/0/com.tencent.android.qqdownloader/app_plugin): android.system.ErrnoException: chmod failed: EACCES (Permission denied)
11-27 16:49:39.085 19291 19398 W FileUtils: Failed to chmod(/data/user/0/com.tencent.android.qqdownloader/app_plugin): android.system.ErrnoException: chmod failed: EACCES (Permission denied)
11-27 16:49:39.086 19291 19398 W FileUtils: Failed to chmod(/data/user/0/com.tencent.android.qqdownloader/app_plugin): android.system.ErrnoException: chmod failed: EACCES (Permission denied)
11-27 16:49:39.087 19291 19398 W FileUtils: Failed to chmod(/data/user/0/com.tencent.android.qqdownloader/app_plugin_dex_cache): android.system.ErrnoException: chmod failed: EACCES (Permission denied)
11-27 16:49:39.087 19291 19398 W FileUtils: Failed to chmod(/data/user/0/com.tencent.android.qqdownloader/app_plugin): android.system.ErrnoException: chmod failed: EACCES (Permission denied)
11-27 16:49:40.200 19291 19402 W FileUtils: Failed to chmod(/data/user/0/com.tencent.android.qqdownloader/app_plugin): android.system.ErrnoException: chmod failed: EACCES (Permission denied)
11-27 16:49:40.200 19291 19402 W FileUtils: Failed to chmod(/data/user/0/com.tencent.android.qqdownloader/app_plugin): android.system.ErrnoException: chmod failed: EACCES (Permission denied)
11-27 16:49:40.201 19291 19402 W FileUtils: Failed to chmod(/data/user/0/com.tencent.android.qqdownloader/app_plugin_dex_cache): android.system.ErrnoException: chmod failed: EACCES (Permission denied)
11-27 16:49:40.201 19291 19402 W FileUtils: Failed to chmod(/data/user/0/com.tencent.android.qqdownloader/app_plugin): android.system.ErrnoException: chmod failed: EACCES (Permission denied)
11-27 16:49:41.617 19291 19398 W FileUtils: Failed to chmod(/data/user/0/com.tencent.android.qqdownloader/app_plugin): android.system.ErrnoException: chmod failed: EACCES (Permission denied)
11-27 16:49:41.617 19291 19398 W FileUtils: Failed to chmod(/data/user/0/com.tencent.android.qqdownloader/app_plugin): android.system.ErrnoException: chmod failed: EACCES (Permission denied)
11-27 16:49:41.618 19291 19398 W FileUtils: Failed to chmod(/data/user/0/com.tencent.android.qqdownloader/app_plugin_dex_cache): android.system.ErrnoException: chmod failed: EACCES (Permission denied)
11-27 16:49:41.618 19291 19398 W FileUtils: Failed to chmod(/data/user/0/com.tencent.android.qqdownloader/app_plugin): android.system.ErrnoException: chmod failed: EACCES (Permission denied)
11-27 16:49:42.963   885  9985 I chatty  : uid=1000(system) Binder:885_1C expire 3 lines
11-27 16:49:43.060 19291 19407 W FileUtils: Failed to chmod(/data/user/0/com.tencent.android.qqdownloader/app_plugin): android.system.ErrnoException: chmod failed: EACCES (Permission denied)
11-27 16:49:43.061 19291 19407 W FileUtils: Failed to chmod(/data/user/0/com.tencent.android.qqdownloader/app_plugin): android.system.ErrnoException: chmod failed: EACCES (Permission denied)
11-27 16:49:43.061 19291 19407 W FileUtils: Failed to chmod(/data/user/0/com.tencent.android.qqdownloader/app_plugin_dex_cache): android.system.ErrnoException: chmod failed: EACCES (Permission denied)
11-27 16:49:43.061 19291 19407 W FileUtils: Failed to chmod(/data/user/0/com.tencent.android.qqdownloader/app_plugin): android.system.ErrnoException: chmod failed: EACCES (Permission denied)
11-27 16:49:44.035 19291 19397 W FileUtils: Failed to chmod(/data/user/0/com.tencent.android.qqdownloader/app_plugin): android.system.ErrnoException: chmod failed: EACCES (Permission denied)
11-27 16:49:44.036 19291 19397 W FileUtils: Failed to chmod(/data/user/0/com.tencent.android.qqdownloader/app_plugin): android.system.ErrnoException: chmod failed: EACCES (Permission denied)
11-27 16:49:44.046 19291 19397 W FileUtils: Failed to chmod(/data/user/0/com.tencent.android.qqdownloader/app_plugin_dex_cache): android.system.ErrnoException: chmod failed: EACCES (Permission denied)
11-27 16:49:44.047 19291 19397 W FileUtils: Failed to chmod(/data/user/0/com.tencent.android.qqdownloader/app_plugin): android.system.ErrnoException: chmod failed: EACCES (Permission denied)
11-27 16:49:44.353 19291 19407 W FileUtils: Failed to chmod(/data/user/0/com.tencent.android.qqdownloader/app_plugin): android.system.ErrnoException: chmod failed: EACCES (Permission denied)
11-27 16:49:44.353 19291 19407 W FileUtils: Failed to chmod(/data/user/0/com.tencent.android.qqdownloader/app_plugin): android.system.ErrnoException: chmod failed: EACCES (Permission denied)
11-27 16:49:44.354 19291 19407 W FileUtils: Failed to chmod(/data/user/0/com.tencent.android.qqdownloader/app_plugin_dex_cache): android.system.ErrnoException: chmod failed: EACCES (Permission denied)
11-27 16:49:44.354 19291 19407 W FileUtils: Failed to chmod(/data/user/0/com.tencent.android.qqdownloader/app_plugin): android.system.ErrnoException: chmod failed: EACCES (Permission denied)
11-27 16:49:47.433 19291 19405 W FileUtils: Failed to chmod(/data/user/0/com.tencent.android.qqdownloader/app_plugin): android.system.ErrnoException: chmod failed: EACCES (Permission denied)
11-27 16:49:47.433 19291 19405 W FileUtils: Failed to chmod(/data/user/0/com.tencent.android.qqdownloader/app_plugin): android.system.ErrnoException: chmod failed: EACCES (Permission denied)
11-27 16:49:47.434 19291 19405 W FileUtils: Failed to chmod(/data/user/0/com.tencent.android.qqdownloader/app_plugin_dex_cache): android.system.ErrnoException: chmod failed: EACCES (Permission denied)
11-27 16:49:47.434 19291 19405 W FileUtils: Failed to chmod(/data/user/0/com.tencent.android.qqdownloader/app_plugin): android.system.ErrnoException: chmod failed: EACCES (Permission denied)
11-27 16:49:51.003 19291 19393 W FileUtils: Failed to chmod(/data/user/0/com.tencent.android.qqdownloader/app_plugin): android.system.ErrnoException: chmod failed: EACCES (Permission denied)
11-27 16:49:51.004 19291 19393 W FileUtils: Failed to chmod(/data/user/0/com.tencent.android.qqdownloader/app_plugin): android.system.ErrnoException: chmod failed: EACCES (Permission denied)
11-27 16:49:51.007 19291 19393 W FileUtils: Failed to chmod(/data/user/0/com.tencent.android.qqdownloader/app_plugin_dex_cache): android.system.ErrnoException: chmod failed: EACCES (Permission denied)
11-27 16:49:51.008 19291 19393 W FileUtils: Failed to chmod(/data/user/0/com.tencent.android.qqdownloader/app_plugin): android.system.ErrnoException: chmod failed: EACCES (Permission denied)
11-27 16:49:51.520 19291 19405 W FileUtils: Failed to chmod(/data/user/0/com.tencent.android.qqdownloader/app_plugin): android.system.ErrnoException: chmod failed: EACCES (Permission denied)
11-27 16:49:51.520 19291 19405 W FileUtils: Failed to chmod(/data/user/0/com.tencent.android.qqdownloader/app_plugin): android.system.ErrnoException: chmod failed: EACCES (Permission denied)
11-27 16:49:51.521 19291 19405 W FileUtils: Failed to chmod(/data/user/0/com.tencent.android.qqdownloader/app_plugin_dex_cache): android.system.ErrnoException: chmod failed: EACCES (Permission denied)
11-27 16:49:51.521 19291 19405 W FileUtils: Failed to chmod(/data/user/0/com.tencent.android.qqdownloader/app_plugin): android.system.ErrnoException: chmod failed: EACCES (Permission denied)
11-27 16:49:51.823 19291 19397 W FileUtils: Failed to chmod(/data/user/0/com.tencent.android.qqdownloader/app_plugin): android.system.ErrnoException: chmod failed: EACCES (Permission denied)
11-27 16:49:51.823 19291 19397 W FileUtils: Failed to chmod(/data/user/0/com.tencent.android.qqdownloader/app_plugin): android.system.ErrnoException: chmod failed: EACCES (Permission denied)
11-27 16:49:51.824 19291 19397 W FileUtils: Failed to chmod(/data/user/0/com.tencent.android.qqdownloader/app_plugin_dex_cache): android.system.ErrnoException: chmod failed: EACCES (Permission denied)
11-27 16:49:51.824 19291 19397 W FileUtils: Failed to chmod(/data/user/0/com.tencent.android.qqdownloader/app_plugin): android.system.ErrnoException: chmod failed: EACCES (Permission denied)
11-27 16:50:02.251 19291 19402 W FileUtils: Failed to chmod(/data/user/0/com.tencent.android.qqdownloader/app_plugin): android.system.ErrnoException: chmod failed: EACCES (Permission denied)
11-27 16:50:02.251 19291 19402 W FileUtils: Failed to chmod(/data/user/0/com.tencent.android.qqdownloader/app_plugin): android.system.ErrnoException: chmod failed: EACCES (Permission denied)
11-27 16:50:02.252 19291 19402 W FileUtils: Failed to chmod(/data/user/0/com.tencent.android.qqdownloader/app_plugin_dex_cache): android.system.ErrnoException: chmod failed: EACCES (Permission denied)
11-27 16:50:02.252 19291 19402 W FileUtils: Failed to chmod(/data/user/0/com.tencent.android.qqdownloader/app_plugin): android.system.ErrnoException: chmod failed: EACCES (Permission denied)
11-27 16:50:03.369 20731 20731 I PackageParser: com.UCMobile: compat added android.permission.WRITE_EXTERNAL_STORAGE android.permission.READ_PHONE_STATE
11-27 16:50:14.530  2538 20841 W PackageParser: Ignoring duplicate uses-permissions/uses-permissions-sdk-m: android.permission.READ_EXTERNAL_STORAGE in package: com.tencent.wifimanager at: Binary XML file line #9
11-27 16:50:14.530  2538 20841 W PackageParser: Unknown element under <manifest>: meta-data at /storage/emulated/0/tencent/tassistant/apk/com.tencent.wifimanager_164.apk Binary XML file line #10
11-27 16:50:14.531  2538 20841 W PackageParser: Ignoring duplicate uses-permissions/uses-permissions-sdk-m: android.permission.WRITE_SYNC_SETTINGS in package: com.tencent.wifimanager at: Binary XML file line #99
11-27 16:50:14.596  2538 20841 W PackageParser: Ignoring duplicate uses-permissions/uses-permissions-sdk-m: android.permission.READ_EXTERNAL_STORAGE in package: com.tencent.wifimanager at: Binary XML file line #9
11-27 16:50:14.596  2538 20841 W PackageParser: Unknown element under <manifest>: meta-data at /storage/emulated/0/tencent/tassistant/apk/com.tencent.wifimanager_164.apk Binary XML file line #10
11-27 16:50:14.598  2538 20841 W PackageParser: Ignoring duplicate uses-permissions/uses-permissions-sdk-m: android.permission.WRITE_SYNC_SETTINGS in package: com.tencent.wifimanager at: Binary XML file line #99
11-27 16:50:14.662  2538 20841 W PackageParser: Ignoring duplicate uses-permissions/uses-permissions-sdk-m: android.permission.ACCESS_WIFI_STATE in package: com.pingan.paces.ccms at: Binary XML file line #10
11-27 16:50:14.662  2538 20841 W PackageParser: Ignoring duplicate uses-permissions/uses-permissions-sdk-m: android.permission.KILL_BACKGROUND_PROCESSES in package: com.pingan.paces.ccms at: Binary XML file line #40
11-27 16:50:14.663  2538 20841 W PackageParser: Unknown element under <manifest>: supports-gl-texture at /storage/emulated/0/tencent/tassistant/apk/com.pingan.paces.ccms_4252.apk Binary XML file line #57
11-27 16:50:14.663  2538 20841 W PackageParser: Unknown element under <manifest>: supports-gl-texture at /storage/emulated/0/tencent/tassistant/apk/com.pingan.paces.ccms_4252.apk Binary XML file line #58
11-27 16:50:14.673  2538 20841 W PackageParser: No actions in intent filter at /storage/emulated/0/tencent/tassistant/apk/com.pingan.paces.ccms_4252.apk Binary XML file line #518
11-27 16:50:14.794  2538 20841 W PackageParser: Ignoring duplicate uses-permissions/uses-permissions-sdk-m: android.permission.ACCESS_WIFI_STATE in package: com.pingan.paces.ccms at: Binary XML file line #10
11-27 16:50:14.795  2538 20841 W PackageParser: Ignoring duplicate uses-permissions/uses-permissions-sdk-m: android.permission.KILL_BACKGROUND_PROCESSES in package: com.pingan.paces.ccms at: Binary XML file line #40
11-27 16:50:14.795  2538 20841 W PackageParser: Unknown element under <manifest>: supports-gl-texture at /storage/emulated/0/tencent/tassistant/apk/com.pingan.paces.ccms_4252.apk Binary XML file line #57
11-27 16:50:14.795  2538 20841 W PackageParser: Unknown element under <manifest>: supports-gl-texture at /storage/emulated/0/tencent/tassistant/apk/com.pingan.paces.ccms_4252.apk Binary XML file line #58
11-27 16:50:14.803  2538 20841 W PackageParser: No actions in intent filter at /storage/emulated/0/tencent/tassistant/apk/com.pingan.paces.ccms_4252.apk Binary XML file line #518
11-27 16:50:14.838  2538 20841 W PackageParser: Ignoring duplicate uses-permissions/uses-permissions-sdk-m: android.permission.DOWNLOAD_WITHOUT_NOTIFICATION in package: com.ldzs.zhangxin at: Binary XML file line #-1
11-27 16:50:14.838  2538 20841 W PackageParser: Ignoring duplicate uses-permissions/uses-permissions-sdk-m: android.permission.VIBRATE in package: com.ldzs.zhangxin at: Binary XML file line #-1
11-27 16:50:14.838  2538 20841 W PackageParser: Ignoring duplicate uses-permissions/uses-permissions-sdk-m: android.permission.RECEIVE_BOOT_COMPLETED in package: com.ldzs.zhangxin at: Binary XML file line #-1
11-27 16:50:14.845  2538 20841 W PackageParser: No actions in intent filter at /storage/emulated/0/tencent/tassistant/apk/com.ldzs.zhangxin_568.apk Binary XML file line #-1
11-27 16:50:14.870  2538 20841 W PackageParser: Ignoring duplicate uses-permissions/uses-permissions-sdk-m: android.permission.DOWNLOAD_WITHOUT_NOTIFICATION in package: com.ldzs.zhangxin at: Binary XML file line #-1
11-27 16:50:14.870  2538 20841 W PackageParser: Ignoring duplicate uses-permissions/uses-permissions-sdk-m: android.permission.VIBRATE in package: com.ldzs.zhangxin at: Binary XML file line #-1
11-27 16:50:14.870  2538 20841 W PackageParser: Ignoring duplicate uses-permissions/uses-permissions-sdk-m: android.permission.RECEIVE_BOOT_COMPLETED in package: com.ldzs.zhangxin at: Binary XML file line #-1
11-27 16:50:14.875  2538 20841 W PackageParser: No actions in intent filter at /storage/emulated/0/tencent/tassistant/apk/com.ldzs.zhangxin_568.apk Binary XML file line #-1
11-27 16:50:14.942  2538 20841 W PackageParser: No actions in intent filter at /storage/emulated/0/tencent/tassistant/apk/com.tencent.qqlive_20412.apk Binary XML file line #690
11-27 16:50:15.011  2538 20841 W PackageParser: No actions in intent filter at /storage/emulated/0/tencent/tassistant/apk/com.tencent.qqlive_20412.apk Binary XML file line #690
11-27 16:50:34.390   885  1318 I chatty  : uid=1000(system) InputReader expire 2 lines
11-27 16:50:34.392   885  1317 I chatty  : uid=1000(system) InputDispatcher expire 18 lines
11-27 16:50:40.084   885  9982 I chatty  : uid=1000(system) Binder:885_1B expire 7 lines
11-27 16:50:40.086   885  1388 I chatty  : uid=1000(system) ConnectivitySer expire 5 lines
11-27 16:50:40.326   885  1123 I chatty  : uid=1000(system) ActivityManager expire 15 lines
11-27 16:50:41.571   885  2063 I chatty  : uid=1000(system) Binder:885_6 expire 2 lines
11-27 16:50:41.903   885  1126 I chatty  : uid=1000(system) ActivityManager expire 10 lines
11-27 16:50:49.169   885  6150 I chatty  : uid=1000(system) Binder:885_17 expire 4 lines
11-27 16:50:49.178   885  4107 I chatty  : uid=1000(system) Binder:885_13 expire 6 lines
11-27 16:50:56.078   885   895 I chatty  : uid=1000(system) Binder:885_1 expire 1 line
11-27 16:50:56.108   885  2107 I chatty  : uid=1000(system) Binder:885_8 expire 13 lines
11-27 16:50:56.142   885  2953 I chatty  : uid=1000(system) Binder:885_C expire 1 line
11-27 16:50:56.599   885  2960 I chatty  : uid=1000(system) Binder:885_D expire 4 lines
11-27 16:50:57.362 21893 21893 E LoadedApk: Unable to instantiate appComponentFactory
11-27 16:50:57.362 21893 21893 E LoadedApk: java.lang.ClassNotFoundException: Didn't find class "android.support.v4.app.CoreComponentFactory" on path: DexPathList[[zip file "/system/framework/org.apache.http.legacy.boot.jar", zip file "/data/app/com.cashtoutiao-x4qsj9p058ppb5qaX7bX6A==/base.apk"],nativeLibraryDirectories=[/data/app/com.cashtoutiao-x4qsj9p058ppb5qaX7bX6A==/lib/arm, /data/app/com.cashtoutiao-x4qsj9p058ppb5qaX7bX6A==/base.apk!/lib/armeabi-v7a, /system/lib]]
11-27 16:50:57.362 21893 21893 E LoadedApk: 	at dalvik.system.BaseDexClassLoader.findClass(BaseDexClassLoader.java:134)
11-27 16:50:57.362 21893 21893 E LoadedApk: 	at java.lang.ClassLoader.loadClass(ClassLoader.java:379)
11-27 16:50:57.362 21893 21893 E LoadedApk: 	at java.lang.ClassLoader.loadClass(ClassLoader.java:312)
11-27 16:50:57.362 21893 21893 E LoadedApk: 	at android.app.LoadedApk.createAppFactory(LoadedApk.java:226)
11-27 16:50:57.362 21893 21893 E LoadedApk: 	at android.app.LoadedApk.createOrUpdateClassLoaderLocked(LoadedApk.java:731)
11-27 16:50:57.362 21893 21893 E LoadedApk: 	at android.app.LoadedApk.getClassLoader(LoadedApk.java:810)
11-27 16:50:57.362 21893 21893 E LoadedApk: 	at android.app.LoadedApk.getResources(LoadedApk.java:1032)
11-27 16:50:57.362 21893 21893 E LoadedApk: 	at android.app.ContextImpl.createAppContext(ContextImpl.java:2345)
11-27 16:50:57.362 21893 21893 E LoadedApk: 	at android.app.ActivityThread.handleBindApplication(ActivityThread.java:5798)
11-27 16:50:57.362 21893 21893 E LoadedApk: 	at android.app.ActivityThread.access$1100(ActivityThread.java:200)
11-27 16:50:57.362 21893 21893 E LoadedApk: 	at android.app.ActivityThread$H.handleMessage(ActivityThread.java:1656)
11-27 16:50:57.362 21893 21893 E LoadedApk: 	at android.os.Handler.dispatchMessage(Handler.java:106)
11-27 16:50:57.362 21893 21893 E LoadedApk: 	at android.os.Looper.loop(Looper.java:193)
11-27 16:50:57.362 21893 21893 E LoadedApk: 	at android.app.ActivityThread.main(ActivityThread.java:6718)
11-27 16:50:57.362 21893 21893 E LoadedApk: 	at java.lang.reflect.Method.invoke(Native Method)
11-27 16:50:57.362 21893 21893 E LoadedApk: 	at com.android.internal.os.RuntimeInit$MethodAndArgsCaller.run(RuntimeInit.java:493)
11-27 16:50:57.362 21893 21893 E LoadedApk: 	at com.android.internal.os.ZygoteInit.main(ZygoteInit.java:858)
11-27 16:50:57.448  1871  1871 V DeadZone: consuming errant click: (471.0,4.0)
11-27 16:50:57.448  1871  1871 V DeadZone: consuming errant click: (471.0,4.0)
11-27 16:50:57.759   885  2952 I chatty  : uid=1000(system) Binder:885_B expire 4 lines
11-27 16:50:58.187   885  1126 I chatty  : uid=1000(system) ActivityManager expire 7 lines
11-27 16:50:58.221 22062 22062 E LoadedApk: Unable to instantiate appComponentFactory
11-27 16:50:58.221 22062 22062 E LoadedApk: java.lang.ClassNotFoundException: Didn't find class "android.support.v4.app.CoreComponentFactory" on path: DexPathList[[zip file "/system/framework/org.apache.http.legacy.boot.jar", zip file "/data/app/com.cashtoutiao-x4qsj9p058ppb5qaX7bX6A==/base.apk"],nativeLibraryDirectories=[/data/app/com.cashtoutiao-x4qsj9p058ppb5qaX7bX6A==/lib/arm, /data/app/com.cashtoutiao-x4qsj9p058ppb5qaX7bX6A==/base.apk!/lib/armeabi-v7a, /system/lib]]
11-27 16:50:58.221 22062 22062 E LoadedApk: 	at dalvik.system.BaseDexClassLoader.findClass(BaseDexClassLoader.java:134)
11-27 16:50:58.221 22062 22062 E LoadedApk: 	at java.lang.ClassLoader.loadClass(ClassLoader.java:379)
11-27 16:50:58.221 22062 22062 E LoadedApk: 	at java.lang.ClassLoader.loadClass(ClassLoader.java:312)
11-27 16:50:58.221 22062 22062 E LoadedApk: 	at android.app.LoadedApk.createAppFactory(LoadedApk.java:226)
11-27 16:50:58.221 22062 22062 E LoadedApk: 	at android.app.LoadedApk.createOrUpdateClassLoaderLocked(LoadedApk.java:731)
11-27 16:50:58.221 22062 22062 E LoadedApk: 	at android.app.LoadedApk.getClassLoader(LoadedApk.java:810)
11-27 16:50:58.221 22062 22062 E LoadedApk: 	at android.app.LoadedApk.getResources(LoadedApk.java:1032)
11-27 16:50:58.221 22062 22062 E LoadedApk: 	at android.app.ContextImpl.createAppContext(ContextImpl.java:2345)
11-27 16:50:58.221 22062 22062 E LoadedApk: 	at android.app.ActivityThread.handleBindApplication(ActivityThread.java:5798)
11-27 16:50:58.221 22062 22062 E LoadedApk: 	at android.app.ActivityThread.access$1100(ActivityThread.java:200)
11-27 16:50:58.221 22062 22062 E LoadedApk: 	at android.app.ActivityThread$H.handleMessage(ActivityThread.java:1656)
11-27 16:50:58.221 22062 22062 E LoadedApk: 	at android.os.Handler.dispatchMessage(Handler.java:106)
11-27 16:50:58.221 22062 22062 E LoadedApk: 	at android.os.Looper.loop(Looper.java:193)
11-27 16:50:58.221 22062 22062 E LoadedApk: 	at android.app.ActivityThread.main(ActivityThread.java:6718)
11-27 16:50:58.221 22062 22062 E LoadedApk: 	at java.lang.reflect.Method.invoke(Native Method)
11-27 16:50:58.221 22062 22062 E LoadedApk: 	at com.android.internal.os.RuntimeInit$MethodAndArgsCaller.run(RuntimeInit.java:493)
11-27 16:50:58.221 22062 22062 E LoadedApk: 	at com.android.internal.os.ZygoteInit.main(ZygoteInit.java:858)
11-27 16:50:58.999  1871  1871 V DeadZone: consuming errant click: (14.0,41.0)
11-27 16:50:58.999  1871  1871 V DeadZone: consuming errant click: (14.0,41.0)
11-27 16:51:00.449   885  9977 I chatty  : uid=1000(system) Binder:885_1A expire 5 lines
11-27 16:51:00.549   885  9993 I chatty  : uid=1000(system) Binder:885_20 expire 1 line
11-27 16:51:00.983 22175 22259 E ActivityThread: Failed to find provider info for com.vivo.push.sdk.service.SystemPushConfig
11-27 16:51:01.024 22175 22259 E ActivityThread: Failed to find provider info for com.vivo.push.sdk.service.SystemPushConfig
11-27 16:51:01.496   885  1274 I chatty  : uid=1000(system) Binder:885_3 expire 3 lines
11-27 16:51:03.625   885  1318 I chatty  : uid=1000(system) InputReader expire 8 lines
11-27 16:51:04.736   885   885 I chatty  : uid=1000 system_server expire 6 lines
11-27 16:51:08.326   885  2107 I chatty  : uid=1000(system) Binder:885_8 expire 12 lines
11-27 16:51:08.725   885  1123 I chatty  : uid=1000(system) ActivityManager expire 29 lines
11-27 16:51:11.701   885  2952 I chatty  : uid=1000(system) Binder:885_B expire 3 lines
11-27 16:51:11.779   885  1126 I chatty  : uid=1000(system) ActivityManager expire 4 lines
11-27 16:51:12.448   885  9977 I chatty  : uid=1000(system) Binder:885_1A expire 3 lines
11-27 16:51:13.232   885  1318 I chatty  : uid=1000(system) InputReader expire 2 lines
11-27 16:51:13.232   885  1317 I chatty  : uid=1000(system) InputDispatcher expire 4 lines
11-27 16:51:14.613   885  2969 I chatty  : uid=1000(system) Binder:885_E expire 6 lines
11-27 16:51:18.775   885  1274 I chatty  : uid=1000(system) Binder:885_3 expire 5 lines
11-27 16:51:20.086   885  1388 I chatty  : uid=1000(system) ConnectivitySer expire 4 lines
11-27 16:51:35.118   885  6150 I chatty  : uid=1000(system) Binder:885_17 expire 13 lines
11-27 16:51:37.115   885  9988 I chatty  : uid=1000(system) Binder:885_1E expire 2 lines
11-27 16:51:37.115   885  2974 I chatty  : uid=1000(system) Binder:885_10 expire 1 line
11-27 16:51:38.221 23376 23376 E ActivityThread: Failed to find provider info for com.tencent.mm.coolassist.debugprovider
11-27 16:51:40.282   885  2313 I chatty  : uid=1000(system) Binder:885_A expire 7 lines
11-27 16:51:48.988   885  1123 I chatty  : uid=1000(system) ActivityManager expire 8 lines
11-27 16:52:00.785   885  2960 I chatty  : uid=1000(system) Binder:885_D expire 4 lines
11-27 16:52:00.907   885  2063 I chatty  : uid=1000(system) Binder:885_6 expire 1 line
11-27 16:52:00.945   885  1864 I chatty  : uid=1000(system) Binder:885_5 expire 1 line
11-27 16:52:17.546   885  2107 I chatty  : uid=1000(system) Binder:885_8 expire 9 lines
11-27 16:52:25.640   885  1117 I chatty  : uid=1000(system) android.bg expire 2 lines
11-27 16:52:27.421   885  1123 I chatty  : uid=1000(system) ActivityManager expire 59 lines
11-27 16:52:27.437   885  9982 I chatty  : uid=1000(system) Binder:885_1B expire 3 lines
11-27 16:52:38.000  1871  1871 V DeadZone: consuming errant click: (546.0,2.0)
11-27 16:52:38.001  1871  1871 V DeadZone: consuming errant click: (546.0,2.0)
11-27 16:52:53.203   885  2313 I chatty  : uid=1000(system) Binder:885_A expire 6 lines
11-27 16:53:29.191   885  9985 I chatty  : uid=1000(system) Binder:885_1C expire 2 lines
11-27 16:54:05.208   885  1126 I chatty  : uid=1000(system) ActivityManager expire 2 lines
11-27 16:54:10.174   885  1163 I chatty  : uid=1000(system) PowerManagerSer expire 9 lines
11-27 16:54:10.175   885   885 I chatty  : uid=1000 system_server expire 8 lines
11-27 16:54:10.226   885  1156 I chatty  : uid=1000(system) android.fg expire 4 lines
11-27 16:54:10.773   885  1144 I chatty  : uid=1000(system) batterystats-wo expire 2 lines
11-27 16:54:10.846   885  1158 I chatty  : uid=1000(system) android.display expire 3 lines
11-27 16:54:10.868  1135  1419 D QMI_FW  : chen-screen off: is_screen_off = 1 
11-27 16:54:10.869  1159  1518 D QMI_FW  : chen-screen off: is_screen_off = 1 
11-27 16:54:15.263   885  2960 I chatty  : uid=1000(system) Binder:885_D expire 4 lines
11-27 16:54:15.616   885  6150 I chatty  : uid=1000(system) Binder:885_17 expire 3 lines
11-27 16:54:25.361  1871  1871 W FingerprintManager: Invalid acquired message: 6, 0
11-27 16:54:26.602  1871  1871 W FingerprintManager: Invalid acquired message: 6, 0
11-27 16:54:26.829  1135  1419 D QMI_FW  : chen-screen on: is_screen_off = 0 
11-27 16:54:26.832  1159  1518 D QMI_FW  : chen-screen on: is_screen_off = 0 
11-27 16:54:26.865   885  2969 I chatty  : uid=1000(system) Binder:885_E expire 4 lines
11-27 16:54:26.883   885  2973 I chatty  : uid=1000(system) Binder:885_F expire 4 lines
11-27 16:54:26.891   885  2974 I chatty  : uid=1000(system) Binder:885_10 expire 1 line
11-27 16:54:26.916   885  9977 I chatty  : uid=1000(system) Binder:885_1A expire 2 lines
11-27 16:54:37.267   885  1317 I chatty  : uid=1000(system) InputDispatcher expire 2 lines
11-27 16:56:17.644   885  1163 I chatty  : uid=1000(system) PowerManagerSer expire 7 lines
11-27 16:56:17.645   885   885 I chatty  : uid=1000 system_server expire 4 lines
11-27 16:56:18.113   885  1144 I chatty  : uid=1000(system) batterystats-wo expire 3 lines
11-27 16:56:18.135   885  1158 I chatty  : uid=1000(system) android.display expire 2 lines
11-27 16:56:18.156  1159  1518 D QMI_FW  : chen-screen off: is_screen_off = 1 
11-27 16:56:18.157  1135  1419 D QMI_FW  : chen-screen off: is_screen_off = 1 
11-27 16:56:18.348   885  1156 I chatty  : uid=1000(system) android.fg expire 1 line
11-27 16:56:19.786   885  1388 I chatty  : uid=1000(system) ConnectivitySer expire 3 lines
11-27 16:56:22.689   885  2973 I chatty  : uid=1000(system) Binder:885_F expire 4 lines
11-27 16:56:33.698   885  1123 I chatty  : uid=1000(system) ActivityManager expire 5 lines
11-27 16:56:42.500   885  6150 I chatty  : uid=1000(system) Binder:885_17 expire 1 line
11-27 16:57:18.221   885  4117 I chatty  : uid=1000(system) Binder:885_14 expire 2 lines
11-27 16:57:18.221   885  1849 I chatty  : uid=1000(system) Binder:885_4 expire 1 line
11-27 16:57:18.221   885  2974 I chatty  : uid=1000(system) Binder:885_10 expire 1 line
11-27 16:57:43.140   885  1123 I chatty  : uid=1000(system) ActivityManager expire 2 lines
11-27 16:57:43.151   885  2973 I chatty  : uid=1000(system) Binder:885_F expire 1 line
11-27 16:57:54.721   885  1123 I chatty  : uid=1000(system) ActivityManager expire 1 line
11-27 16:58:42.709   885  1275 I chatty  : uid=1000(system) AlarmManager expire 2 lines
11-27 16:58:50.491   885  1123 I chatty  : uid=1000(system) ActivityManager expire 1 line
11-27 16:58:50.502   885  9993 I chatty  : uid=1000(system) Binder:885_20 expire 1 line
11-27 16:59:30.657   885  1126 I chatty  : uid=1000(system) ActivityManager expire 2 lines
11-27 16:59:30.664  1135  1419 D QMI_FW  : chen-screen on: is_screen_off = 0 
11-27 16:59:30.674  1159  1518 D QMI_FW  : chen-screen on: is_screen_off = 0 
11-27 16:59:31.011   885  1849 I chatty  : uid=1000(system) Binder:885_4 expire 2 lines
11-27 16:59:31.042   885  2973 I chatty  : uid=1000(system) Binder:885_F expire 1 line
11-27 16:59:31.096   885  2952 I chatty  : uid=1000(system) Binder:885_B expire 1 line
11-27 16:59:31.097   885  2969 I chatty  : uid=1000(system) Binder:885_E expire 1 line
11-27 16:59:31.098   885  1388 I chatty  : uid=1000(system) ConnectivitySer expire 1 line
11-27 16:59:49.504   885  1864 I chatty  : uid=1000(system) Binder:885_5 expire 2 lines
11-27 17:00:00.007   885  1123 I chatty  : uid=1000(system) ActivityManager expire 1 line
11-27 17:00:00.018   885  1864 I chatty  : uid=1000(system) Binder:885_5 expire 1 line
11-27 17:00:35.322   885  1275 I chatty  : uid=1000(system) AlarmManager expire 1 line
11-27 17:00:41.821   885   895 I chatty  : uid=1000(system) Binder:885_1 expire 1 line
11-27 17:00:41.824   885  1123 I chatty  : uid=1000(system) ActivityManager expire 2 lines
11-27 17:01:15.133   885  2969 I chatty  : uid=1000(system) Binder:885_E expire 1 line
11-27 17:01:25.706   885  1123 I chatty  : uid=1000(system) ActivityManager expire 2 lines
11-27 17:01:35.435   885  1117 I chatty  : uid=1000(system) android.bg expire 1 line
11-27 17:01:35.903   885  1388 I chatty  : uid=1000(system) ConnectivitySer expire 1 line
11-27 17:01:36.217   885  3532 I chatty  : uid=1000(system) Binder:885_11 expire 3 lines
11-27 17:02:25.710   885  1123 I chatty  : uid=1000(system) ActivityManager expire 5 lines
11-27 17:03:43.212   885  2969 I chatty  : uid=1000(system) Binder:885_E expire 1 line
11-27 17:04:05.349   885  1144 I chatty  : uid=1000(system) batterystats-wo expire 1 line
11-27 17:04:58.742   885  2313 I chatty  : uid=1000(system) Binder:885_A expire 1 line
11-27 17:06:00.007   885  1123 I chatty  : uid=1000(system) ActivityManager expire 1 line
11-27 17:06:00.018   885   895 I chatty  : uid=1000(system) Binder:885_1 expire 1 line
11-27 17:06:18.323   885  1126 I chatty  : uid=1000(system) ActivityManager expire 1 line
11-27 17:06:35.767   885  1123 I chatty  : uid=1000(system) ActivityManager expire 2 lines
11-27 17:06:41.820   885  2082 I chatty  : uid=1000(system) Binder:885_7 expire 2 lines
11-27 17:06:41.861   885   895 I chatty  : uid=1000(system) Binder:885_1 expire 1 line
11-27 17:06:42.908   885  1126 I chatty  : uid=1000(system) ActivityManager expire 1 line
11-27 17:06:43.784   885  1123 I chatty  : uid=1000(system) ActivityManager expire 1 line
11-27 17:06:43.786   885  2082 I chatty  : uid=1000(system) Binder:885_7 expire 2 lines
11-27 17:06:43.861   885  2313 I chatty  : uid=1000(system) Binder:885_A expire 1 line
11-27 17:06:44.909   885  1126 I chatty  : uid=1000(system) ActivityManager expire 1 line
11-27 17:06:45.249   885  4107 I chatty  : uid=1000(system) Binder:885_13 expire 2 lines
11-27 17:06:47.702   885  2082 I chatty  : uid=1000(system) Binder:885_7 expire 1 line
11-27 17:06:51.855   885  1123 I chatty  : uid=1000(system) ActivityManager expire 3 lines
11-27 17:07:18.191   885   895 I chatty  : uid=1000(system) Binder:885_1 expire 1 line
11-27 17:08:04.168   885  1123 I chatty  : uid=1000(system) ActivityManager expire 4 lines
11-27 17:08:24.002   885  4107 I chatty  : uid=1000(system) Binder:885_13 expire 1 line
11-27 17:08:24.048   885  1144 I chatty  : uid=1000(system) batterystats-wo expire 1 line
11-27 17:09:02.112   885  1126 I chatty  : uid=1000(system) ActivityManager expire 1 line
11-27 17:09:03.282   885  2063 I chatty  : uid=1000(system) Binder:885_6 expire 1 line
11-27 17:09:03.283   885  1123 I chatty  : uid=1000(system) ActivityManager expire 5 lines
11-27 17:09:24.176   885  1126 I chatty  : uid=1000(system) ActivityManager expire 2 lines
11-27 17:09:24.230   885  2063 I chatty  : uid=1000(system) Binder:885_6 expire 1 line
11-27 17:09:24.355   885  9992 I chatty  : uid=1000(system) Binder:885_1F expire 10 lines
11-27 17:09:30.676   885  1126 I chatty  : uid=1000(system) ActivityManager expire 14 lines
11-27 17:09:30.758   885  2063 I chatty  : uid=1000(system) Binder:885_6 expire 3 lines
11-27 17:09:31.237   885  2082 I chatty  : uid=1000(system) Binder:885_7 expire 7 lines
11-27 17:09:31.407 26033 26033 E ActivityThread: Failed to find provider info for com.vivo.push.sdk.service.SystemPushConfig
11-27 17:09:31.605 26033 26221 W PackageParser: Ignoring duplicate uses-permissions/uses-permissions-sdk-m: android.permission.INTERNET in package: com.tencent.weread at: Binary XML file line #23
11-27 17:09:31.605 26033 26221 W PackageParser: Ignoring duplicate uses-permissions/uses-permissions-sdk-m: android.permission.ACCESS_NETWORK_STATE in package: com.tencent.weread at: Binary XML file line #24
11-27 17:09:31.605 26033 26221 W PackageParser: Ignoring duplicate uses-permissions/uses-permissions-sdk-m: android.permission.ACCESS_WIFI_STATE in package: com.tencent.weread at: Binary XML file line #25
11-27 17:09:31.605 26033 26221 W PackageParser: Ignoring duplicate uses-permissions/uses-permissions-sdk-m: android.permission.READ_PHONE_STATE in package: com.tencent.weread at: Binary XML file line #26
11-27 17:09:31.605 26033 26221 W PackageParser: Ignoring duplicate uses-permissions/uses-permissions-sdk-m: android.permission.GET_TASKS in package: com.tencent.weread at: Binary XML file line #27
11-27 17:09:31.606 26033 26221 W PackageParser: Ignoring duplicate uses-permissions/uses-permissions-sdk-m: android.permission.INTERNET in package: com.tencent.weread at: Binary XML file line #35
11-27 17:09:31.606 26033 26221 W PackageParser: Ignoring duplicate uses-permissions/uses-permissions-sdk-m: android.permission.WRITE_EXTERNAL_STORAGE in package: com.tencent.weread at: Binary XML file line #36
